Command line invocation:
    /Applications/Xcode.app/Contents/Developer/usr/bin/xcodebuild -project GymBo.xcodeproj -scheme GymTracker -sdk iphoneos -destination generic/platform=iOS clean build

Build settings from command line:
    SDKROOT = iphoneos26.0

CreateBuildRequest

SendProjectDescription

CreateBuildOperation

** CLEAN SUCCEEDED **

ComputePackagePrebuildTargetDependencyGraph

Prepare packages

CreateBuildRequest

SendProjectDescription

CreateBuildOperation

ComputeTargetDependencyGraph
note: Building targets in dependency order
note: Target dependency graph (2 targets)
    Target 'GymBo' in project 'GymBo'
        ➜ Explicit dependency on target 'WorkoutWidgetsExtension' in project 'GymBo'
    Target 'WorkoutWidgetsExtension' in project 'GymBo' (no dependencies)

GatherProvisioningInputs

CreateBuildDescription

ExecuteExternalTool /Applications/Xcode.app/Contents/Developer/Toolchains/XcodeDefault.xctoolchain/usr/bin/clang -v -E -dM -isysroot /Applications/Xcode.app/Contents/Developer/Platforms/iPhoneOS.platform/Developer/SDKs/iPhoneOS26.0.sdk -x c -c /dev/null

ExecuteExternalTool /Applications/Xcode.app/Contents/Developer/usr/bin/actool --version --output-format xml1

ExecuteExternalTool /Applications/Xcode.app/Contents/Developer/usr/bin/actool --print-asset-tag-combinations --output-format xml1 /Users/benkohler/projekte/gym-app/GymTracker/Preview Content/Preview Assets.xcassets /Users/benkohler/projekte/gym-app/GymTracker/Assets.xcassets

ExecuteExternalTool /Applications/Xcode.app/Contents/Developer/Toolchains/XcodeDefault.xctoolchain/usr/bin/swiftc --version

ExecuteExternalTool /Applications/Xcode.app/Contents/Developer/Toolchains/XcodeDefault.xctoolchain/usr/bin/ld -version_details

Build description signature: affc33bef1c9608886052d474bf71803
Build description path: /Users/benkohler/Library/Developer/Xcode/DerivedData/GymBo-dvwcdxgmvblbpbeitnwmqoicwfbl/Build/Intermediates.noindex/XCBuildData/affc33bef1c9608886052d474bf71803.xcbuilddata
ClangStatCache /Applications/Xcode.app/Contents/Developer/Toolchains/XcodeDefault.xctoolchain/usr/bin/clang-stat-cache /Applications/Xcode.app/Contents/Developer/Platforms/iPhoneOS.platform/Developer/SDKs/iPhoneOS26.0.sdk /Users/benkohler/Library/Developer/Xcode/DerivedData/SDKStatCaches.noindex/iphoneos26.0-23A339-81ce72e5b06c9602b9d30b56f2eed08a.sdkstatcache
    cd /Users/benkohler/projekte/gym-app/GymBo.xcodeproj
    /Applications/Xcode.app/Contents/Developer/Toolchains/XcodeDefault.xctoolchain/usr/bin/clang-stat-cache /Applications/Xcode.app/Contents/Developer/Platforms/iPhoneOS.platform/Developer/SDKs/iPhoneOS26.0.sdk -o /Users/benkohler/Library/Developer/Xcode/DerivedData/SDKStatCaches.noindex/iphoneos26.0-23A339-81ce72e5b06c9602b9d30b56f2eed08a.sdkstatcache

CreateBuildDirectory /Users/benkohler/Library/Developer/Xcode/DerivedData/GymBo-dvwcdxgmvblbpbeitnwmqoicwfbl/Build/Products
    cd /Users/benkohler/projekte/gym-app/GymBo.xcodeproj
    builtin-create-build-directory /Users/benkohler/Library/Developer/Xcode/DerivedData/GymBo-dvwcdxgmvblbpbeitnwmqoicwfbl/Build/Products

CreateBuildDirectory /Users/benkohler/Library/Developer/Xcode/DerivedData/GymBo-dvwcdxgmvblbpbeitnwmqoicwfbl/Build/Intermediates.noindex
    cd /Users/benkohler/projekte/gym-app/GymBo.xcodeproj
    builtin-create-build-directory /Users/benkohler/Library/Developer/Xcode/DerivedData/GymBo-dvwcdxgmvblbpbeitnwmqoicwfbl/Build/Intermediates.noindex

CreateBuildDirectory /Users/benkohler/Library/Developer/Xcode/DerivedData/GymBo-dvwcdxgmvblbpbeitnwmqoicwfbl/Build/Intermediates.noindex/SwiftExplicitPrecompiledModules
    cd /Users/benkohler/projekte/gym-app/GymBo.xcodeproj
    builtin-create-build-directory /Users/benkohler/Library/Developer/Xcode/DerivedData/GymBo-dvwcdxgmvblbpbeitnwmqoicwfbl/Build/Intermediates.noindex/SwiftExplicitPrecompiledModules

CreateBuildDirectory /Users/benkohler/Library/Developer/Xcode/DerivedData/GymBo-dvwcdxgmvblbpbeitnwmqoicwfbl/Build/Intermediates.noindex/ExplicitPrecompiledModules
    cd /Users/benkohler/projekte/gym-app/GymBo.xcodeproj
    builtin-create-build-directory /Users/benkohler/Library/Developer/Xcode/DerivedData/GymBo-dvwcdxgmvblbpbeitnwmqoicwfbl/Build/Intermediates.noindex/ExplicitPrecompiledModules

CreateBuildDirectory /Users/benkohler/Library/Developer/Xcode/DerivedData/GymBo-dvwcdxgmvblbpbeitnwmqoicwfbl/Build/Intermediates.noindex/EagerLinkingTBDs/Debug-iphoneos
    cd /Users/benkohler/projekte/gym-app/GymBo.xcodeproj
    builtin-create-build-directory /Users/benkohler/Library/Developer/Xcode/DerivedData/GymBo-dvwcdxgmvblbpbeitnwmqoicwfbl/Build/Intermediates.noindex/EagerLinkingTBDs/Debug-iphoneos

WriteAuxiliaryFile /Users/benkohler/Library/Developer/Xcode/DerivedData/GymBo-dvwcdxgmvblbpbeitnwmqoicwfbl/Build/Intermediates.noindex/GymBo.build/Debug-iphoneos/GymBo-4fe714ac451a210ea807a1f792429ab9-VFS-iphoneos/all-product-headers.yaml
    cd /Users/benkohler/projekte/gym-app/GymBo.xcodeproj
    write-file /Users/benkohler/Library/Developer/Xcode/DerivedData/GymBo-dvwcdxgmvblbpbeitnwmqoicwfbl/Build/Intermediates.noindex/GymBo.build/Debug-iphoneos/GymBo-4fe714ac451a210ea807a1f792429ab9-VFS-iphoneos/all-product-headers.yaml

CreateBuildDirectory /Users/benkohler/Library/Developer/Xcode/DerivedData/GymBo-dvwcdxgmvblbpbeitnwmqoicwfbl/Build/Products/Debug-iphoneos
    cd /Users/benkohler/projekte/gym-app/GymBo.xcodeproj
    builtin-create-build-directory /Users/benkohler/Library/Developer/Xcode/DerivedData/GymBo-dvwcdxgmvblbpbeitnwmqoicwfbl/Build/Products/Debug-iphoneos

WriteAuxiliaryFile /Users/benkohler/Library/Developer/Xcode/DerivedData/GymBo-dvwcdxgmvblbpbeitnwmqoicwfbl/Build/Intermediates.noindex/GymBo.build/Debug-iphoneos/WorkoutWidgetsExtension.build/WorkoutWidgetsExtension.hmap (in target 'WorkoutWidgetsExtension' from project 'GymBo')
    cd /Users/benkohler/projekte/gym-app
    write-file /Users/benkohler/Library/Developer/Xcode/DerivedData/GymBo-dvwcdxgmvblbpbeitnwmqoicwfbl/Build/Intermediates.noindex/GymBo.build/Debug-iphoneos/WorkoutWidgetsExtension.build/WorkoutWidgetsExtension.hmap

WriteAuxiliaryFile /Users/benkohler/Library/Developer/Xcode/DerivedData/GymBo-dvwcdxgmvblbpbeitnwmqoicwfbl/Build/Intermediates.noindex/GymBo.build/Debug-iphoneos/WorkoutWidgetsExtension.build/WorkoutWidgetsExtension.DependencyStaticMetadataFileList (in target 'WorkoutWidgetsExtension' from project 'GymBo')
    cd /Users/benkohler/projekte/gym-app
    write-file /Users/benkohler/Library/Developer/Xcode/DerivedData/GymBo-dvwcdxgmvblbpbeitnwmqoicwfbl/Build/Intermediates.noindex/GymBo.build/Debug-iphoneos/WorkoutWidgetsExtension.build/WorkoutWidgetsExtension.DependencyStaticMetadataFileList

WriteAuxiliaryFile /Users/benkohler/Library/Developer/Xcode/DerivedData/GymBo-dvwcdxgmvblbpbeitnwmqoicwfbl/Build/Intermediates.noindex/GymBo.build/Debug-iphoneos/WorkoutWidgetsExtension.build/WorkoutWidgetsExtension.DependencyMetadataFileList (in target 'WorkoutWidgetsExtension' from project 'GymBo')
    cd /Users/benkohler/projekte/gym-app
    write-file /Users/benkohler/Library/Developer/Xcode/DerivedData/GymBo-dvwcdxgmvblbpbeitnwmqoicwfbl/Build/Intermediates.noindex/GymBo.build/Debug-iphoneos/WorkoutWidgetsExtension.build/WorkoutWidgetsExtension.DependencyMetadataFileList

WriteAuxiliaryFile /Users/benkohler/Library/Developer/Xcode/DerivedData/GymBo-dvwcdxgmvblbpbeitnwmqoicwfbl/Build/Intermediates.noindex/GymBo.build/Debug-iphoneos/WorkoutWidgetsExtension.build/WorkoutWidgetsExtension-project-headers.hmap (in target 'WorkoutWidgetsExtension' from project 'GymBo')
    cd /Users/benkohler/projekte/gym-app
    write-file /Users/benkohler/Library/Developer/Xcode/DerivedData/GymBo-dvwcdxgmvblbpbeitnwmqoicwfbl/Build/Intermediates.noindex/GymBo.build/Debug-iphoneos/WorkoutWidgetsExtension.build/WorkoutWidgetsExtension-project-headers.hmap

WriteAuxiliaryFile /Users/benkohler/Library/Developer/Xcode/DerivedData/GymBo-dvwcdxgmvblbpbeitnwmqoicwfbl/Build/Intermediates.noindex/GymBo.build/Debug-iphoneos/WorkoutWidgetsExtension.build/WorkoutWidgetsExtension-own-target-headers.hmap (in target 'WorkoutWidgetsExtension' from project 'GymBo')
    cd /Users/benkohler/projekte/gym-app
    write-file /Users/benkohler/Library/Developer/Xcode/DerivedData/GymBo-dvwcdxgmvblbpbeitnwmqoicwfbl/Build/Intermediates.noindex/GymBo.build/Debug-iphoneos/WorkoutWidgetsExtension.build/WorkoutWidgetsExtension-own-target-headers.hmap

WriteAuxiliaryFile /Users/benkohler/Library/Developer/Xcode/DerivedData/GymBo-dvwcdxgmvblbpbeitnwmqoicwfbl/Build/Intermediates.noindex/GymBo.build/Debug-iphoneos/WorkoutWidgetsExtension.build/WorkoutWidgetsExtension-generated-files.hmap (in target 'WorkoutWidgetsExtension' from project 'GymBo')
    cd /Users/benkohler/projekte/gym-app
    write-file /Users/benkohler/Library/Developer/Xcode/DerivedData/GymBo-dvwcdxgmvblbpbeitnwmqoicwfbl/Build/Intermediates.noindex/GymBo.build/Debug-iphoneos/WorkoutWidgetsExtension.build/WorkoutWidgetsExtension-generated-files.hmap

WriteAuxiliaryFile /Users/benkohler/Library/Developer/Xcode/DerivedData/GymBo-dvwcdxgmvblbpbeitnwmqoicwfbl/Build/Intermediates.noindex/GymBo.build/Debug-iphoneos/GymBo.build/Objects-normal/arm64/GymBo_const_extract_protocols.json (in target 'GymBo' from project 'GymBo')
    cd /Users/benkohler/projekte/gym-app
    write-file /Users/benkohler/Library/Developer/Xcode/DerivedData/GymBo-dvwcdxgmvblbpbeitnwmqoicwfbl/Build/Intermediates.noindex/GymBo.build/Debug-iphoneos/GymBo.build/Objects-normal/arm64/GymBo_const_extract_protocols.json

WriteAuxiliaryFile /Users/benkohler/Library/Developer/Xcode/DerivedData/GymBo-dvwcdxgmvblbpbeitnwmqoicwfbl/Build/Intermediates.noindex/GymBo.build/Debug-iphoneos/WorkoutWidgetsExtension.build/WorkoutWidgetsExtension-all-target-headers.hmap (in target 'WorkoutWidgetsExtension' from project 'GymBo')
    cd /Users/benkohler/projekte/gym-app
    write-file /Users/benkohler/Library/Developer/Xcode/DerivedData/GymBo-dvwcdxgmvblbpbeitnwmqoicwfbl/Build/Intermediates.noindex/GymBo.build/Debug-iphoneos/WorkoutWidgetsExtension.build/WorkoutWidgetsExtension-all-target-headers.hmap

WriteAuxiliaryFile /Users/benkohler/Library/Developer/Xcode/DerivedData/GymBo-dvwcdxgmvblbpbeitnwmqoicwfbl/Build/Intermediates.noindex/GymBo.build/Debug-iphoneos/WorkoutWidgetsExtension.build/WorkoutWidgetsExtension-all-non-framework-target-headers.hmap (in target 'WorkoutWidgetsExtension' from project 'GymBo')
    cd /Users/benkohler/projekte/gym-app
    write-file /Users/benkohler/Library/Developer/Xcode/DerivedData/GymBo-dvwcdxgmvblbpbeitnwmqoicwfbl/Build/Intermediates.noindex/GymBo.build/Debug-iphoneos/WorkoutWidgetsExtension.build/WorkoutWidgetsExtension-all-non-framework-target-headers.hmap

WriteAuxiliaryFile /Users/benkohler/Library/Developer/Xcode/DerivedData/GymBo-dvwcdxgmvblbpbeitnwmqoicwfbl/Build/Intermediates.noindex/GymBo.build/Debug-iphoneos/WorkoutWidgetsExtension.build/WorkoutWidgetsExtension-DebugEntryPoint-normal-arm64.txt (in target 'WorkoutWidgetsExtension' from project 'GymBo')
    cd /Users/benkohler/projekte/gym-app
    write-file /Users/benkohler/Library/Developer/Xcode/DerivedData/GymBo-dvwcdxgmvblbpbeitnwmqoicwfbl/Build/Intermediates.noindex/GymBo.build/Debug-iphoneos/WorkoutWidgetsExtension.build/WorkoutWidgetsExtension-DebugEntryPoint-normal-arm64.txt

WriteAuxiliaryFile /Users/benkohler/Library/Developer/Xcode/DerivedData/GymBo-dvwcdxgmvblbpbeitnwmqoicwfbl/Build/Intermediates.noindex/GymBo.build/Debug-iphoneos/WorkoutWidgetsExtension.build/WorkoutWidgetsExtension-DebugDylibPath-normal-arm64.txt (in target 'WorkoutWidgetsExtension' from project 'GymBo')
    cd /Users/benkohler/projekte/gym-app
    write-file /Users/benkohler/Library/Developer/Xcode/DerivedData/GymBo-dvwcdxgmvblbpbeitnwmqoicwfbl/Build/Intermediates.noindex/GymBo.build/Debug-iphoneos/WorkoutWidgetsExtension.build/WorkoutWidgetsExtension-DebugDylibPath-normal-arm64.txt

WriteAuxiliaryFile /Users/benkohler/Library/Developer/Xcode/DerivedData/GymBo-dvwcdxgmvblbpbeitnwmqoicwfbl/Build/Intermediates.noindex/GymBo.build/Debug-iphoneos/WorkoutWidgetsExtension.build/WorkoutWidgetsExtension-DebugDylibInstallName-normal-arm64.txt (in target 'WorkoutWidgetsExtension' from project 'GymBo')
    cd /Users/benkohler/projekte/gym-app
    write-file /Users/benkohler/Library/Developer/Xcode/DerivedData/GymBo-dvwcdxgmvblbpbeitnwmqoicwfbl/Build/Intermediates.noindex/GymBo.build/Debug-iphoneos/WorkoutWidgetsExtension.build/WorkoutWidgetsExtension-DebugDylibInstallName-normal-arm64.txt

WriteAuxiliaryFile /Users/benkohler/Library/Developer/Xcode/DerivedData/GymBo-dvwcdxgmvblbpbeitnwmqoicwfbl/Build/Intermediates.noindex/GymBo.build/Debug-iphoneos/WorkoutWidgetsExtension.build/Objects-normal/arm64/WorkoutWidgetsExtension_const_extract_protocols.json (in target 'WorkoutWidgetsExtension' from project 'GymBo')
    cd /Users/benkohler/projekte/gym-app
    write-file /Users/benkohler/Library/Developer/Xcode/DerivedData/GymBo-dvwcdxgmvblbpbeitnwmqoicwfbl/Build/Intermediates.noindex/GymBo.build/Debug-iphoneos/WorkoutWidgetsExtension.build/Objects-normal/arm64/WorkoutWidgetsExtension_const_extract_protocols.json

WriteAuxiliaryFile /Users/benkohler/Library/Developer/Xcode/DerivedData/GymBo-dvwcdxgmvblbpbeitnwmqoicwfbl/Build/Intermediates.noindex/GymBo.build/Debug-iphoneos/WorkoutWidgetsExtension.build/Objects-normal/arm64/WorkoutWidgetsExtension.SwiftFileList (in target 'WorkoutWidgetsExtension' from project 'GymBo')
    cd /Users/benkohler/projekte/gym-app
    write-file /Users/benkohler/Library/Developer/Xcode/DerivedData/GymBo-dvwcdxgmvblbpbeitnwmqoicwfbl/Build/Intermediates.noindex/GymBo.build/Debug-iphoneos/WorkoutWidgetsExtension.build/Objects-normal/arm64/WorkoutWidgetsExtension.SwiftFileList

WriteAuxiliaryFile /Users/benkohler/Library/Developer/Xcode/DerivedData/GymBo-dvwcdxgmvblbpbeitnwmqoicwfbl/Build/Intermediates.noindex/GymBo.build/Debug-iphoneos/WorkoutWidgetsExtension.build/Objects-normal/arm64/WorkoutWidgetsExtension.SwiftConstValuesFileList (in target 'WorkoutWidgetsExtension' from project 'GymBo')
    cd /Users/benkohler/projekte/gym-app
    write-file /Users/benkohler/Library/Developer/Xcode/DerivedData/GymBo-dvwcdxgmvblbpbeitnwmqoicwfbl/Build/Intermediates.noindex/GymBo.build/Debug-iphoneos/WorkoutWidgetsExtension.build/Objects-normal/arm64/WorkoutWidgetsExtension.SwiftConstValuesFileList

WriteAuxiliaryFile /Users/benkohler/Library/Developer/Xcode/DerivedData/GymBo-dvwcdxgmvblbpbeitnwmqoicwfbl/Build/Intermediates.noindex/GymBo.build/Debug-iphoneos/WorkoutWidgetsExtension.build/Objects-normal/arm64/WorkoutWidgetsExtension.LinkFileList (in target 'WorkoutWidgetsExtension' from project 'GymBo')
    cd /Users/benkohler/projekte/gym-app
    write-file /Users/benkohler/Library/Developer/Xcode/DerivedData/GymBo-dvwcdxgmvblbpbeitnwmqoicwfbl/Build/Intermediates.noindex/GymBo.build/Debug-iphoneos/WorkoutWidgetsExtension.build/Objects-normal/arm64/WorkoutWidgetsExtension.LinkFileList

WriteAuxiliaryFile /Users/benkohler/Library/Developer/Xcode/DerivedData/GymBo-dvwcdxgmvblbpbeitnwmqoicwfbl/Build/Intermediates.noindex/GymBo.build/Debug-iphoneos/WorkoutWidgetsExtension.build/Objects-normal/arm64/WorkoutWidgetsExtension-OutputFileMap.json (in target 'WorkoutWidgetsExtension' from project 'GymBo')
    cd /Users/benkohler/projekte/gym-app
    write-file /Users/benkohler/Library/Developer/Xcode/DerivedData/GymBo-dvwcdxgmvblbpbeitnwmqoicwfbl/Build/Intermediates.noindex/GymBo.build/Debug-iphoneos/WorkoutWidgetsExtension.build/Objects-normal/arm64/WorkoutWidgetsExtension-OutputFileMap.json

WriteAuxiliaryFile /Users/benkohler/Library/Developer/Xcode/DerivedData/GymBo-dvwcdxgmvblbpbeitnwmqoicwfbl/Build/Intermediates.noindex/GymBo.build/Debug-iphoneos/WorkoutWidgetsExtension.build/DerivedSources/Entitlements.plist (in target 'WorkoutWidgetsExtension' from project 'GymBo')
    cd /Users/benkohler/projekte/gym-app
    write-file /Users/benkohler/Library/Developer/Xcode/DerivedData/GymBo-dvwcdxgmvblbpbeitnwmqoicwfbl/Build/Intermediates.noindex/GymBo.build/Debug-iphoneos/WorkoutWidgetsExtension.build/DerivedSources/Entitlements.plist

WriteAuxiliaryFile /Users/benkohler/Library/Developer/Xcode/DerivedData/GymBo-dvwcdxgmvblbpbeitnwmqoicwfbl/Build/Intermediates.noindex/GymBo.build/Debug-iphoneos/GymBo.build/Objects-normal/arm64/GymBo.SwiftFileList (in target 'GymBo' from project 'GymBo')
    cd /Users/benkohler/projekte/gym-app
    write-file /Users/benkohler/Library/Developer/Xcode/DerivedData/GymBo-dvwcdxgmvblbpbeitnwmqoicwfbl/Build/Intermediates.noindex/GymBo.build/Debug-iphoneos/GymBo.build/Objects-normal/arm64/GymBo.SwiftFileList

WriteAuxiliaryFile /Users/benkohler/Library/Developer/Xcode/DerivedData/GymBo-dvwcdxgmvblbpbeitnwmqoicwfbl/Build/Intermediates.noindex/GymBo.build/Debug-iphoneos/GymBo.build/Objects-normal/arm64/GymBo.SwiftConstValuesFileList (in target 'GymBo' from project 'GymBo')
    cd /Users/benkohler/projekte/gym-app
    write-file /Users/benkohler/Library/Developer/Xcode/DerivedData/GymBo-dvwcdxgmvblbpbeitnwmqoicwfbl/Build/Intermediates.noindex/GymBo.build/Debug-iphoneos/GymBo.build/Objects-normal/arm64/GymBo.SwiftConstValuesFileList

WriteAuxiliaryFile /Users/benkohler/Library/Developer/Xcode/DerivedData/GymBo-dvwcdxgmvblbpbeitnwmqoicwfbl/Build/Intermediates.noindex/GymBo.build/Debug-iphoneos/GymBo.build/Objects-normal/arm64/GymBo.LinkFileList (in target 'GymBo' from project 'GymBo')
    cd /Users/benkohler/projekte/gym-app
    write-file /Users/benkohler/Library/Developer/Xcode/DerivedData/GymBo-dvwcdxgmvblbpbeitnwmqoicwfbl/Build/Intermediates.noindex/GymBo.build/Debug-iphoneos/GymBo.build/Objects-normal/arm64/GymBo.LinkFileList

WriteAuxiliaryFile /Users/benkohler/Library/Developer/Xcode/DerivedData/GymBo-dvwcdxgmvblbpbeitnwmqoicwfbl/Build/Intermediates.noindex/GymBo.build/Debug-iphoneos/GymBo.build/Objects-normal/arm64/GymBo-OutputFileMap.json (in target 'GymBo' from project 'GymBo')
    cd /Users/benkohler/projekte/gym-app
    write-file /Users/benkohler/Library/Developer/Xcode/DerivedData/GymBo-dvwcdxgmvblbpbeitnwmqoicwfbl/Build/Intermediates.noindex/GymBo.build/Debug-iphoneos/GymBo.build/Objects-normal/arm64/GymBo-OutputFileMap.json

WriteAuxiliaryFile /Users/benkohler/Library/Developer/Xcode/DerivedData/GymBo-dvwcdxgmvblbpbeitnwmqoicwfbl/Build/Intermediates.noindex/GymBo.build/Debug-iphoneos/GymBo.build/GymBo.hmap (in target 'GymBo' from project 'GymBo')
    cd /Users/benkohler/projekte/gym-app
    write-file /Users/benkohler/Library/Developer/Xcode/DerivedData/GymBo-dvwcdxgmvblbpbeitnwmqoicwfbl/Build/Intermediates.noindex/GymBo.build/Debug-iphoneos/GymBo.build/GymBo.hmap

WriteAuxiliaryFile /Users/benkohler/Library/Developer/Xcode/DerivedData/GymBo-dvwcdxgmvblbpbeitnwmqoicwfbl/Build/Intermediates.noindex/GymBo.build/Debug-iphoneos/GymBo.build/GymBo.DependencyStaticMetadataFileList (in target 'GymBo' from project 'GymBo')
    cd /Users/benkohler/projekte/gym-app
    write-file /Users/benkohler/Library/Developer/Xcode/DerivedData/GymBo-dvwcdxgmvblbpbeitnwmqoicwfbl/Build/Intermediates.noindex/GymBo.build/Debug-iphoneos/GymBo.build/GymBo.DependencyStaticMetadataFileList

WriteAuxiliaryFile /Users/benkohler/Library/Developer/Xcode/DerivedData/GymBo-dvwcdxgmvblbpbeitnwmqoicwfbl/Build/Intermediates.noindex/GymBo.build/Debug-iphoneos/GymBo.build/GymBo.DependencyMetadataFileList (in target 'GymBo' from project 'GymBo')
    cd /Users/benkohler/projekte/gym-app
    write-file /Users/benkohler/Library/Developer/Xcode/DerivedData/GymBo-dvwcdxgmvblbpbeitnwmqoicwfbl/Build/Intermediates.noindex/GymBo.build/Debug-iphoneos/GymBo.build/GymBo.DependencyMetadataFileList

WriteAuxiliaryFile /Users/benkohler/Library/Developer/Xcode/DerivedData/GymBo-dvwcdxgmvblbpbeitnwmqoicwfbl/Build/Intermediates.noindex/GymBo.build/Debug-iphoneos/GymBo.build/GymBo-project-headers.hmap (in target 'GymBo' from project 'GymBo')
    cd /Users/benkohler/projekte/gym-app
    write-file /Users/benkohler/Library/Developer/Xcode/DerivedData/GymBo-dvwcdxgmvblbpbeitnwmqoicwfbl/Build/Intermediates.noindex/GymBo.build/Debug-iphoneos/GymBo.build/GymBo-project-headers.hmap

WriteAuxiliaryFile /Users/benkohler/Library/Developer/Xcode/DerivedData/GymBo-dvwcdxgmvblbpbeitnwmqoicwfbl/Build/Intermediates.noindex/GymBo.build/Debug-iphoneos/GymBo.build/GymBo-own-target-headers.hmap (in target 'GymBo' from project 'GymBo')
    cd /Users/benkohler/projekte/gym-app
    write-file /Users/benkohler/Library/Developer/Xcode/DerivedData/GymBo-dvwcdxgmvblbpbeitnwmqoicwfbl/Build/Intermediates.noindex/GymBo.build/Debug-iphoneos/GymBo.build/GymBo-own-target-headers.hmap

WriteAuxiliaryFile /Users/benkohler/Library/Developer/Xcode/DerivedData/GymBo-dvwcdxgmvblbpbeitnwmqoicwfbl/Build/Intermediates.noindex/GymBo.build/Debug-iphoneos/GymBo.build/GymBo-generated-files.hmap (in target 'GymBo' from project 'GymBo')
    cd /Users/benkohler/projekte/gym-app
    write-file /Users/benkohler/Library/Developer/Xcode/DerivedData/GymBo-dvwcdxgmvblbpbeitnwmqoicwfbl/Build/Intermediates.noindex/GymBo.build/Debug-iphoneos/GymBo.build/GymBo-generated-files.hmap

WriteAuxiliaryFile /Users/benkohler/Library/Developer/Xcode/DerivedData/GymBo-dvwcdxgmvblbpbeitnwmqoicwfbl/Build/Intermediates.noindex/GymBo.build/Debug-iphoneos/GymBo.build/GymBo-all-target-headers.hmap (in target 'GymBo' from project 'GymBo')
    cd /Users/benkohler/projekte/gym-app
    write-file /Users/benkohler/Library/Developer/Xcode/DerivedData/GymBo-dvwcdxgmvblbpbeitnwmqoicwfbl/Build/Intermediates.noindex/GymBo.build/Debug-iphoneos/GymBo.build/GymBo-all-target-headers.hmap

WriteAuxiliaryFile /Users/benkohler/Library/Developer/Xcode/DerivedData/GymBo-dvwcdxgmvblbpbeitnwmqoicwfbl/Build/Intermediates.noindex/GymBo.build/Debug-iphoneos/GymBo.build/GymBo-all-non-framework-target-headers.hmap (in target 'GymBo' from project 'GymBo')
    cd /Users/benkohler/projekte/gym-app
    write-file /Users/benkohler/Library/Developer/Xcode/DerivedData/GymBo-dvwcdxgmvblbpbeitnwmqoicwfbl/Build/Intermediates.noindex/GymBo.build/Debug-iphoneos/GymBo.build/GymBo-all-non-framework-target-headers.hmap

WriteAuxiliaryFile /Users/benkohler/Library/Developer/Xcode/DerivedData/GymBo-dvwcdxgmvblbpbeitnwmqoicwfbl/Build/Intermediates.noindex/GymBo.build/Debug-iphoneos/GymBo.build/GymBo-DebugDylibPath-normal-arm64.txt (in target 'GymBo' from project 'GymBo')
    cd /Users/benkohler/projekte/gym-app
    write-file /Users/benkohler/Library/Developer/Xcode/DerivedData/GymBo-dvwcdxgmvblbpbeitnwmqoicwfbl/Build/Intermediates.noindex/GymBo.build/Debug-iphoneos/GymBo.build/GymBo-DebugDylibPath-normal-arm64.txt

WriteAuxiliaryFile /Users/benkohler/Library/Developer/Xcode/DerivedData/GymBo-dvwcdxgmvblbpbeitnwmqoicwfbl/Build/Intermediates.noindex/GymBo.build/Debug-iphoneos/GymBo.build/GymBo-DebugDylibInstallName-normal-arm64.txt (in target 'GymBo' from project 'GymBo')
    cd /Users/benkohler/projekte/gym-app
    write-file /Users/benkohler/Library/Developer/Xcode/DerivedData/GymBo-dvwcdxgmvblbpbeitnwmqoicwfbl/Build/Intermediates.noindex/GymBo.build/Debug-iphoneos/GymBo.build/GymBo-DebugDylibInstallName-normal-arm64.txt

WriteAuxiliaryFile /Users/benkohler/Library/Developer/Xcode/DerivedData/GymBo-dvwcdxgmvblbpbeitnwmqoicwfbl/Build/Intermediates.noindex/GymBo.build/Debug-iphoneos/GymBo.build/DerivedSources/Entitlements.plist (in target 'GymBo' from project 'GymBo')
    cd /Users/benkohler/projekte/gym-app
    write-file /Users/benkohler/Library/Developer/Xcode/DerivedData/GymBo-dvwcdxgmvblbpbeitnwmqoicwfbl/Build/Intermediates.noindex/GymBo.build/Debug-iphoneos/GymBo.build/DerivedSources/Entitlements.plist

MkDir /Users/benkohler/Library/Developer/Xcode/DerivedData/GymBo-dvwcdxgmvblbpbeitnwmqoicwfbl/Build/Products/Debug-iphoneos/WorkoutWidgetsExtension.appex (in target 'WorkoutWidgetsExtension' from project 'GymBo')
    cd /Users/benkohler/projekte/gym-app
    /bin/mkdir -p /Users/benkohler/Library/Developer/Xcode/DerivedData/GymBo-dvwcdxgmvblbpbeitnwmqoicwfbl/Build/Products/Debug-iphoneos/WorkoutWidgetsExtension.appex

MkDir /Users/benkohler/Library/Developer/Xcode/DerivedData/GymBo-dvwcdxgmvblbpbeitnwmqoicwfbl/Build/Products/Debug-iphoneos/GymBo.app/PlugIns (in target 'GymBo' from project 'GymBo')
    cd /Users/benkohler/projekte/gym-app
    /bin/mkdir -p /Users/benkohler/Library/Developer/Xcode/DerivedData/GymBo-dvwcdxgmvblbpbeitnwmqoicwfbl/Build/Products/Debug-iphoneos/GymBo.app/PlugIns

MkDir /Users/benkohler/Library/Developer/Xcode/DerivedData/GymBo-dvwcdxgmvblbpbeitnwmqoicwfbl/Build/Products/Debug-iphoneos/GymBo.app (in target 'GymBo' from project 'GymBo')
    cd /Users/benkohler/projekte/gym-app
    /bin/mkdir -p /Users/benkohler/Library/Developer/Xcode/DerivedData/GymBo-dvwcdxgmvblbpbeitnwmqoicwfbl/Build/Products/Debug-iphoneos/GymBo.app

ProcessProductPackaging /Users/benkohler/Library/Developer/Xcode/UserData/Provisioning\ Profiles/54a7bf81-6eaf-42d5-b260-ff8133c9ee49.mobileprovision /Users/benkohler/Library/Developer/Xcode/DerivedData/GymBo-dvwcdxgmvblbpbeitnwmqoicwfbl/Build/Products/Debug-iphoneos/WorkoutWidgetsExtension.appex/embedded.mobileprovision (in target 'WorkoutWidgetsExtension' from project 'GymBo')
    cd /Users/benkohler/projekte/gym-app
    builtin-productPackagingUtility /Users/benkohler/Library/Developer/Xcode/UserData/Provisioning\ Profiles/54a7bf81-6eaf-42d5-b260-ff8133c9ee49.mobileprovision -o /Users/benkohler/Library/Developer/Xcode/DerivedData/GymBo-dvwcdxgmvblbpbeitnwmqoicwfbl/Build/Products/Debug-iphoneos/WorkoutWidgetsExtension.appex/embedded.mobileprovision

ProcessProductPackaging "" /Users/benkohler/Library/Developer/Xcode/DerivedData/GymBo-dvwcdxgmvblbpbeitnwmqoicwfbl/Build/Intermediates.noindex/GymBo.build/Debug-iphoneos/WorkoutWidgetsExtension.build/WorkoutWidgetsExtension.appex.xcent (in target 'WorkoutWidgetsExtension' from project 'GymBo')
    cd /Users/benkohler/projekte/gym-app
    
    Entitlements:
    
    {
    "application-identifier" = "5N2YD2P2G5.com.example.GymTracker.WorkoutWidgets";
    "com.apple.developer.team-identifier" = 5N2YD2P2G5;
    "get-task-allow" = 1;
}
    
    builtin-productPackagingUtility -entitlements -format xml -o /Users/benkohler/Library/Developer/Xcode/DerivedData/GymBo-dvwcdxgmvblbpbeitnwmqoicwfbl/Build/Intermediates.noindex/GymBo.build/Debug-iphoneos/WorkoutWidgetsExtension.build/WorkoutWidgetsExtension.appex.xcent

ProcessProductPackagingDER /Users/benkohler/Library/Developer/Xcode/DerivedData/GymBo-dvwcdxgmvblbpbeitnwmqoicwfbl/Build/Intermediates.noindex/GymBo.build/Debug-iphoneos/WorkoutWidgetsExtension.build/WorkoutWidgetsExtension.appex.xcent /Users/benkohler/Library/Developer/Xcode/DerivedData/GymBo-dvwcdxgmvblbpbeitnwmqoicwfbl/Build/Intermediates.noindex/GymBo.build/Debug-iphoneos/WorkoutWidgetsExtension.build/WorkoutWidgetsExtension.appex.xcent.der (in target 'WorkoutWidgetsExtension' from project 'GymBo')
    cd /Users/benkohler/projekte/gym-app
    /usr/bin/derq query -f xml -i /Users/benkohler/Library/Developer/Xcode/DerivedData/GymBo-dvwcdxgmvblbpbeitnwmqoicwfbl/Build/Intermediates.noindex/GymBo.build/Debug-iphoneos/WorkoutWidgetsExtension.build/WorkoutWidgetsExtension.appex.xcent -o /Users/benkohler/Library/Developer/Xcode/DerivedData/GymBo-dvwcdxgmvblbpbeitnwmqoicwfbl/Build/Intermediates.noindex/GymBo.build/Debug-iphoneos/WorkoutWidgetsExtension.build/WorkoutWidgetsExtension.appex.xcent.der --raw

Ld /Users/benkohler/Library/Developer/Xcode/DerivedData/GymBo-dvwcdxgmvblbpbeitnwmqoicwfbl/Build/Products/Debug-iphoneos/WorkoutWidgetsExtension.appex/__preview.dylib normal (in target 'WorkoutWidgetsExtension' from project 'GymBo')
    cd /Users/benkohler/projekte/gym-app
    /Applications/Xcode.app/Contents/Developer/Toolchains/XcodeDefault.xctoolchain/usr/bin/clang -Xlinker -reproducible -target arm64-apple-ios18.6 -dynamiclib -isysroot /Applications/Xcode.app/Contents/Developer/Platforms/iPhoneOS.platform/Developer/SDKs/iPhoneOS26.0.sdk -O0 -L/Users/benkohler/Library/Developer/Xcode/DerivedData/GymBo-dvwcdxgmvblbpbeitnwmqoicwfbl/Build/Products/Debug-iphoneos -F/Users/benkohler/Library/Developer/Xcode/DerivedData/GymBo-dvwcdxgmvblbpbeitnwmqoicwfbl/Build/Products/Debug-iphoneos -install_name @rpath/WorkoutWidgetsExtension.debug.dylib -dead_strip -rdynamic -Xlinker -no_deduplicate -Xlinker -debug_variant -Xlinker -dependency_info -Xlinker /Users/benkohler/Library/Developer/Xcode/DerivedData/GymBo-dvwcdxgmvblbpbeitnwmqoicwfbl/Build/Intermediates.noindex/GymBo.build/Debug-iphoneos/WorkoutWidgetsExtension.build/Objects-normal/arm64/WorkoutWidgetsExtension_dependency_info.dat -Xlinker -no_adhoc_codesign -o /Users/benkohler/Library/Developer/Xcode/DerivedData/GymBo-dvwcdxgmvblbpbeitnwmqoicwfbl/Build/Products/Debug-iphoneos/WorkoutWidgetsExtension.appex/__preview.dylib

MkDir /Users/benkohler/Library/Developer/Xcode/DerivedData/GymBo-dvwcdxgmvblbpbeitnwmqoicwfbl/Build/Intermediates.noindex/GymBo.build/Debug-iphoneos/WorkoutWidgetsExtension.build/assetcatalog_output/unthinned (in target 'WorkoutWidgetsExtension' from project 'GymBo')
    cd /Users/benkohler/projekte/gym-app
    /bin/mkdir -p /Users/benkohler/Library/Developer/Xcode/DerivedData/GymBo-dvwcdxgmvblbpbeitnwmqoicwfbl/Build/Intermediates.noindex/GymBo.build/Debug-iphoneos/WorkoutWidgetsExtension.build/assetcatalog_output/unthinned

MkDir /Users/benkohler/Library/Developer/Xcode/DerivedData/GymBo-dvwcdxgmvblbpbeitnwmqoicwfbl/Build/Intermediates.noindex/GymBo.build/Debug-iphoneos/WorkoutWidgetsExtension.build/assetcatalog_output/thinned (in target 'WorkoutWidgetsExtension' from project 'GymBo')
    cd /Users/benkohler/projekte/gym-app
    /bin/mkdir -p /Users/benkohler/Library/Developer/Xcode/DerivedData/GymBo-dvwcdxgmvblbpbeitnwmqoicwfbl/Build/Intermediates.noindex/GymBo.build/Debug-iphoneos/WorkoutWidgetsExtension.build/assetcatalog_output/thinned

GenerateAssetSymbols /Users/benkohler/projekte/gym-app/WorkoutWidgets/Assets.xcassets (in target 'WorkoutWidgetsExtension' from project 'GymBo')
    cd /Users/benkohler/projekte/gym-app
    /Applications/Xcode.app/Contents/Developer/usr/bin/actool /Users/benkohler/projekte/gym-app/WorkoutWidgets/Assets.xcassets --compile /Users/benkohler/Library/Developer/Xcode/DerivedData/GymBo-dvwcdxgmvblbpbeitnwmqoicwfbl/Build/Products/Debug-iphoneos/WorkoutWidgetsExtension.appex --output-format human-readable-text --notices --warnings --export-dependency-info /Users/benkohler/Library/Developer/Xcode/DerivedData/GymBo-dvwcdxgmvblbpbeitnwmqoicwfbl/Build/Intermediates.noindex/GymBo.build/Debug-iphoneos/WorkoutWidgetsExtension.build/assetcatalog_dependencies --output-partial-info-plist /Users/benkohler/Library/Developer/Xcode/DerivedData/GymBo-dvwcdxgmvblbpbeitnwmqoicwfbl/Build/Intermediates.noindex/GymBo.build/Debug-iphoneos/WorkoutWidgetsExtension.build/assetcatalog_generated_info.plist --accent-color AccentColor --widget-background-color WidgetBackground --compress-pngs --enable-on-demand-resources NO --standalone-icon-behavior all --development-region en --target-device iphone --minimum-deployment-target 18.6 --platform iphoneos --bundle-identifier com.example.GymTracker.WorkoutWidgets --generate-swift-asset-symbols /Users/benkohler/Library/Developer/Xcode/DerivedData/GymBo-dvwcdxgmvblbpbeitnwmqoicwfbl/Build/Intermediates.noindex/GymBo.build/Debug-iphoneos/WorkoutWidgetsExtension.build/DerivedSources/GeneratedAssetSymbols.swift --generate-objc-asset-symbols /Users/benkohler/Library/Developer/Xcode/DerivedData/GymBo-dvwcdxgmvblbpbeitnwmqoicwfbl/Build/Intermediates.noindex/GymBo.build/Debug-iphoneos/WorkoutWidgetsExtension.build/DerivedSources/GeneratedAssetSymbols.h --generate-asset-symbol-index /Users/benkohler/Library/Developer/Xcode/DerivedData/GymBo-dvwcdxgmvblbpbeitnwmqoicwfbl/Build/Intermediates.noindex/GymBo.build/Debug-iphoneos/WorkoutWidgetsExtension.build/DerivedSources/GeneratedAssetSymbols-Index.plist
/* com.apple.actool.compilation-results */
/Users/benkohler/Library/Developer/Xcode/DerivedData/GymBo-dvwcdxgmvblbpbeitnwmqoicwfbl/Build/Intermediates.noindex/GymBo.build/Debug-iphoneos/WorkoutWidgetsExtension.build/DerivedSources/GeneratedAssetSymbols-Index.plist
/Users/benkohler/Library/Developer/Xcode/DerivedData/GymBo-dvwcdxgmvblbpbeitnwmqoicwfbl/Build/Intermediates.noindex/GymBo.build/Debug-iphoneos/WorkoutWidgetsExtension.build/DerivedSources/GeneratedAssetSymbols.h
/Users/benkohler/Library/Developer/Xcode/DerivedData/GymBo-dvwcdxgmvblbpbeitnwmqoicwfbl/Build/Intermediates.noindex/GymBo.build/Debug-iphoneos/WorkoutWidgetsExtension.build/DerivedSources/GeneratedAssetSymbols.swift


CompileAssetCatalogVariant thinned /Users/benkohler/Library/Developer/Xcode/DerivedData/GymBo-dvwcdxgmvblbpbeitnwmqoicwfbl/Build/Products/Debug-iphoneos/WorkoutWidgetsExtension.appex /Users/benkohler/projekte/gym-app/WorkoutWidgets/Assets.xcassets (in target 'WorkoutWidgetsExtension' from project 'GymBo')
    cd /Users/benkohler/projekte/gym-app
    /Applications/Xcode.app/Contents/Developer/usr/bin/actool /Users/benkohler/projekte/gym-app/WorkoutWidgets/Assets.xcassets --compile /Users/benkohler/Library/Developer/Xcode/DerivedData/GymBo-dvwcdxgmvblbpbeitnwmqoicwfbl/Build/Intermediates.noindex/GymBo.build/Debug-iphoneos/WorkoutWidgetsExtension.build/assetcatalog_output/thinned --output-format human-readable-text --notices --warnings --export-dependency-info /Users/benkohler/Library/Developer/Xcode/DerivedData/GymBo-dvwcdxgmvblbpbeitnwmqoicwfbl/Build/Intermediates.noindex/GymBo.build/Debug-iphoneos/WorkoutWidgetsExtension.build/assetcatalog_dependencies_thinned --output-partial-info-plist /Users/benkohler/Library/Developer/Xcode/DerivedData/GymBo-dvwcdxgmvblbpbeitnwmqoicwfbl/Build/Intermediates.noindex/GymBo.build/Debug-iphoneos/WorkoutWidgetsExtension.build/assetcatalog_generated_info.plist_thinned --accent-color AccentColor --widget-background-color WidgetBackground --compress-pngs --enable-on-demand-resources NO --standalone-icon-behavior all --development-region en --target-device iphone --minimum-deployment-target 18.6 --platform iphoneos
/* com.apple.actool.compilation-results */
/Users/benkohler/Library/Developer/Xcode/DerivedData/GymBo-dvwcdxgmvblbpbeitnwmqoicwfbl/Build/Intermediates.noindex/GymBo.build/Debug-iphoneos/WorkoutWidgetsExtension.build/assetcatalog_generated_info.plist_thinned


LinkAssetCatalog /Users/benkohler/projekte/gym-app/WorkoutWidgets/Assets.xcassets (in target 'WorkoutWidgetsExtension' from project 'GymBo')
    cd /Users/benkohler/projekte/gym-app
    builtin-linkAssetCatalog --thinned /Users/benkohler/Library/Developer/Xcode/DerivedData/GymBo-dvwcdxgmvblbpbeitnwmqoicwfbl/Build/Intermediates.noindex/GymBo.build/Debug-iphoneos/WorkoutWidgetsExtension.build/assetcatalog_output/thinned --thinned-dependencies /Users/benkohler/Library/Developer/Xcode/DerivedData/GymBo-dvwcdxgmvblbpbeitnwmqoicwfbl/Build/Intermediates.noindex/GymBo.build/Debug-iphoneos/WorkoutWidgetsExtension.build/assetcatalog_dependencies_thinned --thinned-info-plist-content /Users/benkohler/Library/Developer/Xcode/DerivedData/GymBo-dvwcdxgmvblbpbeitnwmqoicwfbl/Build/Intermediates.noindex/GymBo.build/Debug-iphoneos/WorkoutWidgetsExtension.build/assetcatalog_generated_info.plist_thinned --unthinned /Users/benkohler/Library/Developer/Xcode/DerivedData/GymBo-dvwcdxgmvblbpbeitnwmqoicwfbl/Build/Intermediates.noindex/GymBo.build/Debug-iphoneos/WorkoutWidgetsExtension.build/assetcatalog_output/unthinned --unthinned-dependencies /Users/benkohler/Library/Developer/Xcode/DerivedData/GymBo-dvwcdxgmvblbpbeitnwmqoicwfbl/Build/Intermediates.noindex/GymBo.build/Debug-iphoneos/WorkoutWidgetsExtension.build/assetcatalog_dependencies_unthinned --unthinned-info-plist-content /Users/benkohler/Library/Developer/Xcode/DerivedData/GymBo-dvwcdxgmvblbpbeitnwmqoicwfbl/Build/Intermediates.noindex/GymBo.build/Debug-iphoneos/WorkoutWidgetsExtension.build/assetcatalog_generated_info.plist_unthinned --output /Users/benkohler/Library/Developer/Xcode/DerivedData/GymBo-dvwcdxgmvblbpbeitnwmqoicwfbl/Build/Products/Debug-iphoneos/WorkoutWidgetsExtension.appex --plist-output /Users/benkohler/Library/Developer/Xcode/DerivedData/GymBo-dvwcdxgmvblbpbeitnwmqoicwfbl/Build/Intermediates.noindex/GymBo.build/Debug-iphoneos/WorkoutWidgetsExtension.build/assetcatalog_generated_info.plist

ProcessInfoPlistFile /Users/benkohler/Library/Developer/Xcode/DerivedData/GymBo-dvwcdxgmvblbpbeitnwmqoicwfbl/Build/Products/Debug-iphoneos/WorkoutWidgetsExtension.appex/Info.plist /Users/benkohler/projekte/gym-app/WorkoutWidgets/Info.plist (in target 'WorkoutWidgetsExtension' from project 'GymBo')
    cd /Users/benkohler/projekte/gym-app
    builtin-infoPlistUtility /Users/benkohler/projekte/gym-app/WorkoutWidgets/Info.plist -producttype com.apple.product-type.app-extension -expandbuildsettings -format binary -platform iphoneos -additionalcontentfile /Users/benkohler/Library/Developer/Xcode/DerivedData/GymBo-dvwcdxgmvblbpbeitnwmqoicwfbl/Build/Intermediates.noindex/GymBo.build/Debug-iphoneos/WorkoutWidgetsExtension.build/assetcatalog_generated_info.plist -requiredArchitecture arm64 -o /Users/benkohler/Library/Developer/Xcode/DerivedData/GymBo-dvwcdxgmvblbpbeitnwmqoicwfbl/Build/Products/Debug-iphoneos/WorkoutWidgetsExtension.appex/Info.plist

SwiftDriver WorkoutWidgetsExtension normal arm64 com.apple.xcode.tools.swift.compiler (in target 'WorkoutWidgetsExtension' from project 'GymBo')
    cd /Users/benkohler/projekte/gym-app
    builtin-SwiftDriver -- /Applications/Xcode.app/Contents/Developer/Toolchains/XcodeDefault.xctoolchain/usr/bin/swiftc -module-name WorkoutWidgetsExtension -Onone -enforce-exclusivity\=checked @/Users/benkohler/Library/Developer/Xcode/DerivedData/GymBo-dvwcdxgmvblbpbeitnwmqoicwfbl/Build/Intermediates.noindex/GymBo.build/Debug-iphoneos/WorkoutWidgetsExtension.build/Objects-normal/arm64/WorkoutWidgetsExtension.SwiftFileList -DDEBUG -enable-bare-slash-regex -enable-upcoming-feature DisableOutwardActorInference -enable-upcoming-feature InferSendableFromCaptures -enable-upcoming-feature GlobalActorIsolatedTypesUsability -enable-upcoming-feature MemberImportVisibility -enable-upcoming-feature InferIsolatedConformances -enable-upcoming-feature NonisolatedNonsendingByDefault -enable-experimental-feature DebugDescriptionMacro -sdk /Applications/Xcode.app/Contents/Developer/Platforms/iPhoneOS.platform/Developer/SDKs/iPhoneOS26.0.sdk -target arm64-apple-ios18.6 -g -module-cache-path /Users/benkohler/Library/Developer/Xcode/DerivedData/ModuleCache.noindex -Xfrontend -serialize-debugging-options -application-extension -profile-coverage-mapping -profile-generate -enable-testing -index-store-path /Users/benkohler/Library/Developer/Xcode/DerivedData/GymBo-dvwcdxgmvblbpbeitnwmqoicwfbl/Index.noindex/DataStore -Xcc -D_LIBCPP_HARDENING_MODE\=_LIBCPP_HARDENING_MODE_DEBUG -swift-version 5 -I /Users/benkohler/Library/Developer/Xcode/DerivedData/GymBo-dvwcdxgmvblbpbeitnwmqoicwfbl/Build/Products/Debug-iphoneos -F /Users/benkohler/Library/Developer/Xcode/DerivedData/GymBo-dvwcdxgmvblbpbeitnwmqoicwfbl/Build/Products/Debug-iphoneos -emit-localized-strings -emit-localized-strings-path /Users/benkohler/Library/Developer/Xcode/DerivedData/GymBo-dvwcdxgmvblbpbeitnwmqoicwfbl/Build/Intermediates.noindex/GymBo.build/Debug-iphoneos/WorkoutWidgetsExtension.build/Objects-normal/arm64 -c -j8 -enable-batch-mode -incremental -Xcc -ivfsstatcache -Xcc /Users/benkohler/Library/Developer/Xcode/DerivedData/SDKStatCaches.noindex/iphoneos26.0-23A339-81ce72e5b06c9602b9d30b56f2eed08a.sdkstatcache -output-file-map /Users/benkohler/Library/Developer/Xcode/DerivedData/GymBo-dvwcdxgmvblbpbeitnwmqoicwfbl/Build/Intermediates.noindex/GymBo.build/Debug-iphoneos/WorkoutWidgetsExtension.build/Objects-normal/arm64/WorkoutWidgetsExtension-OutputFileMap.json -use-frontend-parseable-output -save-temps -no-color-diagnostics -explicit-module-build -module-cache-path /Users/benkohler/Library/Developer/Xcode/DerivedData/GymBo-dvwcdxgmvblbpbeitnwmqoicwfbl/Build/Intermediates.noindex/SwiftExplicitPrecompiledModules -clang-scanner-module-cache-path /Users/benkohler/Library/Developer/Xcode/DerivedData/ModuleCache.noindex -sdk-module-cache-path /Users/benkohler/Library/Developer/Xcode/DerivedData/ModuleCache.noindex -serialize-diagnostics -emit-dependencies -emit-module -emit-module-path /Users/benkohler/Library/Developer/Xcode/DerivedData/GymBo-dvwcdxgmvblbpbeitnwmqoicwfbl/Build/Intermediates.noindex/GymBo.build/Debug-iphoneos/WorkoutWidgetsExtension.build/Objects-normal/arm64/WorkoutWidgetsExtension.swiftmodule -validate-clang-modules-once -clang-build-session-file /Users/benkohler/Library/Developer/Xcode/DerivedData/ModuleCache.noindex/Session.modulevalidation -Xcc -I/Users/benkohler/Library/Developer/Xcode/DerivedData/GymBo-dvwcdxgmvblbpbeitnwmqoicwfbl/Build/Intermediates.noindex/GymBo.build/Debug-iphoneos/WorkoutWidgetsExtension.build/swift-overrides.hmap -emit-const-values -Xfrontend -const-gather-protocols-file -Xfrontend /Users/benkohler/Library/Developer/Xcode/DerivedData/GymBo-dvwcdxgmvblbpbeitnwmqoicwfbl/Build/Intermediates.noindex/GymBo.build/Debug-iphoneos/WorkoutWidgetsExtension.build/Objects-normal/arm64/WorkoutWidgetsExtension_const_extract_protocols.json -Xcc -iquote -Xcc /Users/benkohler/Library/Developer/Xcode/DerivedData/GymBo-dvwcdxgmvblbpbeitnwmqoicwfbl/Build/Intermediates.noindex/GymBo.build/Debug-iphoneos/WorkoutWidgetsExtension.build/WorkoutWidgetsExtension-generated-files.hmap -Xcc -I/Users/benkohler/Library/Developer/Xcode/DerivedData/GymBo-dvwcdxgmvblbpbeitnwmqoicwfbl/Build/Intermediates.noindex/GymBo.build/Debug-iphoneos/WorkoutWidgetsExtension.build/WorkoutWidgetsExtension-own-target-headers.hmap -Xcc -I/Users/benkohler/Library/Developer/Xcode/DerivedData/GymBo-dvwcdxgmvblbpbeitnwmqoicwfbl/Build/Intermediates.noindex/GymBo.build/Debug-iphoneos/WorkoutWidgetsExtension.build/WorkoutWidgetsExtension-all-target-headers.hmap -Xcc -iquote -Xcc /Users/benkohler/Library/Developer/Xcode/DerivedData/GymBo-dvwcdxgmvblbpbeitnwmqoicwfbl/Build/Intermediates.noindex/GymBo.build/Debug-iphoneos/WorkoutWidgetsExtension.build/WorkoutWidgetsExtension-project-headers.hmap -Xcc -I/Users/benkohler/Library/Developer/Xcode/DerivedData/GymBo-dvwcdxgmvblbpbeitnwmqoicwfbl/Build/Products/Debug-iphoneos/include -Xcc -I/Users/benkohler/Library/Developer/Xcode/DerivedData/GymBo-dvwcdxgmvblbpbeitnwmqoicwfbl/Build/Intermediates.noindex/GymBo.build/Debug-iphoneos/WorkoutWidgetsExtension.build/DerivedSources-normal/arm64 -Xcc -I/Users/benkohler/Library/Developer/Xcode/DerivedData/GymBo-dvwcdxgmvblbpbeitnwmqoicwfbl/Build/Intermediates.noindex/GymBo.build/Debug-iphoneos/WorkoutWidgetsExtension.build/DerivedSources/arm64 -Xcc -I/Users/benkohler/Library/Developer/Xcode/DerivedData/GymBo-dvwcdxgmvblbpbeitnwmqoicwfbl/Build/Intermediates.noindex/GymBo.build/Debug-iphoneos/WorkoutWidgetsExtension.build/DerivedSources -Xcc -DDEBUG\=1 -emit-objc-header -emit-objc-header-path /Users/benkohler/Library/Developer/Xcode/DerivedData/GymBo-dvwcdxgmvblbpbeitnwmqoicwfbl/Build/Intermediates.noindex/GymBo.build/Debug-iphoneos/WorkoutWidgetsExtension.build/Objects-normal/arm64/WorkoutWidgetsExtension-Swift.h -working-directory /Users/benkohler/projekte/gym-app -experimental-emit-module-separately -disable-cmo

SwiftExplicitDependencyGeneratePcm arm64 /Users/benkohler/Library/Developer/Xcode/DerivedData/ModuleCache.noindex/_SwiftConcurrencyShims-7G7SMU8RJSSMRC36R2F8L7VBO.pcm

SwiftExplicitDependencyGeneratePcm arm64 /Users/benkohler/Library/Developer/Xcode/DerivedData/ModuleCache.noindex/_Builtin_stdarg-7XTVIK6WY9XSD0RGB0ZYP0V49.pcm

SwiftExplicitDependencyGeneratePcm arm64 /Users/benkohler/Library/Developer/Xcode/DerivedData/ModuleCache.noindex/SwiftShims-7KVEACIQ9AEI19Q22WEJA6AQM.pcm

SwiftExplicitDependencyGeneratePcm arm64 /Users/benkohler/Library/Developer/Xcode/DerivedData/ModuleCache.noindex/ptrcheck-1KY9C3TY75QWFGJD8HZTW61E4.pcm

SwiftExplicitDependencyGeneratePcm arm64 /Users/benkohler/Library/Developer/Xcode/DerivedData/ModuleCache.noindex/ptrauth-DJT4K5OAG47K2Y1EFC4EGQ1AH.pcm

SwiftExplicitDependencyGeneratePcm arm64 /Users/benkohler/Library/Developer/Xcode/DerivedData/ModuleCache.noindex/ActivityKit-93EC05X3R8H08UOZPMH55CI5P.pcm

SwiftExplicitDependencyGeneratePcm arm64 /Users/benkohler/Library/Developer/Xcode/DerivedData/ModuleCache.noindex/DeveloperToolsSupport-23M2IRC28THKA6ET24ODQFXFG.pcm

SwiftExplicitDependencyGeneratePcm arm64 /Users/benkohler/Library/Developer/Xcode/DerivedData/ModuleCache.noindex/_AvailabilityInternal-APA8MD3LK4F1S8QR00U5YTASN.pcm

SwiftExplicitDependencyGeneratePcm arm64 /Users/benkohler/Library/Developer/Xcode/DerivedData/ModuleCache.noindex/_Builtin_float-1PU8J4H8I5BNHKQF9TB9XDI3Z.pcm

SwiftExplicitDependencyGeneratePcm arm64 /Users/benkohler/Library/Developer/Xcode/DerivedData/ModuleCache.noindex/_Builtin_stddef-5AZUJ440T2JAXDDC23RKETV8C.pcm

SwiftExplicitDependencyGeneratePcm arm64 /Users/benkohler/Library/Developer/Xcode/DerivedData/ModuleCache.noindex/_Builtin_stdbool-22ATY6TO7KK01GYAS1MILRO60.pcm

SwiftExplicitDependencyGeneratePcm arm64 /Users/benkohler/Library/Developer/Xcode/DerivedData/ModuleCache.noindex/_DarwinFoundation1-B1M4B6SAGC1EDUQ898E5XDX8D.pcm

SwiftExplicitDependencyGeneratePcm arm64 /Users/benkohler/Library/Developer/Xcode/DerivedData/ModuleCache.noindex/_DarwinFoundation2-DVWA4IABJFKTHM3DMLV6E3TOL.pcm

SwiftExplicitDependencyGeneratePcm arm64 /Users/benkohler/Library/Developer/Xcode/DerivedData/ModuleCache.noindex/_Builtin_limits-8934WJDJPDW24WHU5Y2VUBC7K.pcm

SwiftExplicitDependencyGeneratePcm arm64 /Users/benkohler/Library/Developer/Xcode/DerivedData/ModuleCache.noindex/ExtensionFoundation-ENYPSZ3LLIBVIAM9ZKTPNL04H.pcm

SwiftExplicitDependencyGeneratePcm arm64 /Users/benkohler/Library/Developer/Xcode/DerivedData/ModuleCache.noindex/sys_types-8YFFV22GKKKFZC1KNL6DH4MHU.pcm

SwiftExplicitDependencyGeneratePcm arm64 /Users/benkohler/Library/Developer/Xcode/DerivedData/ModuleCache.noindex/_Builtin_tgmath-1SLR4HXJ8MRZOLBIZNHGCAN8Z.pcm

SwiftExplicitDependencyGeneratePcm arm64 /Users/benkohler/Library/Developer/Xcode/DerivedData/ModuleCache.noindex/_Builtin_stdint-7NPD4NU4WI468Z6FO0HTV09GU.pcm

SwiftExplicitDependencyGeneratePcm arm64 /Users/benkohler/Library/Developer/Xcode/DerivedData/ModuleCache.noindex/_Builtin_stdatomic-IXOS3856PRZ8K3OCO54C3E2L.pcm

SwiftExplicitDependencyGeneratePcm arm64 /Users/benkohler/Library/Developer/Xcode/DerivedData/ModuleCache.noindex/_Builtin_intrinsics-BSODSR4A04YU4ZGOABETKVKXF.pcm

SwiftExplicitDependencyGeneratePcm arm64 /Users/benkohler/Library/Developer/Xcode/DerivedData/ModuleCache.noindex/_DarwinFoundation3-1HVZ4QY892D9MHJKD14V44ZYP.pcm

SwiftExplicitDependencyGeneratePcm arm64 /Users/benkohler/Library/Developer/Xcode/DerivedData/ModuleCache.noindex/_Builtin_inttypes-ARFKQ7Q2O9YUOO60TOM9QVSNP.pcm

SwiftExplicitDependencyGeneratePcm arm64 /Users/benkohler/Library/Developer/Xcode/DerivedData/ModuleCache.noindex/Darwin-76N3DB6XON4WCPRAGGFV3PTSO.pcm

SwiftExplicitDependencyGeneratePcm arm64 /Users/benkohler/Library/Developer/Xcode/DerivedData/ModuleCache.noindex/simd-AO4NNMXVIUQD2JZAC3FD7LXAU.pcm

SwiftExplicitDependencyGeneratePcm arm64 /Users/benkohler/Library/Developer/Xcode/DerivedData/ModuleCache.noindex/ObjectiveC-92TM6H9Z8DC91AQRIX3FVO1CO.pcm

SwiftExplicitDependencyGeneratePcm arm64 /Users/benkohler/Library/Developer/Xcode/DerivedData/ModuleCache.noindex/MachO-89URHI4JUNOUQLQ5V589GS57X.pcm

SwiftExplicitDependencyGeneratePcm arm64 /Users/benkohler/Library/Developer/Xcode/DerivedData/ModuleCache.noindex/os_object-6D30OVJBH9KCNILBCC3WV54GG.pcm

SwiftExplicitDependencyGeneratePcm arm64 /Users/benkohler/Library/Developer/Xcode/DerivedData/ModuleCache.noindex/os_workgroup-DITCSUF4H1YCNO81SUKHIDXRN.pcm

SwiftExplicitDependencyGeneratePcm arm64 /Users/benkohler/Library/Developer/Xcode/DerivedData/ModuleCache.noindex/Spatial-40C0KUY26EV51GUKMNC6O1EUN.pcm

SwiftExplicitDependencyGeneratePcm arm64 /Users/benkohler/Library/Developer/Xcode/DerivedData/ModuleCache.noindex/Dispatch-5CG7M3VJ7J1OK73W2URCM1WGC.pcm

SwiftExplicitDependencyGeneratePcm arm64 /Users/benkohler/Library/Developer/Xcode/DerivedData/ModuleCache.noindex/XPC-1W3S8ZHA282H793LZY6H8XA48.pcm

SwiftExplicitDependencyGeneratePcm arm64 /Users/benkohler/Library/Developer/Xcode/DerivedData/ModuleCache.noindex/dnssd-3XSV8X2NQ9YHT3IGIFSDUYJ4.pcm

SwiftExplicitDependencyGeneratePcm arm64 /Users/benkohler/Library/Developer/Xcode/DerivedData/ModuleCache.noindex/CoreFoundation-CENGIN5768FZG2FNDLNPP1K3C.pcm

SwiftExplicitDependencyGeneratePcm arm64 /Users/benkohler/Library/Developer/Xcode/DerivedData/ModuleCache.noindex/os-DBABV6A7C8FLUB7QZ2M07IB0S.pcm

SwiftExplicitDependencyGeneratePcm arm64 /Users/benkohler/Library/Developer/Xcode/DerivedData/ModuleCache.noindex/CFNetwork-5R3GYO7TBMEHEAN4HB4G8JVID.pcm

SwiftExplicitDependencyGeneratePcm arm64 /Users/benkohler/Library/Developer/Xcode/DerivedData/ModuleCache.noindex/Security-3ZPEFQZDR6NP4KLP7MGJH8LOC.pcm

SwiftExplicitDependencyGeneratePcm arm64 /Users/benkohler/Library/Developer/Xcode/DerivedData/ModuleCache.noindex/CoreGraphics-5YC0P2R89D8EU9F8R24C4IBBA.pcm

SwiftExplicitDependencyGeneratePcm arm64 /Users/benkohler/Library/Developer/Xcode/DerivedData/ModuleCache.noindex/Foundation-9WVI162UDTO5TV94H4OT3KRRJ.pcm

SwiftExplicitDependencyGeneratePcm arm64 /Users/benkohler/Library/Developer/Xcode/DerivedData/ModuleCache.noindex/CoreText-7WJJCVA16MI8GHAMAAN4RRIP0.pcm

SwiftExplicitDependencyGeneratePcm arm64 /Users/benkohler/Library/Developer/Xcode/DerivedData/ModuleCache.noindex/ImageIO-2FHRHBQCK3A56C27JMPQP9RH3.pcm

SwiftExplicitDependencyGeneratePcm arm64 /Users/benkohler/Library/Developer/Xcode/DerivedData/ModuleCache.noindex/IOSurface-4FHM893G9VD1EUBE9XOUE7FE.pcm

SwiftExplicitDependencyGeneratePcm arm64 /Users/benkohler/Library/Developer/Xcode/DerivedData/ModuleCache.noindex/Symbols-CQHBFVO3CBEKYEOOWIWR2L7CU.pcm

SwiftExplicitDependencyGeneratePcm arm64 /Users/benkohler/Library/Developer/Xcode/DerivedData/ModuleCache.noindex/UserNotifications-DFK8YD15YECFVYUIXQ83X6QTM.pcm

SwiftExplicitDependencyGeneratePcm arm64 /Users/benkohler/Library/Developer/Xcode/DerivedData/ModuleCache.noindex/AppIntents-65Y7D7S3KEAZSATA695P8WQLE.pcm

SwiftExplicitDependencyGeneratePcm arm64 /Users/benkohler/Library/Developer/Xcode/DerivedData/ModuleCache.noindex/DataDetection-3CDVD8P1N1182CH6DAP2GR9DH.pcm

SwiftExplicitDependencyGeneratePcm arm64 /Users/benkohler/Library/Developer/Xcode/DerivedData/ModuleCache.noindex/_LocationEssentials-2RJ52TYON0PL8BUDR9Q2IATZE.pcm

SwiftExplicitDependencyGeneratePcm arm64 /Users/benkohler/Library/Developer/Xcode/DerivedData/ModuleCache.noindex/FileProvider-A8CQNR7RL3212384BA1II5Y25.pcm

SwiftExplicitDependencyGeneratePcm arm64 /Users/benkohler/Library/Developer/Xcode/DerivedData/ModuleCache.noindex/CoreData-135SBJYV33QK3ELC3BXMAOC0N.pcm

SwiftExplicitDependencyGeneratePcm arm64 /Users/benkohler/Library/Developer/Xcode/DerivedData/ModuleCache.noindex/UIUtilities-B2IF0UVFDVJ4VCPRY58ZNILHM.pcm

SwiftExplicitDependencyGeneratePcm arm64 /Users/benkohler/Library/Developer/Xcode/DerivedData/ModuleCache.noindex/CoreTransferable-CTZSKNVVJODHXBTA08MFJ2F3J.pcm

SwiftExplicitDependencyGeneratePcm arm64 /Users/benkohler/Library/Developer/Xcode/DerivedData/ModuleCache.noindex/Network-A8MK45CVS4WB8RYHWX8WBT0GF.pcm

SwiftExplicitDependencyGeneratePcm arm64 /Users/benkohler/Library/Developer/Xcode/DerivedData/ModuleCache.noindex/RelevanceKit-AADMZ57RU3FAI5SIFCH2JUKBA.pcm

SwiftExplicitDependencyGeneratePcm arm64 /Users/benkohler/Library/Developer/Xcode/DerivedData/ModuleCache.noindex/WidgetKit-1T2FUEZHYMKV4OMIZUVNXMOG.pcm

SwiftExplicitDependencyGeneratePcm arm64 /Users/benkohler/Library/Developer/Xcode/DerivedData/ModuleCache.noindex/OSLog-CIJ0XQDJQ2WNYQ3QINMNOI4S9.pcm

SwiftExplicitDependencyGeneratePcm arm64 /Users/benkohler/Library/Developer/Xcode/DerivedData/ModuleCache.noindex/OpenGLES-ADSSXRM7H23R10L9PKGZSHS3E.pcm

SwiftExplicitDependencyGeneratePcm arm64 /Users/benkohler/Library/Developer/Xcode/DerivedData/ModuleCache.noindex/CoreLocation-2KPFKJVFUHDK3OVQJ9JTP567Y.pcm

SwiftExplicitDependencyGeneratePcm arm64 /Users/benkohler/Library/Developer/Xcode/DerivedData/ModuleCache.noindex/Metal-2CECSJITUE6RIMNSBA8P5FQ5V.pcm

SwiftExplicitDependencyGeneratePcm arm64 /Users/benkohler/Library/Developer/Xcode/DerivedData/ModuleCache.noindex/UniformTypeIdentifiers-BU9D9V75LTSLC7JBKND7MQ0H.pcm

SwiftExplicitDependencyGeneratePcm arm64 /Users/benkohler/Library/Developer/Xcode/DerivedData/ModuleCache.noindex/Accessibility-1Y4DO6YN8A1Y5HQXXI0N1PBC0.pcm

SwiftExplicitDependencyGeneratePcm arm64 /Users/benkohler/Library/Developer/Xcode/DerivedData/ModuleCache.noindex/CoreSpotlight-EO1X5HD9ZWRWSC8HN3SA3SUCQ.pcm

SwiftExplicitDependencyGeneratePcm arm64 /Users/benkohler/Library/Developer/Xcode/DerivedData/ModuleCache.noindex/Intents-EI7260INKFHNXVZ8BSTO6A595.pcm

SwiftExplicitDependencyGeneratePcm arm64 /Users/benkohler/Library/Developer/Xcode/DerivedData/ModuleCache.noindex/CoreVideo-EAIS8TKB43WPP7A5CKUEJ7FX4.pcm

SwiftExplicitDependencyGeneratePcm arm64 /Users/benkohler/Library/Developer/Xcode/DerivedData/ModuleCache.noindex/QuartzCore-C8GZIC2TJ20KFVY7F5Q3EXRE9.pcm

SwiftExplicitDependencyGeneratePcm arm64 /Users/benkohler/Library/Developer/Xcode/DerivedData/ModuleCache.noindex/CoreImage-2FW4D9UZ3KR9XDNMLN3LU6PTP.pcm

SwiftExplicitDependencyGeneratePcm arm64 /Users/benkohler/Library/Developer/Xcode/DerivedData/ModuleCache.noindex/SwiftUICore-7LVMR1WVLU329CZQS4KV18QHA.pcm

SwiftExplicitDependencyGeneratePcm arm64 /Users/benkohler/Library/Developer/Xcode/DerivedData/ModuleCache.noindex/UIKit-CNV798D68SOUQ6QVX28QZ8QP3.pcm

SwiftExplicitDependencyGeneratePcm arm64 /Users/benkohler/Library/Developer/Xcode/DerivedData/ModuleCache.noindex/SwiftUI-6L5M3XFARQPAUX63J1WQQJPBK.pcm

SwiftCompile normal arm64 Compiling\ WorkoutWidgetsLiveActivity.swift /Users/benkohler/projekte/gym-app/WorkoutWidgets/WorkoutWidgetsLiveActivity.swift (in target 'WorkoutWidgetsExtension' from project 'GymBo')

SwiftCompile normal arm64 /Users/benkohler/projekte/gym-app/WorkoutWidgets/WorkoutWidgetsLiveActivity.swift (in target 'WorkoutWidgetsExtension' from project 'GymBo')
    cd /Users/benkohler/projekte/gym-app
    

SwiftEmitModule normal arm64 Emitting\ module\ for\ WorkoutWidgetsExtension (in target 'WorkoutWidgetsExtension' from project 'GymBo')

EmitSwiftModule normal arm64 (in target 'WorkoutWidgetsExtension' from project 'GymBo')
    cd /Users/benkohler/projekte/gym-app
    

SwiftCompile normal arm64 Compiling\ GeneratedAssetSymbols.swift /Users/benkohler/Library/Developer/Xcode/DerivedData/GymBo-dvwcdxgmvblbpbeitnwmqoicwfbl/Build/Intermediates.noindex/GymBo.build/Debug-iphoneos/WorkoutWidgetsExtension.build/DerivedSources/GeneratedAssetSymbols.swift (in target 'WorkoutWidgetsExtension' from project 'GymBo')

SwiftCompile normal arm64 /Users/benkohler/Library/Developer/Xcode/DerivedData/GymBo-dvwcdxgmvblbpbeitnwmqoicwfbl/Build/Intermediates.noindex/GymBo.build/Debug-iphoneos/WorkoutWidgetsExtension.build/DerivedSources/GeneratedAssetSymbols.swift (in target 'WorkoutWidgetsExtension' from project 'GymBo')
    cd /Users/benkohler/projekte/gym-app
    

SwiftCompile normal arm64 Compiling\ ExerciseRecord.swift /Users/benkohler/projekte/gym-app/ExerciseRecord.swift (in target 'WorkoutWidgetsExtension' from project 'GymBo')

SwiftCompile normal arm64 /Users/benkohler/projekte/gym-app/ExerciseRecord.swift (in target 'WorkoutWidgetsExtension' from project 'GymBo')
    cd /Users/benkohler/projekte/gym-app
    

SwiftCompile normal arm64 Compiling\ WorkoutWidgetsControl.swift /Users/benkohler/projekte/gym-app/WorkoutWidgets/WorkoutWidgetsControl.swift (in target 'WorkoutWidgetsExtension' from project 'GymBo')

SwiftCompile normal arm64 /Users/benkohler/projekte/gym-app/WorkoutWidgets/WorkoutWidgetsControl.swift (in target 'WorkoutWidgetsExtension' from project 'GymBo')
    cd /Users/benkohler/projekte/gym-app
    

SwiftCompile normal arm64 Compiling\ WorkoutWidgetsBundle.swift /Users/benkohler/projekte/gym-app/WorkoutWidgets/WorkoutWidgetsBundle.swift (in target 'WorkoutWidgetsExtension' from project 'GymBo')

SwiftCompile normal arm64 /Users/benkohler/projekte/gym-app/WorkoutWidgets/WorkoutWidgetsBundle.swift (in target 'WorkoutWidgetsExtension' from project 'GymBo')
    cd /Users/benkohler/projekte/gym-app
    

SwiftCompile normal arm64 Compiling\ WorkoutWidgets.swift /Users/benkohler/projekte/gym-app/WorkoutWidgets/WorkoutWidgets.swift (in target 'WorkoutWidgetsExtension' from project 'GymBo')

SwiftCompile normal arm64 /Users/benkohler/projekte/gym-app/WorkoutWidgets/WorkoutWidgets.swift (in target 'WorkoutWidgetsExtension' from project 'GymBo')
    cd /Users/benkohler/projekte/gym-app
    

SwiftCompile normal arm64 Compiling\ WorkoutActivityAttributes.swift /Users/benkohler/projekte/gym-app/GymTracker/LiveActivities/WorkoutActivityAttributes.swift (in target 'WorkoutWidgetsExtension' from project 'GymBo')

SwiftCompile normal arm64 /Users/benkohler/projekte/gym-app/GymTracker/LiveActivities/WorkoutActivityAttributes.swift (in target 'WorkoutWidgetsExtension' from project 'GymBo')
    cd /Users/benkohler/projekte/gym-app
    

SwiftCompile normal arm64 Compiling\ AppIntent.swift /Users/benkohler/projekte/gym-app/WorkoutWidgets/AppIntent.swift (in target 'WorkoutWidgetsExtension' from project 'GymBo')

SwiftCompile normal arm64 /Users/benkohler/projekte/gym-app/WorkoutWidgets/AppIntent.swift (in target 'WorkoutWidgetsExtension' from project 'GymBo')
    cd /Users/benkohler/projekte/gym-app
    

SwiftDriverJobDiscovery normal arm64 Emitting module for WorkoutWidgetsExtension (in target 'WorkoutWidgetsExtension' from project 'GymBo')

SwiftDriver\ Compilation\ Requirements WorkoutWidgetsExtension normal arm64 com.apple.xcode.tools.swift.compiler (in target 'WorkoutWidgetsExtension' from project 'GymBo')
    cd /Users/benkohler/projekte/gym-app
    builtin-Swift-Compilation-Requirements -- /Applications/Xcode.app/Contents/Developer/Toolchains/XcodeDefault.xctoolchain/usr/bin/swiftc -module-name WorkoutWidgetsExtension -Onone -enforce-exclusivity\=checked @/Users/benkohler/Library/Developer/Xcode/DerivedData/GymBo-dvwcdxgmvblbpbeitnwmqoicwfbl/Build/Intermediates.noindex/GymBo.build/Debug-iphoneos/WorkoutWidgetsExtension.build/Objects-normal/arm64/WorkoutWidgetsExtension.SwiftFileList -DDEBUG -enable-bare-slash-regex -enable-upcoming-feature DisableOutwardActorInference -enable-upcoming-feature InferSendableFromCaptures -enable-upcoming-feature GlobalActorIsolatedTypesUsability -enable-upcoming-feature MemberImportVisibility -enable-upcoming-feature InferIsolatedConformances -enable-upcoming-feature NonisolatedNonsendingByDefault -enable-experimental-feature DebugDescriptionMacro -sdk /Applications/Xcode.app/Contents/Developer/Platforms/iPhoneOS.platform/Developer/SDKs/iPhoneOS26.0.sdk -target arm64-apple-ios18.6 -g -module-cache-path /Users/benkohler/Library/Developer/Xcode/DerivedData/ModuleCache.noindex -Xfrontend -serialize-debugging-options -application-extension -profile-coverage-mapping -profile-generate -enable-testing -index-store-path /Users/benkohler/Library/Developer/Xcode/DerivedData/GymBo-dvwcdxgmvblbpbeitnwmqoicwfbl/Index.noindex/DataStore -Xcc -D_LIBCPP_HARDENING_MODE\=_LIBCPP_HARDENING_MODE_DEBUG -swift-version 5 -I /Users/benkohler/Library/Developer/Xcode/DerivedData/GymBo-dvwcdxgmvblbpbeitnwmqoicwfbl/Build/Products/Debug-iphoneos -F /Users/benkohler/Library/Developer/Xcode/DerivedData/GymBo-dvwcdxgmvblbpbeitnwmqoicwfbl/Build/Products/Debug-iphoneos -emit-localized-strings -emit-localized-strings-path /Users/benkohler/Library/Developer/Xcode/DerivedData/GymBo-dvwcdxgmvblbpbeitnwmqoicwfbl/Build/Intermediates.noindex/GymBo.build/Debug-iphoneos/WorkoutWidgetsExtension.build/Objects-normal/arm64 -c -j8 -enable-batch-mode -incremental -Xcc -ivfsstatcache -Xcc /Users/benkohler/Library/Developer/Xcode/DerivedData/SDKStatCaches.noindex/iphoneos26.0-23A339-81ce72e5b06c9602b9d30b56f2eed08a.sdkstatcache -output-file-map /Users/benkohler/Library/Developer/Xcode/DerivedData/GymBo-dvwcdxgmvblbpbeitnwmqoicwfbl/Build/Intermediates.noindex/GymBo.build/Debug-iphoneos/WorkoutWidgetsExtension.build/Objects-normal/arm64/WorkoutWidgetsExtension-OutputFileMap.json -use-frontend-parseable-output -save-temps -no-color-diagnostics -explicit-module-build -module-cache-path /Users/benkohler/Library/Developer/Xcode/DerivedData/GymBo-dvwcdxgmvblbpbeitnwmqoicwfbl/Build/Intermediates.noindex/SwiftExplicitPrecompiledModules -clang-scanner-module-cache-path /Users/benkohler/Library/Developer/Xcode/DerivedData/ModuleCache.noindex -sdk-module-cache-path /Users/benkohler/Library/Developer/Xcode/DerivedData/ModuleCache.noindex -serialize-diagnostics -emit-dependencies -emit-module -emit-module-path /Users/benkohler/Library/Developer/Xcode/DerivedData/GymBo-dvwcdxgmvblbpbeitnwmqoicwfbl/Build/Intermediates.noindex/GymBo.build/Debug-iphoneos/WorkoutWidgetsExtension.build/Objects-normal/arm64/WorkoutWidgetsExtension.swiftmodule -validate-clang-modules-once -clang-build-session-file /Users/benkohler/Library/Developer/Xcode/DerivedData/ModuleCache.noindex/Session.modulevalidation -Xcc -I/Users/benkohler/Library/Developer/Xcode/DerivedData/GymBo-dvwcdxgmvblbpbeitnwmqoicwfbl/Build/Intermediates.noindex/GymBo.build/Debug-iphoneos/WorkoutWidgetsExtension.build/swift-overrides.hmap -emit-const-values -Xfrontend -const-gather-protocols-file -Xfrontend /Users/benkohler/Library/Developer/Xcode/DerivedData/GymBo-dvwcdxgmvblbpbeitnwmqoicwfbl/Build/Intermediates.noindex/GymBo.build/Debug-iphoneos/WorkoutWidgetsExtension.build/Objects-normal/arm64/WorkoutWidgetsExtension_const_extract_protocols.json -Xcc -iquote -Xcc /Users/benkohler/Library/Developer/Xcode/DerivedData/GymBo-dvwcdxgmvblbpbeitnwmqoicwfbl/Build/Intermediates.noindex/GymBo.build/Debug-iphoneos/WorkoutWidgetsExtension.build/WorkoutWidgetsExtension-generated-files.hmap -Xcc -I/Users/benkohler/Library/Developer/Xcode/DerivedData/GymBo-dvwcdxgmvblbpbeitnwmqoicwfbl/Build/Intermediates.noindex/GymBo.build/Debug-iphoneos/WorkoutWidgetsExtension.build/WorkoutWidgetsExtension-own-target-headers.hmap -Xcc -I/Users/benkohler/Library/Developer/Xcode/DerivedData/GymBo-dvwcdxgmvblbpbeitnwmqoicwfbl/Build/Intermediates.noindex/GymBo.build/Debug-iphoneos/WorkoutWidgetsExtension.build/WorkoutWidgetsExtension-all-target-headers.hmap -Xcc -iquote -Xcc /Users/benkohler/Library/Developer/Xcode/DerivedData/GymBo-dvwcdxgmvblbpbeitnwmqoicwfbl/Build/Intermediates.noindex/GymBo.build/Debug-iphoneos/WorkoutWidgetsExtension.build/WorkoutWidgetsExtension-project-headers.hmap -Xcc -I/Users/benkohler/Library/Developer/Xcode/DerivedData/GymBo-dvwcdxgmvblbpbeitnwmqoicwfbl/Build/Products/Debug-iphoneos/include -Xcc -I/Users/benkohler/Library/Developer/Xcode/DerivedData/GymBo-dvwcdxgmvblbpbeitnwmqoicwfbl/Build/Intermediates.noindex/GymBo.build/Debug-iphoneos/WorkoutWidgetsExtension.build/DerivedSources-normal/arm64 -Xcc -I/Users/benkohler/Library/Developer/Xcode/DerivedData/GymBo-dvwcdxgmvblbpbeitnwmqoicwfbl/Build/Intermediates.noindex/GymBo.build/Debug-iphoneos/WorkoutWidgetsExtension.build/DerivedSources/arm64 -Xcc -I/Users/benkohler/Library/Developer/Xcode/DerivedData/GymBo-dvwcdxgmvblbpbeitnwmqoicwfbl/Build/Intermediates.noindex/GymBo.build/Debug-iphoneos/WorkoutWidgetsExtension.build/DerivedSources -Xcc -DDEBUG\=1 -emit-objc-header -emit-objc-header-path /Users/benkohler/Library/Developer/Xcode/DerivedData/GymBo-dvwcdxgmvblbpbeitnwmqoicwfbl/Build/Intermediates.noindex/GymBo.build/Debug-iphoneos/WorkoutWidgetsExtension.build/Objects-normal/arm64/WorkoutWidgetsExtension-Swift.h -working-directory /Users/benkohler/projekte/gym-app -experimental-emit-module-separately -disable-cmo

SwiftDriverJobDiscovery normal arm64 Compiling ExerciseRecord.swift (in target 'WorkoutWidgetsExtension' from project 'GymBo')

SwiftDriverJobDiscovery normal arm64 Compiling WorkoutActivityAttributes.swift (in target 'WorkoutWidgetsExtension' from project 'GymBo')

SwiftMergeGeneratedHeaders /Users/benkohler/Library/Developer/Xcode/DerivedData/GymBo-dvwcdxgmvblbpbeitnwmqoicwfbl/Build/Intermediates.noindex/GymBo.build/Debug-iphoneos/WorkoutWidgetsExtension.build/DerivedSources/WorkoutWidgetsExtension-Swift.h /Users/benkohler/Library/Developer/Xcode/DerivedData/GymBo-dvwcdxgmvblbpbeitnwmqoicwfbl/Build/Intermediates.noindex/GymBo.build/Debug-iphoneos/WorkoutWidgetsExtension.build/Objects-normal/arm64/WorkoutWidgetsExtension-Swift.h (in target 'WorkoutWidgetsExtension' from project 'GymBo')
    cd /Users/benkohler/projekte/gym-app
    builtin-swiftHeaderTool -arch arm64 /Users/benkohler/Library/Developer/Xcode/DerivedData/GymBo-dvwcdxgmvblbpbeitnwmqoicwfbl/Build/Intermediates.noindex/GymBo.build/Debug-iphoneos/WorkoutWidgetsExtension.build/Objects-normal/arm64/WorkoutWidgetsExtension-Swift.h -o /Users/benkohler/Library/Developer/Xcode/DerivedData/GymBo-dvwcdxgmvblbpbeitnwmqoicwfbl/Build/Intermediates.noindex/GymBo.build/Debug-iphoneos/WorkoutWidgetsExtension.build/DerivedSources/WorkoutWidgetsExtension-Swift.h

Copy /Users/benkohler/Library/Developer/Xcode/DerivedData/GymBo-dvwcdxgmvblbpbeitnwmqoicwfbl/Build/Products/Debug-iphoneos/WorkoutWidgetsExtension.swiftmodule/arm64-apple-ios.swiftmodule /Users/benkohler/Library/Developer/Xcode/DerivedData/GymBo-dvwcdxgmvblbpbeitnwmqoicwfbl/Build/Intermediates.noindex/GymBo.build/Debug-iphoneos/WorkoutWidgetsExtension.build/Objects-normal/arm64/WorkoutWidgetsExtension.swiftmodule (in target 'WorkoutWidgetsExtension' from project 'GymBo')
    cd /Users/benkohler/projekte/gym-app
    builtin-copy -exclude .DS_Store -exclude CVS -exclude .svn -exclude .git -exclude .hg -resolve-src-symlinks -rename /Users/benkohler/Library/Developer/Xcode/DerivedData/GymBo-dvwcdxgmvblbpbeitnwmqoicwfbl/Build/Intermediates.noindex/GymBo.build/Debug-iphoneos/WorkoutWidgetsExtension.build/Objects-normal/arm64/WorkoutWidgetsExtension.swiftmodule /Users/benkohler/Library/Developer/Xcode/DerivedData/GymBo-dvwcdxgmvblbpbeitnwmqoicwfbl/Build/Products/Debug-iphoneos/WorkoutWidgetsExtension.swiftmodule/arm64-apple-ios.swiftmodule

Copy /Users/benkohler/Library/Developer/Xcode/DerivedData/GymBo-dvwcdxgmvblbpbeitnwmqoicwfbl/Build/Products/Debug-iphoneos/WorkoutWidgetsExtension.swiftmodule/arm64-apple-ios.swiftdoc /Users/benkohler/Library/Developer/Xcode/DerivedData/GymBo-dvwcdxgmvblbpbeitnwmqoicwfbl/Build/Intermediates.noindex/GymBo.build/Debug-iphoneos/WorkoutWidgetsExtension.build/Objects-normal/arm64/WorkoutWidgetsExtension.swiftdoc (in target 'WorkoutWidgetsExtension' from project 'GymBo')
    cd /Users/benkohler/projekte/gym-app
    builtin-copy -exclude .DS_Store -exclude CVS -exclude .svn -exclude .git -exclude .hg -resolve-src-symlinks -rename /Users/benkohler/Library/Developer/Xcode/DerivedData/GymBo-dvwcdxgmvblbpbeitnwmqoicwfbl/Build/Intermediates.noindex/GymBo.build/Debug-iphoneos/WorkoutWidgetsExtension.build/Objects-normal/arm64/WorkoutWidgetsExtension.swiftdoc /Users/benkohler/Library/Developer/Xcode/DerivedData/GymBo-dvwcdxgmvblbpbeitnwmqoicwfbl/Build/Products/Debug-iphoneos/WorkoutWidgetsExtension.swiftmodule/arm64-apple-ios.swiftdoc

Copy /Users/benkohler/Library/Developer/Xcode/DerivedData/GymBo-dvwcdxgmvblbpbeitnwmqoicwfbl/Build/Products/Debug-iphoneos/WorkoutWidgetsExtension.swiftmodule/arm64-apple-ios.abi.json /Users/benkohler/Library/Developer/Xcode/DerivedData/GymBo-dvwcdxgmvblbpbeitnwmqoicwfbl/Build/Intermediates.noindex/GymBo.build/Debug-iphoneos/WorkoutWidgetsExtension.build/Objects-normal/arm64/WorkoutWidgetsExtension.abi.json (in target 'WorkoutWidgetsExtension' from project 'GymBo')
    cd /Users/benkohler/projekte/gym-app
    builtin-copy -exclude .DS_Store -exclude CVS -exclude .svn -exclude .git -exclude .hg -resolve-src-symlinks -rename /Users/benkohler/Library/Developer/Xcode/DerivedData/GymBo-dvwcdxgmvblbpbeitnwmqoicwfbl/Build/Intermediates.noindex/GymBo.build/Debug-iphoneos/WorkoutWidgetsExtension.build/Objects-normal/arm64/WorkoutWidgetsExtension.abi.json /Users/benkohler/Library/Developer/Xcode/DerivedData/GymBo-dvwcdxgmvblbpbeitnwmqoicwfbl/Build/Products/Debug-iphoneos/WorkoutWidgetsExtension.swiftmodule/arm64-apple-ios.abi.json

Copy /Users/benkohler/Library/Developer/Xcode/DerivedData/GymBo-dvwcdxgmvblbpbeitnwmqoicwfbl/Build/Products/Debug-iphoneos/WorkoutWidgetsExtension.swiftmodule/Project/arm64-apple-ios.swiftsourceinfo /Users/benkohler/Library/Developer/Xcode/DerivedData/GymBo-dvwcdxgmvblbpbeitnwmqoicwfbl/Build/Intermediates.noindex/GymBo.build/Debug-iphoneos/WorkoutWidgetsExtension.build/Objects-normal/arm64/WorkoutWidgetsExtension.swiftsourceinfo (in target 'WorkoutWidgetsExtension' from project 'GymBo')
    cd /Users/benkohler/projekte/gym-app
    builtin-copy -exclude .DS_Store -exclude CVS -exclude .svn -exclude .git -exclude .hg -resolve-src-symlinks -rename /Users/benkohler/Library/Developer/Xcode/DerivedData/GymBo-dvwcdxgmvblbpbeitnwmqoicwfbl/Build/Intermediates.noindex/GymBo.build/Debug-iphoneos/WorkoutWidgetsExtension.build/Objects-normal/arm64/WorkoutWidgetsExtension.swiftsourceinfo /Users/benkohler/Library/Developer/Xcode/DerivedData/GymBo-dvwcdxgmvblbpbeitnwmqoicwfbl/Build/Products/Debug-iphoneos/WorkoutWidgetsExtension.swiftmodule/Project/arm64-apple-ios.swiftsourceinfo

ProcessProductPackaging /Users/benkohler/projekte/gym-app/GymBo.entitlements /Users/benkohler/Library/Developer/Xcode/DerivedData/GymBo-dvwcdxgmvblbpbeitnwmqoicwfbl/Build/Intermediates.noindex/GymBo.build/Debug-iphoneos/GymBo.build/GymBo.app.xcent (in target 'GymBo' from project 'GymBo')
    cd /Users/benkohler/projekte/gym-app
    
    Entitlements:
    
    {
    "application-identifier" = "5N2YD2P2G5.com.example.GymTracker";
    "com.apple.developer.healthkit" = 1;
    "com.apple.developer.team-identifier" = 5N2YD2P2G5;
    "get-task-allow" = 1;
}
    
    builtin-productPackagingUtility /Users/benkohler/projekte/gym-app/GymBo.entitlements -entitlements -format xml -o /Users/benkohler/Library/Developer/Xcode/DerivedData/GymBo-dvwcdxgmvblbpbeitnwmqoicwfbl/Build/Intermediates.noindex/GymBo.build/Debug-iphoneos/GymBo.build/GymBo.app.xcent

ProcessProductPackaging /Users/benkohler/Library/Developer/Xcode/UserData/Provisioning\ Profiles/ac2e313f-7ef2-4659-aae9-24e0b613ecdc.mobileprovision /Users/benkohler/Library/Developer/Xcode/DerivedData/GymBo-dvwcdxgmvblbpbeitnwmqoicwfbl/Build/Products/Debug-iphoneos/GymBo.app/embedded.mobileprovision (in target 'GymBo' from project 'GymBo')
    cd /Users/benkohler/projekte/gym-app
    builtin-productPackagingUtility /Users/benkohler/Library/Developer/Xcode/UserData/Provisioning\ Profiles/ac2e313f-7ef2-4659-aae9-24e0b613ecdc.mobileprovision -o /Users/benkohler/Library/Developer/Xcode/DerivedData/GymBo-dvwcdxgmvblbpbeitnwmqoicwfbl/Build/Products/Debug-iphoneos/GymBo.app/embedded.mobileprovision

ProcessProductPackagingDER /Users/benkohler/Library/Developer/Xcode/DerivedData/GymBo-dvwcdxgmvblbpbeitnwmqoicwfbl/Build/Intermediates.noindex/GymBo.build/Debug-iphoneos/GymBo.build/GymBo.app.xcent /Users/benkohler/Library/Developer/Xcode/DerivedData/GymBo-dvwcdxgmvblbpbeitnwmqoicwfbl/Build/Intermediates.noindex/GymBo.build/Debug-iphoneos/GymBo.build/GymBo.app.xcent.der (in target 'GymBo' from project 'GymBo')
    cd /Users/benkohler/projekte/gym-app
    /usr/bin/derq query -f xml -i /Users/benkohler/Library/Developer/Xcode/DerivedData/GymBo-dvwcdxgmvblbpbeitnwmqoicwfbl/Build/Intermediates.noindex/GymBo.build/Debug-iphoneos/GymBo.build/GymBo.app.xcent -o /Users/benkohler/Library/Developer/Xcode/DerivedData/GymBo-dvwcdxgmvblbpbeitnwmqoicwfbl/Build/Intermediates.noindex/GymBo.build/Debug-iphoneos/GymBo.build/GymBo.app.xcent.der --raw

MkDir /Users/benkohler/Library/Developer/Xcode/DerivedData/GymBo-dvwcdxgmvblbpbeitnwmqoicwfbl/Build/Intermediates.noindex/GymBo.build/Debug-iphoneos/GymBo.build/assetcatalog_output/thinned (in target 'GymBo' from project 'GymBo')
    cd /Users/benkohler/projekte/gym-app
    /bin/mkdir -p /Users/benkohler/Library/Developer/Xcode/DerivedData/GymBo-dvwcdxgmvblbpbeitnwmqoicwfbl/Build/Intermediates.noindex/GymBo.build/Debug-iphoneos/GymBo.build/assetcatalog_output/thinned

MkDir /Users/benkohler/Library/Developer/Xcode/DerivedData/GymBo-dvwcdxgmvblbpbeitnwmqoicwfbl/Build/Intermediates.noindex/GymBo.build/Debug-iphoneos/GymBo.build/assetcatalog_output/unthinned (in target 'GymBo' from project 'GymBo')
    cd /Users/benkohler/projekte/gym-app
    /bin/mkdir -p /Users/benkohler/Library/Developer/Xcode/DerivedData/GymBo-dvwcdxgmvblbpbeitnwmqoicwfbl/Build/Intermediates.noindex/GymBo.build/Debug-iphoneos/GymBo.build/assetcatalog_output/unthinned

GenerateAssetSymbols /Users/benkohler/projekte/gym-app/GymTracker/Preview\ Content/Preview\ Assets.xcassets /Users/benkohler/projekte/gym-app/GymTracker/Assets.xcassets (in target 'GymBo' from project 'GymBo')
    cd /Users/benkohler/projekte/gym-app
    /Applications/Xcode.app/Contents/Developer/usr/bin/actool /Users/benkohler/projekte/gym-app/GymTracker/Preview\ Content/Preview\ Assets.xcassets /Users/benkohler/projekte/gym-app/GymTracker/Assets.xcassets --compile /Users/benkohler/Library/Developer/Xcode/DerivedData/GymBo-dvwcdxgmvblbpbeitnwmqoicwfbl/Build/Products/Debug-iphoneos/GymBo.app --output-format human-readable-text --notices --warnings --export-dependency-info /Users/benkohler/Library/Developer/Xcode/DerivedData/GymBo-dvwcdxgmvblbpbeitnwmqoicwfbl/Build/Intermediates.noindex/GymBo.build/Debug-iphoneos/GymBo.build/assetcatalog_dependencies --output-partial-info-plist /Users/benkohler/Library/Developer/Xcode/DerivedData/GymBo-dvwcdxgmvblbpbeitnwmqoicwfbl/Build/Intermediates.noindex/GymBo.build/Debug-iphoneos/GymBo.build/assetcatalog_generated_info.plist --app-icon AppIcon --accent-color AccentColor --compress-pngs --enable-on-demand-resources YES --development-region en --target-device iphone --minimum-deployment-target 17.0 --platform iphoneos --bundle-identifier com.example.GymTracker --generate-swift-asset-symbols /Users/benkohler/Library/Developer/Xcode/DerivedData/GymBo-dvwcdxgmvblbpbeitnwmqoicwfbl/Build/Intermediates.noindex/GymBo.build/Debug-iphoneos/GymBo.build/DerivedSources/GeneratedAssetSymbols.swift --generate-objc-asset-symbols /Users/benkohler/Library/Developer/Xcode/DerivedData/GymBo-dvwcdxgmvblbpbeitnwmqoicwfbl/Build/Intermediates.noindex/GymBo.build/Debug-iphoneos/GymBo.build/DerivedSources/GeneratedAssetSymbols.h --generate-asset-symbol-index /Users/benkohler/Library/Developer/Xcode/DerivedData/GymBo-dvwcdxgmvblbpbeitnwmqoicwfbl/Build/Intermediates.noindex/GymBo.build/Debug-iphoneos/GymBo.build/DerivedSources/GeneratedAssetSymbols-Index.plist
/* com.apple.actool.compilation-results */
/Users/benkohler/Library/Developer/Xcode/DerivedData/GymBo-dvwcdxgmvblbpbeitnwmqoicwfbl/Build/Intermediates.noindex/GymBo.build/Debug-iphoneos/GymBo.build/DerivedSources/GeneratedAssetSymbols-Index.plist
/Users/benkohler/Library/Developer/Xcode/DerivedData/GymBo-dvwcdxgmvblbpbeitnwmqoicwfbl/Build/Intermediates.noindex/GymBo.build/Debug-iphoneos/GymBo.build/DerivedSources/GeneratedAssetSymbols.h
/Users/benkohler/Library/Developer/Xcode/DerivedData/GymBo-dvwcdxgmvblbpbeitnwmqoicwfbl/Build/Intermediates.noindex/GymBo.build/Debug-iphoneos/GymBo.build/DerivedSources/GeneratedAssetSymbols.swift


CompileAssetCatalogVariant thinned /Users/benkohler/Library/Developer/Xcode/DerivedData/GymBo-dvwcdxgmvblbpbeitnwmqoicwfbl/Build/Products/Debug-iphoneos/GymBo.app /Users/benkohler/projekte/gym-app/GymTracker/Preview\ Content/Preview\ Assets.xcassets /Users/benkohler/projekte/gym-app/GymTracker/Assets.xcassets (in target 'GymBo' from project 'GymBo')
    cd /Users/benkohler/projekte/gym-app
    /Applications/Xcode.app/Contents/Developer/usr/bin/actool /Users/benkohler/projekte/gym-app/GymTracker/Preview\ Content/Preview\ Assets.xcassets /Users/benkohler/projekte/gym-app/GymTracker/Assets.xcassets --compile /Users/benkohler/Library/Developer/Xcode/DerivedData/GymBo-dvwcdxgmvblbpbeitnwmqoicwfbl/Build/Intermediates.noindex/GymBo.build/Debug-iphoneos/GymBo.build/assetcatalog_output/thinned --output-format human-readable-text --notices --warnings --export-dependency-info /Users/benkohler/Library/Developer/Xcode/DerivedData/GymBo-dvwcdxgmvblbpbeitnwmqoicwfbl/Build/Intermediates.noindex/GymBo.build/Debug-iphoneos/GymBo.build/assetcatalog_dependencies_thinned --output-partial-info-plist /Users/benkohler/Library/Developer/Xcode/DerivedData/GymBo-dvwcdxgmvblbpbeitnwmqoicwfbl/Build/Intermediates.noindex/GymBo.build/Debug-iphoneos/GymBo.build/assetcatalog_generated_info.plist_thinned --app-icon AppIcon --accent-color AccentColor --compress-pngs --enable-on-demand-resources YES --development-region en --target-device iphone --minimum-deployment-target 17.0 --platform iphoneos
objc[9086]: Class _NoAnimationDelegate is implemented in both /Library/Developer/CoreSimulator/Volumes/iOS_23A343/Library/Developer/CoreSimulator/Profiles/Runtimes/iOS 26.0.simruntime/Contents/Resources/RuntimeRoot/System/Library/Frameworks/SwiftUICore.framework/SwiftUICore (0x145610130) and /Library/Developer/CoreSimulator/Volumes/iOS_23A343/Library/Developer/CoreSimulator/Profiles/Runtimes/iOS 26.0.simruntime/Contents/Resources/RuntimeRoot/System/Library/PrivateFrameworks/UIKitCore.framework/UIKitCore (0x142779198). This may cause spurious casting failures and mysterious crashes. One of the duplicates must be removed or renamed.
/* com.apple.actool.compilation-results */
/Users/benkohler/Library/Developer/Xcode/DerivedData/GymBo-dvwcdxgmvblbpbeitnwmqoicwfbl/Build/Intermediates.noindex/GymBo.build/Debug-iphoneos/GymBo.build/assetcatalog_generated_info.plist_thinned
/Users/benkohler/Library/Developer/Xcode/DerivedData/GymBo-dvwcdxgmvblbpbeitnwmqoicwfbl/Build/Intermediates.noindex/GymBo.build/Debug-iphoneos/GymBo.build/assetcatalog_output/thinned/AppIcon60x60@2x.png
/Users/benkohler/Library/Developer/Xcode/DerivedData/GymBo-dvwcdxgmvblbpbeitnwmqoicwfbl/Build/Intermediates.noindex/GymBo.build/Debug-iphoneos/GymBo.build/assetcatalog_output/thinned/AppIcon76x76@2x~ipad.png
/Users/benkohler/Library/Developer/Xcode/DerivedData/GymBo-dvwcdxgmvblbpbeitnwmqoicwfbl/Build/Intermediates.noindex/GymBo.build/Debug-iphoneos/GymBo.build/assetcatalog_output/thinned/Assets.car


SwiftDriver GymBo normal arm64 com.apple.xcode.tools.swift.compiler (in target 'GymBo' from project 'GymBo')
    cd /Users/benkohler/projekte/gym-app
    builtin-SwiftDriver -- /Applications/Xcode.app/Contents/Developer/Toolchains/XcodeDefault.xctoolchain/usr/bin/swiftc -module-name GymBo -Onone -enforce-exclusivity\=checked @/Users/benkohler/Library/Developer/Xcode/DerivedData/GymBo-dvwcdxgmvblbpbeitnwmqoicwfbl/Build/Intermediates.noindex/GymBo.build/Debug-iphoneos/GymBo.build/Objects-normal/arm64/GymBo.SwiftFileList -DDEBUG -enable-bare-slash-regex -enable-experimental-feature DebugDescriptionMacro -sdk /Applications/Xcode.app/Contents/Developer/Platforms/iPhoneOS.platform/Developer/SDKs/iPhoneOS26.0.sdk -target arm64-apple-ios17.0 -g -module-cache-path /Users/benkohler/Library/Developer/Xcode/DerivedData/ModuleCache.noindex -Xfrontend -serialize-debugging-options -profile-coverage-mapping -profile-generate -enable-testing -index-store-path /Users/benkohler/Library/Developer/Xcode/DerivedData/GymBo-dvwcdxgmvblbpbeitnwmqoicwfbl/Index.noindex/DataStore -Xcc -D_LIBCPP_HARDENING_MODE\=_LIBCPP_HARDENING_MODE_DEBUG -swift-version 5 -I /Users/benkohler/Library/Developer/Xcode/DerivedData/GymBo-dvwcdxgmvblbpbeitnwmqoicwfbl/Build/Products/Debug-iphoneos -F /Users/benkohler/Library/Developer/Xcode/DerivedData/GymBo-dvwcdxgmvblbpbeitnwmqoicwfbl/Build/Products/Debug-iphoneos -emit-localized-strings -emit-localized-strings-path /Users/benkohler/Library/Developer/Xcode/DerivedData/GymBo-dvwcdxgmvblbpbeitnwmqoicwfbl/Build/Intermediates.noindex/GymBo.build/Debug-iphoneos/GymBo.build/Objects-normal/arm64 -c -j8 -enable-batch-mode -incremental -Xcc -ivfsstatcache -Xcc /Users/benkohler/Library/Developer/Xcode/DerivedData/SDKStatCaches.noindex/iphoneos26.0-23A339-81ce72e5b06c9602b9d30b56f2eed08a.sdkstatcache -output-file-map /Users/benkohler/Library/Developer/Xcode/DerivedData/GymBo-dvwcdxgmvblbpbeitnwmqoicwfbl/Build/Intermediates.noindex/GymBo.build/Debug-iphoneos/GymBo.build/Objects-normal/arm64/GymBo-OutputFileMap.json -use-frontend-parseable-output -save-temps -no-color-diagnostics -explicit-module-build -module-cache-path /Users/benkohler/Library/Developer/Xcode/DerivedData/GymBo-dvwcdxgmvblbpbeitnwmqoicwfbl/Build/Intermediates.noindex/SwiftExplicitPrecompiledModules -clang-scanner-module-cache-path /Users/benkohler/Library/Developer/Xcode/DerivedData/ModuleCache.noindex -sdk-module-cache-path /Users/benkohler/Library/Developer/Xcode/DerivedData/ModuleCache.noindex -serialize-diagnostics -emit-dependencies -emit-module -emit-module-path /Users/benkohler/Library/Developer/Xcode/DerivedData/GymBo-dvwcdxgmvblbpbeitnwmqoicwfbl/Build/Intermediates.noindex/GymBo.build/Debug-iphoneos/GymBo.build/Objects-normal/arm64/GymBo.swiftmodule -validate-clang-modules-once -clang-build-session-file /Users/benkohler/Library/Developer/Xcode/DerivedData/ModuleCache.noindex/Session.modulevalidation -Xcc -I/Users/benkohler/Library/Developer/Xcode/DerivedData/GymBo-dvwcdxgmvblbpbeitnwmqoicwfbl/Build/Intermediates.noindex/GymBo.build/Debug-iphoneos/GymBo.build/swift-overrides.hmap -emit-const-values -Xfrontend -const-gather-protocols-file -Xfrontend /Users/benkohler/Library/Developer/Xcode/DerivedData/GymBo-dvwcdxgmvblbpbeitnwmqoicwfbl/Build/Intermediates.noindex/GymBo.build/Debug-iphoneos/GymBo.build/Objects-normal/arm64/GymBo_const_extract_protocols.json -Xcc -iquote -Xcc /Users/benkohler/Library/Developer/Xcode/DerivedData/GymBo-dvwcdxgmvblbpbeitnwmqoicwfbl/Build/Intermediates.noindex/GymBo.build/Debug-iphoneos/GymBo.build/GymBo-generated-files.hmap -Xcc -I/Users/benkohler/Library/Developer/Xcode/DerivedData/GymBo-dvwcdxgmvblbpbeitnwmqoicwfbl/Build/Intermediates.noindex/GymBo.build/Debug-iphoneos/GymBo.build/GymBo-own-target-headers.hmap -Xcc -I/Users/benkohler/Library/Developer/Xcode/DerivedData/GymBo-dvwcdxgmvblbpbeitnwmqoicwfbl/Build/Intermediates.noindex/GymBo.build/Debug-iphoneos/GymBo.build/GymBo-all-target-headers.hmap -Xcc -iquote -Xcc /Users/benkohler/Library/Developer/Xcode/DerivedData/GymBo-dvwcdxgmvblbpbeitnwmqoicwfbl/Build/Intermediates.noindex/GymBo.build/Debug-iphoneos/GymBo.build/GymBo-project-headers.hmap -Xcc -I/Users/benkohler/Library/Developer/Xcode/DerivedData/GymBo-dvwcdxgmvblbpbeitnwmqoicwfbl/Build/Products/Debug-iphoneos/include -Xcc -I/Users/benkohler/Library/Developer/Xcode/DerivedData/GymBo-dvwcdxgmvblbpbeitnwmqoicwfbl/Build/Intermediates.noindex/GymBo.build/Debug-iphoneos/GymBo.build/DerivedSources-normal/arm64 -Xcc -I/Users/benkohler/Library/Developer/Xcode/DerivedData/GymBo-dvwcdxgmvblbpbeitnwmqoicwfbl/Build/Intermediates.noindex/GymBo.build/Debug-iphoneos/GymBo.build/DerivedSources/arm64 -Xcc -I/Users/benkohler/Library/Developer/Xcode/DerivedData/GymBo-dvwcdxgmvblbpbeitnwmqoicwfbl/Build/Intermediates.noindex/GymBo.build/Debug-iphoneos/GymBo.build/DerivedSources -Xcc -DDEBUG\=1 -emit-objc-header -emit-objc-header-path /Users/benkohler/Library/Developer/Xcode/DerivedData/GymBo-dvwcdxgmvblbpbeitnwmqoicwfbl/Build/Intermediates.noindex/GymBo.build/Debug-iphoneos/GymBo.build/Objects-normal/arm64/GymBo-Swift.h -working-directory /Users/benkohler/projekte/gym-app -experimental-emit-module-separately -disable-cmo

SwiftDriverJobDiscovery normal arm64 Compiling WorkoutWidgetsControl.swift (in target 'WorkoutWidgetsExtension' from project 'GymBo')

SwiftDriverJobDiscovery normal arm64 Compiling GeneratedAssetSymbols.swift (in target 'WorkoutWidgetsExtension' from project 'GymBo')

SwiftDriverJobDiscovery normal arm64 Compiling AppIntent.swift (in target 'WorkoutWidgetsExtension' from project 'GymBo')

SwiftDriverJobDiscovery normal arm64 Compiling WorkoutWidgetsBundle.swift (in target 'WorkoutWidgetsExtension' from project 'GymBo')

SwiftExplicitDependencyGeneratePcm arm64 /Users/benkohler/Library/Developer/Xcode/DerivedData/ModuleCache.noindex/_Builtin_stdbool-7SAMFHO5LVDJCUNSKOT56CLO7.pcm

SwiftExplicitDependencyGeneratePcm arm64 /Users/benkohler/Library/Developer/Xcode/DerivedData/ModuleCache.noindex/ActivityKit-254H5X7SB75P9HZ2UGN4PPPI3.pcm

SwiftExplicitDependencyGeneratePcm arm64 /Users/benkohler/Library/Developer/Xcode/DerivedData/ModuleCache.noindex/_AvailabilityInternal-9A0POY5WYZTD8OI1TNYN8PS5Q.pcm

SwiftExplicitDependencyGeneratePcm arm64 /Users/benkohler/Library/Developer/Xcode/DerivedData/ModuleCache.noindex/_Builtin_stddef-3JMO78DF3TMB0ZG3U935RP02B.pcm

SwiftExplicitDependencyGeneratePcm arm64 /Users/benkohler/Library/Developer/Xcode/DerivedData/ModuleCache.noindex/ptrcheck-3ZDKSQTRG1PMUDUU8KYDTQJOA.pcm

SwiftExplicitDependencyGeneratePcm arm64 /Users/benkohler/Library/Developer/Xcode/DerivedData/ModuleCache.noindex/ptrauth-2OGHCTIPVKJVWYFXMD08MG18A.pcm

SwiftDriverJobDiscovery normal arm64 Compiling WorkoutWidgets.swift (in target 'WorkoutWidgetsExtension' from project 'GymBo')

SwiftExplicitDependencyGeneratePcm arm64 /Users/benkohler/Library/Developer/Xcode/DerivedData/ModuleCache.noindex/SwiftShims-1JVA2UZ0KEGAP1NTUHH91A0WM.pcm

SwiftDriverJobDiscovery normal arm64 Compiling WorkoutWidgetsLiveActivity.swift (in target 'WorkoutWidgetsExtension' from project 'GymBo')

SwiftExplicitDependencyGeneratePcm arm64 /Users/benkohler/Library/Developer/Xcode/DerivedData/ModuleCache.noindex/_SwiftConcurrencyShims-1WWX8N1PGT7OCFOTDMYXRSBEX.pcm

SwiftExplicitDependencyGeneratePcm arm64 /Users/benkohler/Library/Developer/Xcode/DerivedData/ModuleCache.noindex/DeveloperToolsSupport-EKH5VL6F2G7C8M98UU5Z5MSB7.pcm

SwiftExplicitDependencyGeneratePcm arm64 /Users/benkohler/Library/Developer/Xcode/DerivedData/ModuleCache.noindex/_Builtin_float-8IDCANPBK084T04Q650NX304Q.pcm

SwiftExplicitDependencyGeneratePcm arm64 /Users/benkohler/Library/Developer/Xcode/DerivedData/ModuleCache.noindex/_Builtin_stdarg-1JUHESHFNEELGDEZA5RN9KTVE.pcm

SwiftDriver\ Compilation WorkoutWidgetsExtension normal arm64 com.apple.xcode.tools.swift.compiler (in target 'WorkoutWidgetsExtension' from project 'GymBo')
    cd /Users/benkohler/projekte/gym-app
    builtin-Swift-Compilation -- /Applications/Xcode.app/Contents/Developer/Toolchains/XcodeDefault.xctoolchain/usr/bin/swiftc -module-name WorkoutWidgetsExtension -Onone -enforce-exclusivity\=checked @/Users/benkohler/Library/Developer/Xcode/DerivedData/GymBo-dvwcdxgmvblbpbeitnwmqoicwfbl/Build/Intermediates.noindex/GymBo.build/Debug-iphoneos/WorkoutWidgetsExtension.build/Objects-normal/arm64/WorkoutWidgetsExtension.SwiftFileList -DDEBUG -enable-bare-slash-regex -enable-upcoming-feature DisableOutwardActorInference -enable-upcoming-feature InferSendableFromCaptures -enable-upcoming-feature GlobalActorIsolatedTypesUsability -enable-upcoming-feature MemberImportVisibility -enable-upcoming-feature InferIsolatedConformances -enable-upcoming-feature NonisolatedNonsendingByDefault -enable-experimental-feature DebugDescriptionMacro -sdk /Applications/Xcode.app/Contents/Developer/Platforms/iPhoneOS.platform/Developer/SDKs/iPhoneOS26.0.sdk -target arm64-apple-ios18.6 -g -module-cache-path /Users/benkohler/Library/Developer/Xcode/DerivedData/ModuleCache.noindex -Xfrontend -serialize-debugging-options -application-extension -profile-coverage-mapping -profile-generate -enable-testing -index-store-path /Users/benkohler/Library/Developer/Xcode/DerivedData/GymBo-dvwcdxgmvblbpbeitnwmqoicwfbl/Index.noindex/DataStore -Xcc -D_LIBCPP_HARDENING_MODE\=_LIBCPP_HARDENING_MODE_DEBUG -swift-version 5 -I /Users/benkohler/Library/Developer/Xcode/DerivedData/GymBo-dvwcdxgmvblbpbeitnwmqoicwfbl/Build/Products/Debug-iphoneos -F /Users/benkohler/Library/Developer/Xcode/DerivedData/GymBo-dvwcdxgmvblbpbeitnwmqoicwfbl/Build/Products/Debug-iphoneos -emit-localized-strings -emit-localized-strings-path /Users/benkohler/Library/Developer/Xcode/DerivedData/GymBo-dvwcdxgmvblbpbeitnwmqoicwfbl/Build/Intermediates.noindex/GymBo.build/Debug-iphoneos/WorkoutWidgetsExtension.build/Objects-normal/arm64 -c -j8 -enable-batch-mode -incremental -Xcc -ivfsstatcache -Xcc /Users/benkohler/Library/Developer/Xcode/DerivedData/SDKStatCaches.noindex/iphoneos26.0-23A339-81ce72e5b06c9602b9d30b56f2eed08a.sdkstatcache -output-file-map /Users/benkohler/Library/Developer/Xcode/DerivedData/GymBo-dvwcdxgmvblbpbeitnwmqoicwfbl/Build/Intermediates.noindex/GymBo.build/Debug-iphoneos/WorkoutWidgetsExtension.build/Objects-normal/arm64/WorkoutWidgetsExtension-OutputFileMap.json -use-frontend-parseable-output -save-temps -no-color-diagnostics -explicit-module-build -module-cache-path /Users/benkohler/Library/Developer/Xcode/DerivedData/GymBo-dvwcdxgmvblbpbeitnwmqoicwfbl/Build/Intermediates.noindex/SwiftExplicitPrecompiledModules -clang-scanner-module-cache-path /Users/benkohler/Library/Developer/Xcode/DerivedData/ModuleCache.noindex -sdk-module-cache-path /Users/benkohler/Library/Developer/Xcode/DerivedData/ModuleCache.noindex -serialize-diagnostics -emit-dependencies -emit-module -emit-module-path /Users/benkohler/Library/Developer/Xcode/DerivedData/GymBo-dvwcdxgmvblbpbeitnwmqoicwfbl/Build/Intermediates.noindex/GymBo.build/Debug-iphoneos/WorkoutWidgetsExtension.build/Objects-normal/arm64/WorkoutWidgetsExtension.swiftmodule -validate-clang-modules-once -clang-build-session-file /Users/benkohler/Library/Developer/Xcode/DerivedData/ModuleCache.noindex/Session.modulevalidation -Xcc -I/Users/benkohler/Library/Developer/Xcode/DerivedData/GymBo-dvwcdxgmvblbpbeitnwmqoicwfbl/Build/Intermediates.noindex/GymBo.build/Debug-iphoneos/WorkoutWidgetsExtension.build/swift-overrides.hmap -emit-const-values -Xfrontend -const-gather-protocols-file -Xfrontend /Users/benkohler/Library/Developer/Xcode/DerivedData/GymBo-dvwcdxgmvblbpbeitnwmqoicwfbl/Build/Intermediates.noindex/GymBo.build/Debug-iphoneos/WorkoutWidgetsExtension.build/Objects-normal/arm64/WorkoutWidgetsExtension_const_extract_protocols.json -Xcc -iquote -Xcc /Users/benkohler/Library/Developer/Xcode/DerivedData/GymBo-dvwcdxgmvblbpbeitnwmqoicwfbl/Build/Intermediates.noindex/GymBo.build/Debug-iphoneos/WorkoutWidgetsExtension.build/WorkoutWidgetsExtension-generated-files.hmap -Xcc -I/Users/benkohler/Library/Developer/Xcode/DerivedData/GymBo-dvwcdxgmvblbpbeitnwmqoicwfbl/Build/Intermediates.noindex/GymBo.build/Debug-iphoneos/WorkoutWidgetsExtension.build/WorkoutWidgetsExtension-own-target-headers.hmap -Xcc -I/Users/benkohler/Library/Developer/Xcode/DerivedData/GymBo-dvwcdxgmvblbpbeitnwmqoicwfbl/Build/Intermediates.noindex/GymBo.build/Debug-iphoneos/WorkoutWidgetsExtension.build/WorkoutWidgetsExtension-all-target-headers.hmap -Xcc -iquote -Xcc /Users/benkohler/Library/Developer/Xcode/DerivedData/GymBo-dvwcdxgmvblbpbeitnwmqoicwfbl/Build/Intermediates.noindex/GymBo.build/Debug-iphoneos/WorkoutWidgetsExtension.build/WorkoutWidgetsExtension-project-headers.hmap -Xcc -I/Users/benkohler/Library/Developer/Xcode/DerivedData/GymBo-dvwcdxgmvblbpbeitnwmqoicwfbl/Build/Products/Debug-iphoneos/include -Xcc -I/Users/benkohler/Library/Developer/Xcode/DerivedData/GymBo-dvwcdxgmvblbpbeitnwmqoicwfbl/Build/Intermediates.noindex/GymBo.build/Debug-iphoneos/WorkoutWidgetsExtension.build/DerivedSources-normal/arm64 -Xcc -I/Users/benkohler/Library/Developer/Xcode/DerivedData/GymBo-dvwcdxgmvblbpbeitnwmqoicwfbl/Build/Intermediates.noindex/GymBo.build/Debug-iphoneos/WorkoutWidgetsExtension.build/DerivedSources/arm64 -Xcc -I/Users/benkohler/Library/Developer/Xcode/DerivedData/GymBo-dvwcdxgmvblbpbeitnwmqoicwfbl/Build/Intermediates.noindex/GymBo.build/Debug-iphoneos/WorkoutWidgetsExtension.build/DerivedSources -Xcc -DDEBUG\=1 -emit-objc-header -emit-objc-header-path /Users/benkohler/Library/Developer/Xcode/DerivedData/GymBo-dvwcdxgmvblbpbeitnwmqoicwfbl/Build/Intermediates.noindex/GymBo.build/Debug-iphoneos/WorkoutWidgetsExtension.build/Objects-normal/arm64/WorkoutWidgetsExtension-Swift.h -working-directory /Users/benkohler/projekte/gym-app -experimental-emit-module-separately -disable-cmo

SwiftExplicitDependencyGeneratePcm arm64 /Users/benkohler/Library/Developer/Xcode/DerivedData/ModuleCache.noindex/_DarwinFoundation1-CFAONPD7IB050ZGTJGCKD2G6A.pcm

Ld /Users/benkohler/Library/Developer/Xcode/DerivedData/GymBo-dvwcdxgmvblbpbeitnwmqoicwfbl/Build/Products/Debug-iphoneos/WorkoutWidgetsExtension.appex/WorkoutWidgetsExtension.debug.dylib normal (in target 'WorkoutWidgetsExtension' from project 'GymBo')
    cd /Users/benkohler/projekte/gym-app
    /Applications/Xcode.app/Contents/Developer/Toolchains/XcodeDefault.xctoolchain/usr/bin/clang -Xlinker -reproducible -target arm64-apple-ios18.6 -dynamiclib -isysroot /Applications/Xcode.app/Contents/Developer/Platforms/iPhoneOS.platform/Developer/SDKs/iPhoneOS26.0.sdk -O0 -L/Users/benkohler/Library/Developer/Xcode/DerivedData/GymBo-dvwcdxgmvblbpbeitnwmqoicwfbl/Build/Intermediates.noindex/EagerLinkingTBDs/Debug-iphoneos -L/Users/benkohler/Library/Developer/Xcode/DerivedData/GymBo-dvwcdxgmvblbpbeitnwmqoicwfbl/Build/Products/Debug-iphoneos -F/Users/benkohler/Library/Developer/Xcode/DerivedData/GymBo-dvwcdxgmvblbpbeitnwmqoicwfbl/Build/Intermediates.noindex/EagerLinkingTBDs/Debug-iphoneos -F/Users/benkohler/Library/Developer/Xcode/DerivedData/GymBo-dvwcdxgmvblbpbeitnwmqoicwfbl/Build/Products/Debug-iphoneos -filelist /Users/benkohler/Library/Developer/Xcode/DerivedData/GymBo-dvwcdxgmvblbpbeitnwmqoicwfbl/Build/Intermediates.noindex/GymBo.build/Debug-iphoneos/WorkoutWidgetsExtension.build/Objects-normal/arm64/WorkoutWidgetsExtension.LinkFileList -install_name @rpath/WorkoutWidgetsExtension.debug.dylib -Xlinker -rpath -Xlinker /usr/lib/swift -Xlinker -rpath -Xlinker @executable_path/Frameworks -Xlinker -rpath -Xlinker @executable_path/../../Frameworks -dead_strip -Xlinker -object_path_lto -Xlinker /Users/benkohler/Library/Developer/Xcode/DerivedData/GymBo-dvwcdxgmvblbpbeitnwmqoicwfbl/Build/Intermediates.noindex/GymBo.build/Debug-iphoneos/WorkoutWidgetsExtension.build/Objects-normal/arm64/WorkoutWidgetsExtension_lto.o -rdynamic -Xlinker -no_deduplicate -Xlinker -debug_variant -Xlinker -dependency_info -Xlinker /Users/benkohler/Library/Developer/Xcode/DerivedData/GymBo-dvwcdxgmvblbpbeitnwmqoicwfbl/Build/Intermediates.noindex/GymBo.build/Debug-iphoneos/WorkoutWidgetsExtension.build/Objects-normal/arm64/WorkoutWidgetsExtension_dependency_info.dat -fapplication-extension -fobjc-link-runtime -fprofile-instr-generate -L/Applications/Xcode.app/Contents/Developer/Toolchains/XcodeDefault.xctoolchain/usr/lib/swift/iphoneos -L/usr/lib/swift -Xlinker -add_ast_path -Xlinker /Users/benkohler/Library/Developer/Xcode/DerivedData/GymBo-dvwcdxgmvblbpbeitnwmqoicwfbl/Build/Intermediates.noindex/GymBo.build/Debug-iphoneos/WorkoutWidgetsExtension.build/Objects-normal/arm64/WorkoutWidgetsExtension.swiftmodule @/Users/benkohler/Library/Developer/Xcode/DerivedData/GymBo-dvwcdxgmvblbpbeitnwmqoicwfbl/Build/Intermediates.noindex/GymBo.build/Debug-iphoneos/WorkoutWidgetsExtension.build/Objects-normal/arm64/WorkoutWidgetsExtension-linker-args.resp -Xlinker -alias -Xlinker _NSExtensionMain -Xlinker ___debug_main_executable_dylib_entry_point -framework SwiftUI -framework WidgetKit -Xlinker -no_adhoc_codesign -o /Users/benkohler/Library/Developer/Xcode/DerivedData/GymBo-dvwcdxgmvblbpbeitnwmqoicwfbl/Build/Products/Debug-iphoneos/WorkoutWidgetsExtension.appex/WorkoutWidgetsExtension.debug.dylib

SwiftExplicitDependencyGeneratePcm arm64 /Users/benkohler/Library/Developer/Xcode/DerivedData/ModuleCache.noindex/_DarwinFoundation2-BIURGQFCQFEQHEIBNRAX0V89J.pcm

SwiftExplicitDependencyGeneratePcm arm64 /Users/benkohler/Library/Developer/Xcode/DerivedData/ModuleCache.noindex/_Builtin_limits-662L326F6CRFBDMPQMJC3SXHD.pcm

SwiftExplicitDependencyGeneratePcm arm64 /Users/benkohler/Library/Developer/Xcode/DerivedData/ModuleCache.noindex/_Builtin_tgmath-5C3XV5V45R4D2C1D5NFANVX35.pcm

SwiftExplicitDependencyGeneratePcm arm64 /Users/benkohler/Library/Developer/Xcode/DerivedData/ModuleCache.noindex/sys_types-3H097BFLXDC9CXXJEBGKD5FEX.pcm

SwiftExplicitDependencyGeneratePcm arm64 /Users/benkohler/Library/Developer/Xcode/DerivedData/ModuleCache.noindex/_Builtin_stdint-DUHMOTBQ116QUNLOC1NX3FH87.pcm

SwiftExplicitDependencyGeneratePcm arm64 /Users/benkohler/Library/Developer/Xcode/DerivedData/ModuleCache.noindex/_DarwinFoundation3-BKO8ILC61IG0E23R9TYI374IT.pcm

SwiftExplicitDependencyGeneratePcm arm64 /Users/benkohler/Library/Developer/Xcode/DerivedData/ModuleCache.noindex/_Builtin_intrinsics-4CQQNONDG8KYDEDB7HDTF55B4.pcm

SwiftExplicitDependencyGeneratePcm arm64 /Users/benkohler/Library/Developer/Xcode/DerivedData/ModuleCache.noindex/_Builtin_stdatomic-C4EV4BN15UYN4Z4V6S5QTA3QJ.pcm

SwiftExplicitDependencyGeneratePcm arm64 /Users/benkohler/Library/Developer/Xcode/DerivedData/ModuleCache.noindex/_Builtin_inttypes-8E0AXZJZYT1KER28AHVEKDVEB.pcm

SwiftExplicitDependencyGeneratePcm arm64 /Users/benkohler/Library/Developer/Xcode/DerivedData/ModuleCache.noindex/Darwin-DH5JW1UPESAD9NWPO09T4GVPP.pcm

SwiftExplicitDependencyGeneratePcm arm64 /Users/benkohler/Library/Developer/Xcode/DerivedData/ModuleCache.noindex/simd-28DDBSXWUHGF9I0NRBHEY668N.pcm

ConstructStubExecutorLinkFileList /Users/benkohler/Library/Developer/Xcode/DerivedData/GymBo-dvwcdxgmvblbpbeitnwmqoicwfbl/Build/Intermediates.noindex/GymBo.build/Debug-iphoneos/WorkoutWidgetsExtension.build/WorkoutWidgetsExtension-ExecutorLinkFileList-normal-arm64.txt (in target 'WorkoutWidgetsExtension' from project 'GymBo')
    cd /Users/benkohler/projekte/gym-app
    construct-stub-executor-link-file-list /Users/benkohler/Library/Developer/Xcode/DerivedData/GymBo-dvwcdxgmvblbpbeitnwmqoicwfbl/Build/Products/Debug-iphoneos/WorkoutWidgetsExtension.appex/WorkoutWidgetsExtension.debug.dylib /Applications/Xcode.app/Contents/Developer/Platforms/iPhoneOS.platform/Developer/usr/lib/libPreviewsJITStubExecutor_no_swift_entry_point.a /Applications/Xcode.app/Contents/Developer/Platforms/iPhoneOS.platform/Developer/usr/lib/libPreviewsJITStubExecutor.a --output /Users/benkohler/Library/Developer/Xcode/DerivedData/GymBo-dvwcdxgmvblbpbeitnwmqoicwfbl/Build/Intermediates.noindex/GymBo.build/Debug-iphoneos/WorkoutWidgetsExtension.build/WorkoutWidgetsExtension-ExecutorLinkFileList-normal-arm64.txt
note: Using stub executor library with Swift entry point. (in target 'WorkoutWidgetsExtension' from project 'GymBo')

Ld /Users/benkohler/Library/Developer/Xcode/DerivedData/GymBo-dvwcdxgmvblbpbeitnwmqoicwfbl/Build/Products/Debug-iphoneos/WorkoutWidgetsExtension.appex/WorkoutWidgetsExtension normal (in target 'WorkoutWidgetsExtension' from project 'GymBo')
    cd /Users/benkohler/projekte/gym-app
    /Applications/Xcode.app/Contents/Developer/Toolchains/XcodeDefault.xctoolchain/usr/bin/clang -Xlinker -reproducible -target arm64-apple-ios18.6 -isysroot /Applications/Xcode.app/Contents/Developer/Platforms/iPhoneOS.platform/Developer/SDKs/iPhoneOS26.0.sdk -O0 -L/Users/benkohler/Library/Developer/Xcode/DerivedData/GymBo-dvwcdxgmvblbpbeitnwmqoicwfbl/Build/Products/Debug-iphoneos -F/Users/benkohler/Library/Developer/Xcode/DerivedData/GymBo-dvwcdxgmvblbpbeitnwmqoicwfbl/Build/Products/Debug-iphoneos -Xlinker -rpath -Xlinker @executable_path -Xlinker -rpath -Xlinker @executable_path/Frameworks -Xlinker -rpath -Xlinker @executable_path/../../Frameworks -rdynamic -Xlinker -no_deduplicate -Xlinker -debug_variant -e ___debug_blank_executor_main -Xlinker -sectcreate -Xlinker __TEXT -Xlinker __debug_dylib -Xlinker /Users/benkohler/Library/Developer/Xcode/DerivedData/GymBo-dvwcdxgmvblbpbeitnwmqoicwfbl/Build/Intermediates.noindex/GymBo.build/Debug-iphoneos/WorkoutWidgetsExtension.build/WorkoutWidgetsExtension-DebugDylibPath-normal-arm64.txt -Xlinker -sectcreate -Xlinker __TEXT -Xlinker __debug_entry -Xlinker /Users/benkohler/Library/Developer/Xcode/DerivedData/GymBo-dvwcdxgmvblbpbeitnwmqoicwfbl/Build/Intermediates.noindex/GymBo.build/Debug-iphoneos/WorkoutWidgetsExtension.build/WorkoutWidgetsExtension-DebugEntryPoint-normal-arm64.txt -Xlinker -sectcreate -Xlinker __TEXT -Xlinker __debug_instlnm -Xlinker /Users/benkohler/Library/Developer/Xcode/DerivedData/GymBo-dvwcdxgmvblbpbeitnwmqoicwfbl/Build/Intermediates.noindex/GymBo.build/Debug-iphoneos/WorkoutWidgetsExtension.build/WorkoutWidgetsExtension-DebugDylibInstallName-normal-arm64.txt -Xlinker -filelist -Xlinker /Users/benkohler/Library/Developer/Xcode/DerivedData/GymBo-dvwcdxgmvblbpbeitnwmqoicwfbl/Build/Intermediates.noindex/GymBo.build/Debug-iphoneos/WorkoutWidgetsExtension.build/WorkoutWidgetsExtension-ExecutorLinkFileList-normal-arm64.txt /Users/benkohler/Library/Developer/Xcode/DerivedData/GymBo-dvwcdxgmvblbpbeitnwmqoicwfbl/Build/Products/Debug-iphoneos/WorkoutWidgetsExtension.appex/WorkoutWidgetsExtension.debug.dylib -Xlinker -no_adhoc_codesign -o /Users/benkohler/Library/Developer/Xcode/DerivedData/GymBo-dvwcdxgmvblbpbeitnwmqoicwfbl/Build/Products/Debug-iphoneos/WorkoutWidgetsExtension.appex/WorkoutWidgetsExtension

ExtractAppIntentsMetadata (in target 'WorkoutWidgetsExtension' from project 'GymBo')
    cd /Users/benkohler/projekte/gym-app
    /Applications/Xcode.app/Contents/Developer/Toolchains/XcodeDefault.xctoolchain/usr/bin/appintentsmetadataprocessor --toolchain-dir /Applications/Xcode.app/Contents/Developer/Toolchains/XcodeDefault.xctoolchain --module-name WorkoutWidgetsExtension --sdk-root /Applications/Xcode.app/Contents/Developer/Platforms/iPhoneOS.platform/Developer/SDKs/iPhoneOS26.0.sdk --xcode-version 17A400 --platform-family iOS --deployment-target 18.6 --bundle-identifier com.example.GymTracker.WorkoutWidgets --output /Users/benkohler/Library/Developer/Xcode/DerivedData/GymBo-dvwcdxgmvblbpbeitnwmqoicwfbl/Build/Products/Debug-iphoneos/WorkoutWidgetsExtension.appex --target-triple arm64-apple-ios18.6 --binary-file /Users/benkohler/Library/Developer/Xcode/DerivedData/GymBo-dvwcdxgmvblbpbeitnwmqoicwfbl/Build/Products/Debug-iphoneos/WorkoutWidgetsExtension.appex/WorkoutWidgetsExtension --dependency-file /Users/benkohler/Library/Developer/Xcode/DerivedData/GymBo-dvwcdxgmvblbpbeitnwmqoicwfbl/Build/Intermediates.noindex/GymBo.build/Debug-iphoneos/WorkoutWidgetsExtension.build/Objects-normal/arm64/WorkoutWidgetsExtension_dependency_info.dat --stringsdata-file /Users/benkohler/Library/Developer/Xcode/DerivedData/GymBo-dvwcdxgmvblbpbeitnwmqoicwfbl/Build/Intermediates.noindex/GymBo.build/Debug-iphoneos/WorkoutWidgetsExtension.build/Objects-normal/arm64/ExtractedAppShortcutsMetadata.stringsdata --source-file-list /Users/benkohler/Library/Developer/Xcode/DerivedData/GymBo-dvwcdxgmvblbpbeitnwmqoicwfbl/Build/Intermediates.noindex/GymBo.build/Debug-iphoneos/WorkoutWidgetsExtension.build/Objects-normal/arm64/WorkoutWidgetsExtension.SwiftFileList --metadata-file-list /Users/benkohler/Library/Developer/Xcode/DerivedData/GymBo-dvwcdxgmvblbpbeitnwmqoicwfbl/Build/Intermediates.noindex/GymBo.build/Debug-iphoneos/WorkoutWidgetsExtension.build/WorkoutWidgetsExtension.DependencyMetadataFileList --static-metadata-file-list /Users/benkohler/Library/Developer/Xcode/DerivedData/GymBo-dvwcdxgmvblbpbeitnwmqoicwfbl/Build/Intermediates.noindex/GymBo.build/Debug-iphoneos/WorkoutWidgetsExtension.build/WorkoutWidgetsExtension.DependencyStaticMetadataFileList --swift-const-vals-list /Users/benkohler/Library/Developer/Xcode/DerivedData/GymBo-dvwcdxgmvblbpbeitnwmqoicwfbl/Build/Intermediates.noindex/GymBo.build/Debug-iphoneos/WorkoutWidgetsExtension.build/Objects-normal/arm64/WorkoutWidgetsExtension.SwiftConstValuesFileList --compile-time-extraction --deployment-aware-processing --validate-assistant-intents --no-app-shortcuts-localization
2025-10-14 11:21:42.488 appintentsmetadataprocessor[9116:1642945] Starting appintentsmetadataprocessor export
2025-10-14 11:21:42.654 appintentsmetadataprocessor[9116:1642945] Writing Metadata.appintents
2025-10-14 11:21:42.654 appintentsmetadataprocessor[9116:1642945] Metadata root: /Users/benkohler/Library/Developer/Xcode/DerivedData/GymBo-dvwcdxgmvblbpbeitnwmqoicwfbl/Build/Products/Debug-iphoneos/WorkoutWidgetsExtension.appex/Metadata.appintents

SwiftExplicitDependencyGeneratePcm arm64 /Users/benkohler/Library/Developer/Xcode/DerivedData/ModuleCache.noindex/MachO-D60PK0VDSRBVZK5OPUHRSLEJ1.pcm

SwiftExplicitDependencyGeneratePcm arm64 /Users/benkohler/Library/Developer/Xcode/DerivedData/ModuleCache.noindex/ObjectiveC-7N4237L3WCHXTX3DQW7S6LC40.pcm

SwiftExplicitDependencyGeneratePcm arm64 /Users/benkohler/Library/Developer/Xcode/DerivedData/ModuleCache.noindex/os_object-AEBP559U30BDC2Z5F2UX2HU81.pcm

SwiftExplicitDependencyGeneratePcm arm64 /Users/benkohler/Library/Developer/Xcode/DerivedData/ModuleCache.noindex/os_workgroup-AHAR7GF5N4XSFT1QQWHEDW4Q7.pcm

SwiftExplicitDependencyGeneratePcm arm64 /Users/benkohler/Library/Developer/Xcode/DerivedData/ModuleCache.noindex/Spatial-18MWSHUMDGB556UCJS0DQ8WQ4.pcm

SwiftExplicitDependencyGeneratePcm arm64 /Users/benkohler/Library/Developer/Xcode/DerivedData/ModuleCache.noindex/Dispatch-7GIACNWBG92NOTG0TGK0GMZWV.pcm

SwiftExplicitDependencyGeneratePcm arm64 /Users/benkohler/Library/Developer/Xcode/DerivedData/ModuleCache.noindex/XPC-CTMYE4HXVBD9GPQR6LNRF31QR.pcm

SwiftExplicitDependencyGeneratePcm arm64 /Users/benkohler/Library/Developer/Xcode/DerivedData/ModuleCache.noindex/dnssd-BOJPL1SFMD52S2ZT0O68UDBUC.pcm

SwiftExplicitDependencyGeneratePcm arm64 /Users/benkohler/Library/Developer/Xcode/DerivedData/ModuleCache.noindex/CoreFoundation-BYC3FCUZRA2B6QV5HZVBQY3IZ.pcm

AppIntentsSSUTraining (in target 'WorkoutWidgetsExtension' from project 'GymBo')
    cd /Users/benkohler/projekte/gym-app
    /Applications/Xcode.app/Contents/Developer/Toolchains/XcodeDefault.xctoolchain/usr/bin/appintentsnltrainingprocessor --infoplist-path /Users/benkohler/Library/Developer/Xcode/DerivedData/GymBo-dvwcdxgmvblbpbeitnwmqoicwfbl/Build/Products/Debug-iphoneos/WorkoutWidgetsExtension.appex/Info.plist --temp-dir-path /Users/benkohler/Library/Developer/Xcode/DerivedData/GymBo-dvwcdxgmvblbpbeitnwmqoicwfbl/Build/Intermediates.noindex/GymBo.build/Debug-iphoneos/WorkoutWidgetsExtension.build/ssu --bundle-id com.example.GymTracker.WorkoutWidgets --product-path /Users/benkohler/Library/Developer/Xcode/DerivedData/GymBo-dvwcdxgmvblbpbeitnwmqoicwfbl/Build/Products/Debug-iphoneos/WorkoutWidgetsExtension.appex --extracted-metadata-path /Users/benkohler/Library/Developer/Xcode/DerivedData/GymBo-dvwcdxgmvblbpbeitnwmqoicwfbl/Build/Products/Debug-iphoneos/WorkoutWidgetsExtension.appex/Metadata.appintents --metadata-file-list /Users/benkohler/Library/Developer/Xcode/DerivedData/GymBo-dvwcdxgmvblbpbeitnwmqoicwfbl/Build/Intermediates.noindex/GymBo.build/Debug-iphoneos/WorkoutWidgetsExtension.build/WorkoutWidgetsExtension.DependencyMetadataFileList --archive-ssu-assets
2025-10-14 11:21:42.714 appintentsnltrainingprocessor[9128:1642974] Parsing options for appintentsnltrainingprocessor
2025-10-14 11:21:42.715 appintentsnltrainingprocessor[9128:1642974] Starting AppIntents SSU YAML Generation
2025-10-14 11:21:42.734 appintentsnltrainingprocessor[9128:1642974] No AppShortcuts found - Skipping.

SwiftExplicitDependencyGeneratePcm arm64 /Users/benkohler/Library/Developer/Xcode/DerivedData/ModuleCache.noindex/os-4BH0N199TXTDQ1JOKS2LV08JE.pcm

CodeSign /Users/benkohler/Library/Developer/Xcode/DerivedData/GymBo-dvwcdxgmvblbpbeitnwmqoicwfbl/Build/Products/Debug-iphoneos/WorkoutWidgetsExtension.appex/WorkoutWidgetsExtension.debug.dylib (in target 'WorkoutWidgetsExtension' from project 'GymBo')
    cd /Users/benkohler/projekte/gym-app
    
    Signing Identity:     "Apple Development: Benjamin Kohler (WSW8M6D5YT)"
    Provisioning Profile: "iOS Team Provisioning Profile: com.example.GymTracker.WorkoutWidgets"
                          (54a7bf81-6eaf-42d5-b260-ff8133c9ee49)
    
    /usr/bin/codesign --force --sign BAA4BAA56C92A211CE3AEBF7942E9E0F8F8CE4BC --timestamp\=none --generate-entitlement-der /Users/benkohler/Library/Developer/Xcode/DerivedData/GymBo-dvwcdxgmvblbpbeitnwmqoicwfbl/Build/Products/Debug-iphoneos/WorkoutWidgetsExtension.appex/WorkoutWidgetsExtension.debug.dylib

SwiftExplicitDependencyGeneratePcm arm64 /Users/benkohler/Library/Developer/Xcode/DerivedData/ModuleCache.noindex/CoreAudioTypes-9CJ3L4UJCLKL102TJLY1WSDJD.pcm

SwiftExplicitDependencyGeneratePcm arm64 /Users/benkohler/Library/Developer/Xcode/DerivedData/ModuleCache.noindex/CoreGraphics-8O350MGXUAZPSIZHCSR86Z56J.pcm

SwiftExplicitDependencyGeneratePcm arm64 /Users/benkohler/Library/Developer/Xcode/DerivedData/ModuleCache.noindex/Security-9650K05RZRHYMLRLTVQ7QKY9I.pcm

SwiftExplicitDependencyGeneratePcm arm64 /Users/benkohler/Library/Developer/Xcode/DerivedData/ModuleCache.noindex/CFNetwork-CYT862UPM89XGR7Y6X4QHG6W2.pcm

SwiftExplicitDependencyGeneratePcm arm64 /Users/benkohler/Library/Developer/Xcode/DerivedData/ModuleCache.noindex/CoreAudio-1QP9IOZC4HED1V4J2BLBUBOZ5.pcm

SwiftExplicitDependencyGeneratePcm arm64 /Users/benkohler/Library/Developer/Xcode/DerivedData/ModuleCache.noindex/Foundation-1BHIF8SCLF6JIFXHBG68ENW3A.pcm

SwiftExplicitDependencyGeneratePcm arm64 /Users/benkohler/Library/Developer/Xcode/DerivedData/ModuleCache.noindex/ImageIO-7K0VPPW20GS0OJW98FR7P5MQQ.pcm

SwiftExplicitDependencyGeneratePcm arm64 /Users/benkohler/Library/Developer/Xcode/DerivedData/ModuleCache.noindex/CoreText-64SHOPPCVU4P87YYWR6VG7HY3.pcm

SwiftExplicitDependencyGeneratePcm arm64 /Users/benkohler/Library/Developer/Xcode/DerivedData/ModuleCache.noindex/UIUtilities-2WMUUXD4P2PALSRQS44RS1HTQ.pcm

SwiftExplicitDependencyGeneratePcm arm64 /Users/benkohler/Library/Developer/Xcode/DerivedData/ModuleCache.noindex/_LocationEssentials-6BS2GWBO2PW4DI1FOYABAWT7U.pcm

SwiftExplicitDependencyGeneratePcm arm64 /Users/benkohler/Library/Developer/Xcode/DerivedData/ModuleCache.noindex/CoreData-C09CLE3P67QR5NJBDKG40JM22.pcm

SwiftExplicitDependencyGeneratePcm arm64 /Users/benkohler/Library/Developer/Xcode/DerivedData/ModuleCache.noindex/Network-1418W63BA887FQW3H480FRAWQ.pcm

SwiftExplicitDependencyGeneratePcm arm64 /Users/benkohler/Library/Developer/Xcode/DerivedData/ModuleCache.noindex/CoreTransferable-9UV39SJWFNKW0AULZYCSGP2L8.pcm

SwiftExplicitDependencyGeneratePcm arm64 /Users/benkohler/Library/Developer/Xcode/DerivedData/ModuleCache.noindex/FileProvider-ASPLUD02IEREBNJRYWAP5LA78.pcm

SwiftExplicitDependencyGeneratePcm arm64 /Users/benkohler/Library/Developer/Xcode/DerivedData/ModuleCache.noindex/IOSurface-EZG2HA4J2A5PEZ6L5WRHSTRKR.pcm

SwiftExplicitDependencyGeneratePcm arm64 /Users/benkohler/Library/Developer/Xcode/DerivedData/ModuleCache.noindex/Symbols-9UU1DB964UXT2HZ0LQPUAE4YG.pcm

SwiftExplicitDependencyGeneratePcm arm64 /Users/benkohler/Library/Developer/Xcode/DerivedData/ModuleCache.noindex/CoreLocation-5BWHO8S9V0P4F3DTBXMYW768R.pcm

SwiftExplicitDependencyGeneratePcm arm64 /Users/benkohler/Library/Developer/Xcode/DerivedData/ModuleCache.noindex/UserNotifications-DXY8LDKO9PDJQ5MVMXJ91NSOW.pcm

SwiftExplicitDependencyGeneratePcm arm64 /Users/benkohler/Library/Developer/Xcode/DerivedData/ModuleCache.noindex/CoreMIDI-7COK9VNWU0RMQM4KI74UWU0BW.pcm

SwiftExplicitDependencyGeneratePcm arm64 /Users/benkohler/Library/Developer/Xcode/DerivedData/ModuleCache.noindex/DataDetection-CWF1TOG4DSLJO27RAQN2ZDD7S.pcm

SwiftExplicitDependencyGeneratePcm arm64 /Users/benkohler/Library/Developer/Xcode/DerivedData/ModuleCache.noindex/OSLog-BTRBZBQFJCTRHE0VX7PWT4JI3.pcm

SwiftExplicitDependencyGeneratePcm arm64 /Users/benkohler/Library/Developer/Xcode/DerivedData/ModuleCache.noindex/AVRouting-D92AIHXOQOI0GPUC66YA5I73W.pcm

SwiftExplicitDependencyGeneratePcm arm64 /Users/benkohler/Library/Developer/Xcode/DerivedData/ModuleCache.noindex/Metal-D1D6F8BQ7HQXWE9CBJGUY4OOO.pcm

SwiftExplicitDependencyGeneratePcm arm64 /Users/benkohler/Library/Developer/Xcode/DerivedData/ModuleCache.noindex/OpenGLES-EO28XGVW05JBIBXKS1PD6UIW9.pcm

SwiftExplicitDependencyGeneratePcm arm64 /Users/benkohler/Library/Developer/Xcode/DerivedData/ModuleCache.noindex/UniformTypeIdentifiers-24KWA0XN3DJS0YK8XXQSNTLZ9.pcm

SwiftExplicitDependencyGeneratePcm arm64 /Users/benkohler/Library/Developer/Xcode/DerivedData/ModuleCache.noindex/Accessibility-8XC21HKMRRFAHSX4VEA3DJ7MJ.pcm

SwiftExplicitDependencyGeneratePcm arm64 /Users/benkohler/Library/Developer/Xcode/DerivedData/ModuleCache.noindex/LocalAuthentication-68I90KJT1M41YC4JY7BWCCMZK.pcm

SwiftExplicitDependencyGeneratePcm arm64 /Users/benkohler/Library/Developer/Xcode/DerivedData/ModuleCache.noindex/AudioToolbox-8BCGJUT00AMVARIZJOBGT3EKC.pcm

SwiftExplicitDependencyGeneratePcm arm64 /Users/benkohler/Library/Developer/Xcode/DerivedData/ModuleCache.noindex/HealthKit-B5VKNESUI6XFL20TW0ECD0K4G.pcm

SwiftExplicitDependencyGeneratePcm arm64 /Users/benkohler/Library/Developer/Xcode/DerivedData/ModuleCache.noindex/CoreVideo-8WKFV54HNOV0593W3BWT6A0AC.pcm

SwiftExplicitDependencyGeneratePcm arm64 /Users/benkohler/Library/Developer/Xcode/DerivedData/ModuleCache.noindex/QuartzCore-1BAIHR0XJ9B797KKZ82XEI7KC.pcm

SwiftExplicitDependencyGeneratePcm arm64 /Users/benkohler/Library/Developer/Xcode/DerivedData/ModuleCache.noindex/CoreMedia-ZIVX8VC94QZA1J2NMTQJ2YHU.pcm

SwiftExplicitDependencyGeneratePcm arm64 /Users/benkohler/Library/Developer/Xcode/DerivedData/ModuleCache.noindex/CoreImage-AMEJ7EVSHEBGWT45J3RM137PB.pcm

SwiftExplicitDependencyGeneratePcm arm64 /Users/benkohler/Library/Developer/Xcode/DerivedData/ModuleCache.noindex/SwiftUICore-AIHZR15VESCELQNMZZEM4HOL.pcm

SwiftExplicitDependencyGeneratePcm arm64 /Users/benkohler/Library/Developer/Xcode/DerivedData/ModuleCache.noindex/MediaToolbox-CJFDB21JT1TYC9OUM0MDNCZY3.pcm

SwiftExplicitDependencyGeneratePcm arm64 /Users/benkohler/Library/Developer/Xcode/DerivedData/ModuleCache.noindex/AVFAudio-6XUL73RUKCSH6LEWSO9MX7XYZ.pcm

SwiftExplicitDependencyGeneratePcm arm64 /Users/benkohler/Library/Developer/Xcode/DerivedData/ModuleCache.noindex/UIKit-6UI9FY5H0R5AL1096RNPRJM6P.pcm

SwiftExplicitDependencyGeneratePcm arm64 /Users/benkohler/Library/Developer/Xcode/DerivedData/ModuleCache.noindex/AVFoundation-57PAEQN9KGFMUF23YUXMUAB8X.pcm

SwiftExplicitDependencyGeneratePcm arm64 /Users/benkohler/Library/Developer/Xcode/DerivedData/ModuleCache.noindex/Speech-DXW61Y5GJ3GIQ4AY6FUPZ4HZS.pcm

SwiftExplicitDependencyGeneratePcm arm64 /Users/benkohler/Library/Developer/Xcode/DerivedData/ModuleCache.noindex/Photos-C6KBZ3T9JHGLUP64E1PDO83N6.pcm

SwiftExplicitDependencyGeneratePcm arm64 /Users/benkohler/Library/Developer/Xcode/DerivedData/ModuleCache.noindex/SwiftUI-AY3MJSRR8I18JUCU8QDGHEOFI.pcm

SwiftExplicitDependencyGeneratePcm arm64 /Users/benkohler/Library/Developer/Xcode/DerivedData/ModuleCache.noindex/PhotosUI-6O4UTWDIWE4111LWSHK64U6LR.pcm

SwiftCompile normal arm64 Compiling\ RestTimerState.swift,\ InAppOverlayManager.swift,\ WorkoutAnalyzer.swift,\ HealthKitSetup.swift,\ RecoveryCard.swift,\ MuscleDistributionCard.swift,\ WeeklySetsCard.swift,\ ProgressionScoreCard.swift,\ TopPRsCard.swift,\ TimerEngine.swift,\ ExercisesView.swift,\ SessionDetailView.swift /Users/benkohler/projekte/gym-app/GymTracker/Models/RestTimerState.swift /Users/benkohler/projekte/gym-app/GymTracker/Managers/InAppOverlayManager.swift /Users/benkohler/projekte/gym-app/GymTracker/Services/WorkoutAnalyzer.swift /Users/benkohler/projekte/gym-app/GymTracker/HealthKitSetup.swift /Users/benkohler/projekte/gym-app/GymTracker/Views/Components/RecoveryCard.swift /Users/benkohler/projekte/gym-app/GymTracker/Views/Components/MuscleDistributionCard.swift /Users/benkohler/projekte/gym-app/GymTracker/Views/Components/WeeklySetsCard.swift /Users/benkohler/projekte/gym-app/GymTracker/Views/Components/ProgressionScoreCard.swift /Users/benkohler/projekte/gym-app/GymTracker/Views/Components/TopPRsCard.swift /Users/benkohler/projekte/gym-app/GymTracker/Services/TimerEngine.swift /Users/benkohler/projekte/gym-app/GymTracker/Views/ExercisesView.swift /Users/benkohler/projekte/gym-app/GymTracker/Views/SessionDetailView.swift (in target 'GymBo' from project 'GymBo')

SwiftCompile normal arm64 /Users/benkohler/projekte/gym-app/GymTracker/Models/RestTimerState.swift (in target 'GymBo' from project 'GymBo')
    cd /Users/benkohler/projekte/gym-app
    

SwiftCompile normal arm64 /Users/benkohler/projekte/gym-app/GymTracker/Managers/InAppOverlayManager.swift (in target 'GymBo' from project 'GymBo')
    cd /Users/benkohler/projekte/gym-app
    
/Users/benkohler/projekte/gym-app/GymTracker/Managers/InAppOverlayManager.swift:35:52: warning: conformance of 'InAppOverlayManager' to protocol 'RestTimerOverlayProtocol' crosses into main actor-isolated code and can cause data races; this is an error in the Swift 6 language mode
final class InAppOverlayManager: ObservableObject, RestTimerOverlayProtocol {
                                                   ^
/Users/benkohler/projekte/gym-app/GymTracker/Managers/InAppOverlayManager.swift:35:52: note: isolate this conformance to the main actor with '@MainActor'
final class InAppOverlayManager: ObservableObject, RestTimerOverlayProtocol {
                                                   ^
                                                   @MainActor 
/Users/benkohler/projekte/gym-app/GymTracker/Managers/InAppOverlayManager.swift:35:13: note: mark all declarations used in the conformance 'nonisolated'
final class InAppOverlayManager: ObservableObject, RestTimerOverlayProtocol {
            ^
/Users/benkohler/projekte/gym-app/GymTracker/Managers/InAppOverlayManager.swift:35:52: note: turn data races into runtime errors with '@preconcurrency'
final class InAppOverlayManager: ObservableObject, RestTimerOverlayProtocol {
                                                   ^
                                                   @preconcurrency 
/Users/benkohler/projekte/gym-app/GymTracker/Managers/InAppOverlayManager.swift:68:10: note: main actor-isolated instance method 'showExpiredOverlay(for:)' cannot satisfy nonisolated requirement
    func showExpiredOverlay(for state: RestTimerState) {
         ^

SwiftCompile normal arm64 /Users/benkohler/projekte/gym-app/GymTracker/Services/WorkoutAnalyzer.swift (in target 'GymBo' from project 'GymBo')
    cd /Users/benkohler/projekte/gym-app
    
/Users/benkohler/projekte/gym-app/GymTracker/Services/WorkoutAnalyzer.swift:134:23: warning: value 'latest' was defined but never used; consider replacing with boolean test
            guard let latest = sorted.last else { continue }
                  ~~~~^~~~~~~~~
                                           != nil
/Users/benkohler/projekte/gym-app/GymTracker/Services/WorkoutAnalyzer.swift:464:13: warning: variable 'achievements' was never mutated; consider changing to 'let' constant
        var achievements: [Achievement] = []
        ~~~ ^
        let
/Users/benkohler/projekte/gym-app/GymTracker/Services/WorkoutAnalyzer.swift:468:13: warning: initialization of immutable value 'recentSessions' was never used; consider replacing with assignment to '_' or removing it
        let recentSessions = sessions.filter { $0.date >= twoWeeksAgo }
        ~~~~^~~~~~~~~~~~~~
        _

SwiftCompile normal arm64 /Users/benkohler/projekte/gym-app/GymTracker/HealthKitSetup.swift (in target 'GymBo' from project 'GymBo')
    cd /Users/benkohler/projekte/gym-app
    

SwiftCompile normal arm64 /Users/benkohler/projekte/gym-app/GymTracker/Views/Components/RecoveryCard.swift (in target 'GymBo' from project 'GymBo')
    cd /Users/benkohler/projekte/gym-app
    

SwiftCompile normal arm64 /Users/benkohler/projekte/gym-app/GymTracker/Views/Components/MuscleDistributionCard.swift (in target 'GymBo' from project 'GymBo')
    cd /Users/benkohler/projekte/gym-app
    

SwiftCompile normal arm64 /Users/benkohler/projekte/gym-app/GymTracker/Views/Components/WeeklySetsCard.swift (in target 'GymBo' from project 'GymBo')
    cd /Users/benkohler/projekte/gym-app
    
/Users/benkohler/projekte/gym-app/GymTracker/Views/Components/WeeklySetsCard.swift:224:34: warning: non-Sendable type '[WorkoutSessionEntity]' of property 'sessionEntities' cannot exit main actor-isolated context; this is an error in the Swift 6 language mode
            let weeklySessions = sessionEntities.filter { $0.date >= weekStart }
                                 ^
Swift.Array:1:23: note: generic struct 'Array' does not conform to the 'Sendable' protocol
@frozen public struct Array<Element> : _DestructorSafeContainer {
                      ^
/Users/benkohler/projekte/gym-app/GymTracker/Views/Components/WeeklySetsCard.swift:224:34: warning: main actor-isolated property 'sessionEntities' cannot be accessed from outside of the actor; this is an error in the Swift 6 language mode
            let weeklySessions = sessionEntities.filter { $0.date >= weekStart }
                                 ^~~~~~~~~~~~~~~~~~~~~~~~~~~~~~~~~~~~~~~~~~~~~~~
                                 await 

SwiftCompile normal arm64 /Users/benkohler/projekte/gym-app/GymTracker/Views/Components/ProgressionScoreCard.swift (in target 'GymBo' from project 'GymBo')
    cd /Users/benkohler/projekte/gym-app
    
/Users/benkohler/projekte/gym-app/GymTracker/Views/Components/ProgressionScoreCard.swift:173:27: warning: non-Sendable type '[WorkoutSessionEntity]' of property 'sessionEntities' cannot exit main actor-isolated context; this is an error in the Swift 6 language mode
                sessions: sessionEntities,
                          ^
Swift.Array:1:23: note: generic struct 'Array' does not conform to the 'Sendable' protocol
@frozen public struct Array<Element> : _DestructorSafeContainer {
                      ^
/Users/benkohler/projekte/gym-app/GymTracker/Views/Components/ProgressionScoreCard.swift:173:27: warning: main actor-isolated property 'sessionEntities' cannot be accessed from outside of the actor; this is an error in the Swift 6 language mode
                sessions: sessionEntities,
~~~~~~~~~~~~~~~~~~~~~~~~~~^~~~~~~~~~~~~~~~

SwiftCompile normal arm64 /Users/benkohler/projekte/gym-app/GymTracker/Views/Components/TopPRsCard.swift (in target 'GymBo' from project 'GymBo')
    cd /Users/benkohler/projekte/gym-app
    

SwiftCompile normal arm64 /Users/benkohler/projekte/gym-app/GymTracker/Services/TimerEngine.swift (in target 'GymBo' from project 'GymBo')
    cd /Users/benkohler/projekte/gym-app
    

SwiftCompile normal arm64 /Users/benkohler/projekte/gym-app/GymTracker/Views/ExercisesView.swift (in target 'GymBo' from project 'GymBo')
    cd /Users/benkohler/projekte/gym-app
    
/Users/benkohler/projekte/gym-app/GymTracker/Views/ExercisesView.swift:333:74: warning: 'darkPurple' is deprecated: Use deepBlue instead
                            .foregroundStyle(hasActiveFilters ? AppTheme.darkPurple : .primary)
                                                                         ^
/Users/benkohler/projekte/gym-app/GymTracker/Views/ExercisesView.swift:372:63: warning: 'darkPurple' is deprecated: Use deepBlue instead
                                    .foregroundStyle(AppTheme.darkPurple)
                                                              ^
/Users/benkohler/projekte/gym-app/GymTracker/Views/ExercisesView.swift:416:63: warning: 'darkPurple' is deprecated: Use deepBlue instead
                                    .foregroundStyle(AppTheme.darkPurple)
                                                              ^

SwiftCompile normal arm64 /Users/benkohler/projekte/gym-app/GymTracker/Views/SessionDetailView.swift (in target 'GymBo' from project 'GymBo')
    cd /Users/benkohler/projekte/gym-app
    
/Users/benkohler/projekte/gym-app/GymTracker/Views/SessionDetailView.swift:255:62: warning: 'darkPurple' is deprecated: Use deepBlue instead
                        colors: [AppTheme.deepBlue, AppTheme.darkPurple],
                                                             ^

SwiftEmitModule normal arm64 Emitting\ module\ for\ GymBo (in target 'GymBo' from project 'GymBo')

EmitSwiftModule normal arm64 (in target 'GymBo' from project 'GymBo')
    cd /Users/benkohler/projekte/gym-app
    
/Users/benkohler/projekte/gym-app/GymTracker/Managers/InAppOverlayManager.swift:35:52: warning: conformance of 'InAppOverlayManager' to protocol 'RestTimerOverlayProtocol' crosses into main actor-isolated code and can cause data races; this is an error in the Swift 6 language mode
final class InAppOverlayManager: ObservableObject, RestTimerOverlayProtocol {
                                                   ^
/Users/benkohler/projekte/gym-app/GymTracker/Managers/InAppOverlayManager.swift:35:52: note: isolate this conformance to the main actor with '@MainActor'
final class InAppOverlayManager: ObservableObject, RestTimerOverlayProtocol {
                                                   ^
                                                   @MainActor 
/Users/benkohler/projekte/gym-app/GymTracker/Managers/InAppOverlayManager.swift:35:13: note: mark all declarations used in the conformance 'nonisolated'
final class InAppOverlayManager: ObservableObject, RestTimerOverlayProtocol {
            ^
/Users/benkohler/projekte/gym-app/GymTracker/Managers/InAppOverlayManager.swift:35:52: note: turn data races into runtime errors with '@preconcurrency'
final class InAppOverlayManager: ObservableObject, RestTimerOverlayProtocol {
                                                   ^
                                                   @preconcurrency 
/Users/benkohler/projekte/gym-app/GymTracker/Managers/InAppOverlayManager.swift:68:10: note: main actor-isolated instance method 'showExpiredOverlay(for:)' cannot satisfy nonisolated requirement
    func showExpiredOverlay(for state: RestTimerState) {
         ^
/Users/benkohler/projekte/gym-app/GymTracker/Views/WorkoutDetailView.swift:458:60: warning: 'ActiveRestState' is deprecated: Use restTimerStateManager.currentState instead
    private func restTimerSection(activeRest: WorkoutStore.ActiveRestState) -> some View {
                                                           ^
/Users/benkohler/projekte/gym-app/GymTracker/Views/WorkoutDetailView.swift:835:56: warning: 'ActiveRestState' is deprecated: Use restTimerStateManager.currentState instead
    private var activeRestForThisWorkout: WorkoutStore.ActiveRestState? {
                                                       ^
/Users/benkohler/projekte/gym-app/GymTracker/Views/WorkoutDetailView.swift:1588:48: warning: 'ActiveRestState' is deprecated: Use restTimerStateManager.currentState instead
    let activeRestForThisWorkout: WorkoutStore.ActiveRestState?
                                               ^
/Users/benkohler/projekte/gym-app/GymTracker/Views/WorkoutDetailView.swift:1792:48: warning: 'ActiveRestState' is deprecated: Use restTimerStateManager.currentState instead
    let activeRestForThisWorkout: WorkoutStore.ActiveRestState?
                                               ^

SwiftCompile normal arm64 Compiling\ SessionStatistics.swift,\ SmartTipsCard.swift,\ WeekComparisonCard.swift,\ ProfileView.swift,\ DataManager.swift,\ ExerciseSwapView.swift,\ SpeechRecognizer.swift,\ WorkoutStore.swift,\ NotificationSoundSettings.swift,\ ExerciseRecord.swift,\ ProfilePersistenceHelper.swift,\ WorkoutRepository.swift /Users/benkohler/projekte/gym-app/GymTracker/Models/SessionStatistics.swift /Users/benkohler/projekte/gym-app/GymTracker/Views/Components/SmartTipsCard.swift /Users/benkohler/projekte/gym-app/GymTracker/Views/Components/WeekComparisonCard.swift /Users/benkohler/projekte/gym-app/GymTracker/Views/ProfileView.swift /Users/benkohler/projekte/gym-app/GymTracker/DataManager.swift /Users/benkohler/projekte/gym-app/GymTracker/Views/ExerciseSwapView.swift /Users/benkohler/projekte/gym-app/GymTracker/SpeechRecognizer.swift /Users/benkohler/projekte/gym-app/GymTracker/ViewModels/WorkoutStore.swift /Users/benkohler/projekte/gym-app/GymTracker/NotificationSoundSettings.swift /Users/benkohler/projekte/gym-app/ExerciseRecord.swift /Users/benkohler/projekte/gym-app/GymTracker/ViewModels/ProfilePersistenceHelper.swift /Users/benkohler/projekte/gym-app/GymTracker/WorkoutRepository.swift (in target 'GymBo' from project 'GymBo')

SwiftCompile normal arm64 /Users/benkohler/projekte/gym-app/GymTracker/Models/SessionStatistics.swift (in target 'GymBo' from project 'GymBo')
    cd /Users/benkohler/projekte/gym-app
    

SwiftCompile normal arm64 /Users/benkohler/projekte/gym-app/GymTracker/Views/Components/SmartTipsCard.swift (in target 'GymBo' from project 'GymBo')
    cd /Users/benkohler/projekte/gym-app
    

SwiftCompile normal arm64 /Users/benkohler/projekte/gym-app/GymTracker/Views/Components/WeekComparisonCard.swift (in target 'GymBo' from project 'GymBo')
    cd /Users/benkohler/projekte/gym-app
    
/Users/benkohler/projekte/gym-app/GymTracker/Views/Components/WeekComparisonCard.swift:238:59: warning: non-Sendable type '[WorkoutSessionEntity]' of property 'sessionEntities' cannot exit main actor-isolated context; this is an error in the Swift 6 language mode
            let comp = WeekComparison.calculate(sessions: sessionEntities, records: records)
                                                          ^
Swift.Array:1:23: note: generic struct 'Array' does not conform to the 'Sendable' protocol
@frozen public struct Array<Element> : _DestructorSafeContainer {
                      ^
/Users/benkohler/projekte/gym-app/GymTracker/Views/Components/WeekComparisonCard.swift:238:59: warning: main actor-isolated property 'sessionEntities' cannot be accessed from outside of the actor; this is an error in the Swift 6 language mode
            let comp = WeekComparison.calculate(sessions: sessionEntities, records: records)
                       ~~~~~~~~~~~~~~~~~~~~~~~~~~~~~~~~~~~^~~~~~~~~~~~~~~~~~~~~~~~~~~~~~~~~~
                       await 

SwiftCompile normal arm64 /Users/benkohler/projekte/gym-app/GymTracker/Views/ProfileView.swift (in target 'GymBo' from project 'GymBo')
    cd /Users/benkohler/projekte/gym-app
    

SwiftCompile normal arm64 /Users/benkohler/projekte/gym-app/GymTracker/DataManager.swift (in target 'GymBo' from project 'GymBo')
    cd /Users/benkohler/projekte/gym-app
    

SwiftCompile normal arm64 /Users/benkohler/projekte/gym-app/GymTracker/Views/ExerciseSwapView.swift (in target 'GymBo' from project 'GymBo')
    cd /Users/benkohler/projekte/gym-app
    

SwiftCompile normal arm64 /Users/benkohler/projekte/gym-app/GymTracker/SpeechRecognizer.swift (in target 'GymBo' from project 'GymBo')
    cd /Users/benkohler/projekte/gym-app
    
/Users/benkohler/projekte/gym-app/GymTracker/SpeechRecognizer.swift:97:14: warning: capture of 'self' in a closure that outlives deinit; this is an error in the Swift 6 language mode
        Task { @MainActor in
             ^
/Users/benkohler/projekte/gym-app/GymTracker/SpeechRecognizer.swift:105:41: warning: 'requestRecordPermission' was deprecated in iOS 17.0: Please use AVAudioApplication requestRecordPermissionWithCompletionHandler
        AVAudioSession.sharedInstance().requestRecordPermission { granted in
                                        ^

SwiftCompile normal arm64 /Users/benkohler/projekte/gym-app/GymTracker/ViewModels/WorkoutStore.swift (in target 'GymBo' from project 'GymBo')
    cd /Users/benkohler/projekte/gym-app
    
/Users/benkohler/projekte/gym-app/GymTracker/ViewModels/WorkoutStore.swift:328:13: warning: initialization of immutable value 'name' was never used; consider replacing with assignment to '_' or removing it
        let name = entity.name
        ~~~~^~~~
        _
/Users/benkohler/projekte/gym-app/GymTracker/ViewModels/WorkoutStore.swift:329:13: warning: initialization of immutable value 'muscleGroupsRaw' was never used; consider replacing with assignment to '_' or removing it
        let muscleGroupsRaw = entity.muscleGroupsRaw
        ~~~~^~~~~~~~~~~~~~~
        _
/Users/benkohler/projekte/gym-app/GymTracker/ViewModels/WorkoutStore.swift:330:13: warning: initialization of immutable value 'equipmentTypeRaw' was never used; consider replacing with assignment to '_' or removing it
        let equipmentTypeRaw = entity.equipmentTypeRaw
        ~~~~^~~~~~~~~~~~~~~~
        _
/Users/benkohler/projekte/gym-app/GymTracker/ViewModels/WorkoutStore.swift:331:13: warning: initialization of immutable value 'descriptionText' was never used; consider replacing with assignment to '_' or removing it
        let descriptionText = entity.descriptionText
        ~~~~^~~~~~~~~~~~~~~
        _
/Users/benkohler/projekte/gym-app/GymTracker/ViewModels/WorkoutStore.swift:332:13: warning: initialization of immutable value 'instructions' was never used; consider replacing with assignment to '_' or removing it
        let instructions = entity.instructions
        ~~~~^~~~~~~~~~~~
        _
/Users/benkohler/projekte/gym-app/GymTracker/ViewModels/WorkoutStore.swift:333:13: warning: initialization of immutable value 'createdAt' was never used; consider replacing with assignment to '_' or removing it
        let createdAt = entity.createdAt
        ~~~~^~~~~~~~~
        _
/Users/benkohler/projekte/gym-app/GymTracker/ViewModels/WorkoutStore.swift:1199:9: warning: 'activeRestState' is deprecated: Use restTimerStateManager.currentState instead
        activeRestState = ActiveRestState(
        ^
/Users/benkohler/projekte/gym-app/GymTracker/ViewModels/WorkoutStore.swift:1199:27: warning: 'ActiveRestState' is deprecated: Use restTimerStateManager.currentState instead
        activeRestState = ActiveRestState(
                          ^
/Users/benkohler/projekte/gym-app/GymTracker/ViewModels/WorkoutStore.swift:1216:27: warning: 'activeRestState' is deprecated: Use restTimerStateManager.currentState instead
        guard var state = activeRestState else { return }
                          ^
/Users/benkohler/projekte/gym-app/GymTracker/ViewModels/WorkoutStore.swift:1219:9: warning: 'activeRestState' is deprecated: Use restTimerStateManager.currentState instead
        activeRestState = state
        ^
/Users/benkohler/projekte/gym-app/GymTracker/ViewModels/WorkoutStore.swift:1227:27: warning: 'activeRestState' is deprecated: Use restTimerStateManager.currentState instead
        guard var state = activeRestState, state.remainingSeconds > 0 else { return }
                          ^
/Users/benkohler/projekte/gym-app/GymTracker/ViewModels/WorkoutStore.swift:1230:9: warning: 'activeRestState' is deprecated: Use restTimerStateManager.currentState instead
        activeRestState = state
        ^
/Users/benkohler/projekte/gym-app/GymTracker/ViewModels/WorkoutStore.swift:1234:27: warning: 'activeRestState' is deprecated: Use restTimerStateManager.currentState instead
        guard var state = activeRestState else { return }
                          ^
/Users/benkohler/projekte/gym-app/GymTracker/ViewModels/WorkoutStore.swift:1242:9: warning: 'activeRestState' is deprecated: Use restTimerStateManager.currentState instead
        activeRestState = state
        ^
/Users/benkohler/projekte/gym-app/GymTracker/ViewModels/WorkoutStore.swift:1243:30: warning: 'setupRestTimer()' is deprecated: Timer logic moved to RestTimerStateManager
        if state.isRunning { setupRestTimer() }
                             ^
/Users/benkohler/projekte/gym-app/GymTracker/ViewModels/WorkoutStore.swift:1249:40: warning: 'scheduleRestEndNotification(remainingSeconds:workoutName:exerciseName:workoutId:)' is deprecated: Use scheduleNotification(for: RestTimerState) instead
            NotificationManager.shared.scheduleRestEndNotification(
                                       ^
/Users/benkohler/projekte/gym-app/GymTracker/ViewModels/WorkoutStore.swift:1259:27: warning: 'activeRestState' is deprecated: Use restTimerStateManager.currentState instead
        guard var state = activeRestState else { return }
                          ^
/Users/benkohler/projekte/gym-app/GymTracker/ViewModels/WorkoutStore.swift:1268:9: warning: 'activeRestState' is deprecated: Use restTimerStateManager.currentState instead
        activeRestState = state
        ^
/Users/benkohler/projekte/gym-app/GymTracker/ViewModels/WorkoutStore.swift:1269:30: warning: 'setupRestTimer()' is deprecated: Timer logic moved to RestTimerStateManager
        if state.isRunning { setupRestTimer() }
                             ^
/Users/benkohler/projekte/gym-app/GymTracker/ViewModels/WorkoutStore.swift:1275:40: warning: 'scheduleRestEndNotification(remainingSeconds:workoutName:exerciseName:workoutId:)' is deprecated: Use scheduleNotification(for: RestTimerState) instead
            NotificationManager.shared.scheduleRestEndNotification(
                                       ^
/Users/benkohler/projekte/gym-app/GymTracker/ViewModels/WorkoutStore.swift:1289:9: warning: 'activeRestState' is deprecated: Use restTimerStateManager.currentState instead
        activeRestState = nil
        ^
/Users/benkohler/projekte/gym-app/GymTracker/ViewModels/WorkoutStore.swift:1299:9: warning: 'activeRestState' is deprecated: Use restTimerStateManager.currentState instead
        activeRestState = nil
        ^
/Users/benkohler/projekte/gym-app/GymTracker/ViewModels/WorkoutStore.swift:1316:19: warning: call to main actor-isolated instance method 'tickRest()' in a synchronous nonisolated context
            self?.tickRest()
                  ^
/Users/benkohler/projekte/gym-app/GymTracker/ViewModels/WorkoutStore.swift:1327:18: note: calls to instance method 'tickRest()' from outside of its actor context are implicitly asynchronous
    private func tickRest() {
                 ^
/Users/benkohler/projekte/gym-app/GymTracker/ViewModels/WorkoutStore.swift:1412:27: warning: 'activeRestState' is deprecated: Use restTimerStateManager.currentState instead
        guard let state = activeRestState else {
                          ^
/Users/benkohler/projekte/gym-app/GymTracker/ViewModels/WorkoutStore.swift:1434:27: warning: 'activeRestState' is deprecated: Use restTimerStateManager.currentState instead
        guard var state = activeRestState, state.isRunning, let end = state.endDate else {
                          ^
/Users/benkohler/projekte/gym-app/GymTracker/ViewModels/WorkoutStore.swift:1456:13: warning: 'activeRestState' is deprecated: Use restTimerStateManager.currentState instead
            activeRestState = state
            ^
/Users/benkohler/projekte/gym-app/GymTracker/ViewModels/WorkoutStore.swift:1457:13: warning: 'setupRestTimer()' is deprecated: Timer logic moved to RestTimerStateManager
            setupRestTimer()
            ^
/Users/benkohler/projekte/gym-app/GymTracker/ViewModels/WorkoutStore.swift:2007:13: warning: 'activeRestState' is deprecated: Use restTimerStateManager.currentState instead
            activeRestState = nil
            ^
/Users/benkohler/projekte/gym-app/GymTracker/ViewModels/WorkoutStore.swift:3172:27: warning: value 'self' was defined but never used; consider replacing with boolean test
                guard let self = self else { return }
                      ~~~~^~~~~~~
                                      != nil
/Users/benkohler/projekte/gym-app/GymTracker/ViewModels/WorkoutStore.swift:3212:13: warning: 'activeRestState' is deprecated: Use restTimerStateManager.currentState instead
            activeRestState = nil
            ^
/Users/benkohler/projekte/gym-app/GymTracker/ViewModels/WorkoutStore.swift:3247:44: warning: 'ActiveRestState' is deprecated: Use restTimerStateManager.currentState instead
            var state = try decoder.decode(ActiveRestState.self, from: data)
                                           ^
/Users/benkohler/projekte/gym-app/GymTracker/ViewModels/WorkoutStore.swift:3258:21: warning: 'activeRestState' is deprecated: Use restTimerStateManager.currentState instead
                    activeRestState = state
                    ^
/Users/benkohler/projekte/gym-app/GymTracker/ViewModels/WorkoutStore.swift:3263:21: warning: 'setupRestTimer()' is deprecated: Timer logic moved to RestTimerStateManager
                    setupRestTimer()
                    ^
/Users/benkohler/projekte/gym-app/GymTracker/ViewModels/WorkoutStore.swift:3271:52: warning: 'scheduleRestEndNotification(remainingSeconds:workoutName:exerciseName:workoutId:)' is deprecated: Use scheduleNotification(for: RestTimerState) instead
                        NotificationManager.shared.scheduleRestEndNotification(
                                                   ^
/Users/benkohler/projekte/gym-app/GymTracker/ViewModels/WorkoutStore.swift:3281:21: warning: 'clearPersistedRestState()' is deprecated: Persistence moved to RestTimerStateManager
                    clearPersistedRestState()
                    ^
/Users/benkohler/projekte/gym-app/GymTracker/ViewModels/WorkoutStore.swift:3292:17: warning: 'clearPersistedRestState()' is deprecated: Persistence moved to RestTimerStateManager
                clearPersistedRestState()
                ^
/Users/benkohler/projekte/gym-app/GymTracker/ViewModels/WorkoutStore.swift:3296:13: warning: 'clearPersistedRestState()' is deprecated: Persistence moved to RestTimerStateManager
            clearPersistedRestState()
            ^

SwiftCompile normal arm64 /Users/benkohler/projekte/gym-app/GymTracker/NotificationSoundSettings.swift (in target 'GymBo' from project 'GymBo')
    cd /Users/benkohler/projekte/gym-app
    

SwiftCompile normal arm64 /Users/benkohler/projekte/gym-app/ExerciseRecord.swift (in target 'GymBo' from project 'GymBo')
    cd /Users/benkohler/projekte/gym-app
    

SwiftCompile normal arm64 /Users/benkohler/projekte/gym-app/GymTracker/ViewModels/ProfilePersistenceHelper.swift (in target 'GymBo' from project 'GymBo')
    cd /Users/benkohler/projekte/gym-app
    

SwiftCompile normal arm64 /Users/benkohler/projekte/gym-app/GymTracker/WorkoutRepository.swift (in target 'GymBo' from project 'GymBo')
    cd /Users/benkohler/projekte/gym-app
    

SwiftCompile normal arm64 Compiling\ ProfileImageView.swift,\ ShareableWorkout.swift,\ StatisticsView.swift,\ WorkoutPreferences.swift,\ StatisticsCache.swift,\ WorkoutWizardView.swift,\ WorkoutsTabView.swift,\ WizardSelectionStepView.swift,\ WorkoutTileCard.swift,\ LegacyModels.swift,\ GeneratedWorkoutPreviewView.swift,\ GeneratedAssetSymbols.swift /Users/benkohler/projekte/gym-app/GymTracker/Views/ProfileImageView.swift /Users/benkohler/projekte/gym-app/ShareableWorkout.swift /Users/benkohler/projekte/gym-app/GymTracker/Views/StatisticsView.swift /Users/benkohler/projekte/gym-app/GymTracker/Models/WorkoutPreferences.swift /Users/benkohler/projekte/gym-app/GymTracker/ViewModels/StatisticsCache.swift /Users/benkohler/projekte/gym-app/GymTracker/Views/WorkoutWizardView.swift /Users/benkohler/projekte/gym-app/WorkoutsTabView.swift /Users/benkohler/projekte/gym-app/GymTracker/Views/WizardSelectionStepView.swift /Users/benkohler/projekte/gym-app/WorkoutTileCard.swift /Users/benkohler/projekte/gym-app/GymTracker/LegacyModels.swift /Users/benkohler/projekte/gym-app/GymTracker/Views/GeneratedWorkoutPreviewView.swift /Users/benkohler/Library/Developer/Xcode/DerivedData/GymBo-dvwcdxgmvblbpbeitnwmqoicwfbl/Build/Intermediates.noindex/GymBo.build/Debug-iphoneos/GymBo.build/DerivedSources/GeneratedAssetSymbols.swift (in target 'GymBo' from project 'GymBo')
SwiftCompile normal arm64 /Users/benkohler/projekte/gym-app/GymTracker/Views/ProfileImageView.swift (in target 'GymBo' from project 'GymBo')
    cd /Users/benkohler/projekte/gym-app
    

SwiftCompile normal arm64 /Users/benkohler/projekte/gym-app/ShareableWorkout.swift (in target 'GymBo' from project 'GymBo')
    cd /Users/benkohler/projekte/gym-app
    

SwiftCompile normal arm64 /Users/benkohler/projekte/gym-app/GymTracker/Views/StatisticsView.swift (in target 'GymBo' from project 'GymBo')
    cd /Users/benkohler/projekte/gym-app
    

SwiftCompile normal arm64 /Users/benkohler/projekte/gym-app/GymTracker/Models/WorkoutPreferences.swift (in target 'GymBo' from project 'GymBo')
    cd /Users/benkohler/projekte/gym-app
    

SwiftCompile normal arm64 /Users/benkohler/projekte/gym-app/GymTracker/ViewModels/StatisticsCache.swift (in target 'GymBo' from project 'GymBo')
    cd /Users/benkohler/projekte/gym-app
    

SwiftCompile normal arm64 /Users/benkohler/projekte/gym-app/GymTracker/Views/WorkoutWizardView.swift (in target 'GymBo' from project 'GymBo')
    cd /Users/benkohler/projekte/gym-app
    

SwiftCompile normal arm64 /Users/benkohler/projekte/gym-app/WorkoutsTabView.swift (in target 'GymBo' from project 'GymBo')
    cd /Users/benkohler/projekte/gym-app
    

SwiftCompile normal arm64 /Users/benkohler/projekte/gym-app/GymTracker/Views/WizardSelectionStepView.swift (in target 'GymBo' from project 'GymBo')
    cd /Users/benkohler/projekte/gym-app
    

SwiftCompile normal arm64 /Users/benkohler/projekte/gym-app/WorkoutTileCard.swift (in target 'GymBo' from project 'GymBo')
    cd /Users/benkohler/projekte/gym-app
    

SwiftCompile normal arm64 /Users/benkohler/projekte/gym-app/GymTracker/LegacyModels.swift (in target 'GymBo' from project 'GymBo')
    cd /Users/benkohler/projekte/gym-app
    

SwiftCompile normal arm64 /Users/benkohler/projekte/gym-app/GymTracker/Views/GeneratedWorkoutPreviewView.swift (in target 'GymBo' from project 'GymBo')
    cd /Users/benkohler/projekte/gym-app
    

SwiftCompile normal arm64 /Users/benkohler/Library/Developer/Xcode/DerivedData/GymBo-dvwcdxgmvblbpbeitnwmqoicwfbl/Build/Intermediates.noindex/GymBo.build/Debug-iphoneos/GymBo.build/DerivedSources/GeneratedAssetSymbols.swift (in target 'GymBo' from project 'GymBo')
    cd /Users/benkohler/projekte/gym-app
    

SwiftCompile normal arm64 Compiling\ WorkoutsView.swift,\ GymTrackerApp.swift,\ ExerciseDatabaseMigration.swift,\ RecoveryIndex.swift,\ ProgressionScore.swift,\ ExerciseHeaderWithLastUsed.swift,\ NotificationManager.swift,\ ExerciseLastUsedMigration.swift,\ AppLogger.swift,\ ExerciseLastUsedViews.swift,\ BackupManager.swift,\ ExerciseRecordViews.swift /Users/benkohler/projekte/gym-app/GymTracker/Views/WorkoutsView.swift /Users/benkohler/projekte/gym-app/GymTracker/GymTrackerApp.swift /Users/benkohler/projekte/gym-app/ExerciseDatabaseMigration.swift /Users/benkohler/projekte/gym-app/GymTracker/Models/RecoveryIndex.swift /Users/benkohler/projekte/gym-app/GymTracker/Models/ProgressionScore.swift /Users/benkohler/projekte/gym-app/ExerciseHeaderWithLastUsed.swift /Users/benkohler/projekte/gym-app/GymTracker/NotificationManager.swift /Users/benkohler/projekte/gym-app/ExerciseLastUsedMigration.swift /Users/benkohler/projekte/gym-app/GymTracker/AppLogger.swift /Users/benkohler/projekte/gym-app/ExerciseLastUsedViews.swift /Users/benkohler/projekte/gym-app/GymTracker/BackupManager.swift /Users/benkohler/projekte/gym-app/ExerciseRecordViews.swift (in target 'GymBo' from project 'GymBo')

SwiftCompile normal arm64 /Users/benkohler/projekte/gym-app/GymTracker/Views/WorkoutsView.swift (in target 'GymBo' from project 'GymBo')
    cd /Users/benkohler/projekte/gym-app
    
/Users/benkohler/projekte/gym-app/GymTracker/Views/WorkoutsView.swift:93:36: warning: 'darkPurple' is deprecated: Use deepBlue instead
                    .tint(AppTheme.darkPurple.opacity(0.8))
                                   ^
/Users/benkohler/projekte/gym-app/GymTracker/Views/WorkoutsView.swift:105:36: warning: 'darkPurple' is deprecated: Use deepBlue instead
                    .tint(AppTheme.darkPurple)
                                   ^

SwiftCompile normal arm64 /Users/benkohler/projekte/gym-app/GymTracker/GymTrackerApp.swift (in target 'GymBo' from project 'GymBo')
    cd /Users/benkohler/projekte/gym-app
    
/Users/benkohler/projekte/gym-app/GymTracker/GymTrackerApp.swift:240:16: warning: no 'async' operations occur within 'await' expression
            if await ExerciseDatabaseMigration.isMigrationNeeded() {
               ^
/Users/benkohler/projekte/gym-app/GymTracker/GymTrackerApp.swift:243:11: warning: 'catch' block is unreachable because no errors are thrown in 'do' block
        } catch {
          ^
/Users/benkohler/projekte/gym-app/GymTracker/GymTrackerApp.swift:346:11: warning: 'catch' block is unreachable because no errors are thrown in 'do' block
        } catch {
          ^
/Users/benkohler/projekte/gym-app/GymTracker/GymTrackerApp.swift:353:11: warning: 'catch' block is unreachable because no errors are thrown in 'do' block
        } catch {
          ^
/Users/benkohler/projekte/gym-app/GymTracker/GymTrackerApp.swift:360:11: warning: 'catch' block is unreachable because no errors are thrown in 'do' block
        } catch {
          ^
/Users/benkohler/projekte/gym-app/GymTracker/GymTrackerApp.swift:425:40: warning: 'end(using:dismissalPolicy:)' was deprecated in iOS 16.2: Use end(content:dismissalPolicy:) instead
                        await activity.end(dismissalPolicy: .immediate)
                                       ^

SwiftCompile normal arm64 /Users/benkohler/projekte/gym-app/ExerciseDatabaseMigration.swift (in target 'GymBo' from project 'GymBo')
    cd /Users/benkohler/projekte/gym-app
    

SwiftCompile normal arm64 /Users/benkohler/projekte/gym-app/GymTracker/Models/RecoveryIndex.swift (in target 'GymBo' from project 'GymBo')
    cd /Users/benkohler/projekte/gym-app
    

SwiftCompile normal arm64 /Users/benkohler/projekte/gym-app/GymTracker/Models/ProgressionScore.swift (in target 'GymBo' from project 'GymBo')
    cd /Users/benkohler/projekte/gym-app
    

SwiftCompile normal arm64 /Users/benkohler/projekte/gym-app/ExerciseHeaderWithLastUsed.swift (in target 'GymBo' from project 'GymBo')
    cd /Users/benkohler/projekte/gym-app
    
/Users/benkohler/projekte/gym-app/ExerciseHeaderWithLastUsed.swift:143:28: warning: value 'metrics' was defined but never used; consider replacing with boolean test
                    if let metrics = workoutStore.completeLastMetrics(for: exercise) {
                       ~~~~^~~~~~~~~~
                                                                                     != nil

SwiftCompile normal arm64 /Users/benkohler/projekte/gym-app/GymTracker/NotificationManager.swift (in target 'GymBo' from project 'GymBo')
    cd /Users/benkohler/projekte/gym-app
    

SwiftCompile normal arm64 /Users/benkohler/projekte/gym-app/ExerciseLastUsedMigration.swift (in target 'GymBo' from project 'GymBo')
    cd /Users/benkohler/projekte/gym-app
    

SwiftCompile normal arm64 /Users/benkohler/projekte/gym-app/GymTracker/AppLogger.swift (in target 'GymBo' from project 'GymBo')
    cd /Users/benkohler/projekte/gym-app
    

SwiftCompile normal arm64 /Users/benkohler/projekte/gym-app/ExerciseLastUsedViews.swift (in target 'GymBo' from project 'GymBo')
    cd /Users/benkohler/projekte/gym-app
    

SwiftCompile normal arm64 /Users/benkohler/projekte/gym-app/GymTracker/BackupManager.swift (in target 'GymBo' from project 'GymBo')
    cd /Users/benkohler/projekte/gym-app
    
/Users/benkohler/projekte/gym-app/GymTracker/BackupManager.swift:182:21: warning: result of call to 'createWorkoutEntity(from:in:)' is unused
                try createWorkoutEntity(from: backupWorkout, in: context)
                    ^                  ~~~~~~~~~~~~~~~~~~~~~~~~~~~~~~~~~~
/Users/benkohler/projekte/gym-app/GymTracker/BackupManager.swift:195:21: warning: result of call to 'createSessionEntity(from:in:)' is unused
                try createSessionEntity(from: backupSession, in: context)
                    ^                  ~~~~~~~~~~~~~~~~~~~~~~~~~~~~~~~~~~
/Users/benkohler/projekte/gym-app/GymTracker/BackupManager.swift:226:17: warning: result of call to 'createWorkoutEntity(from:in:)' is unused
            try createWorkoutEntity(from: backupWorkout, in: context)
                ^                  ~~~~~~~~~~~~~~~~~~~~~~~~~~~~~~~~~~
/Users/benkohler/projekte/gym-app/GymTracker/BackupManager.swift:232:17: warning: result of call to 'createSessionEntity(from:in:)' is unused
            try createSessionEntity(from: backupSession, in: context)
                ^                  ~~~~~~~~~~~~~~~~~~~~~~~~~~~~~~~~~~

SwiftCompile normal arm64 /Users/benkohler/projekte/gym-app/ExerciseRecordViews.swift (in target 'GymBo' from project 'GymBo')
    cd /Users/benkohler/projekte/gym-app
    

SwiftCompile normal arm64 Compiling\ BackupView.swift,\ Exercise.swift,\ HealthKitSetupView.swift,\ WorkoutDetailView.swift,\ ExerciseSeeder.swift,\ RestTimerOverlayProtocol.swift,\ Theme.swift,\ StartView.swift,\ HeartRateView.swift,\ EditWorkoutView.swift,\ EditExerciseView.swift,\ AudioManager.swift /Users/benkohler/projekte/gym-app/GymTracker/BackupView.swift /Users/benkohler/projekte/gym-app/GymTracker/Models/Exercise.swift /Users/benkohler/projekte/gym-app/GymTracker/HealthKitSetupView.swift /Users/benkohler/projekte/gym-app/GymTracker/Views/WorkoutDetailView.swift /Users/benkohler/projekte/gym-app/GymTracker/ExerciseSeeder.swift /Users/benkohler/projekte/gym-app/GymTracker/Protocols/RestTimerOverlayProtocol.swift /Users/benkohler/projekte/gym-app/GymTracker/ViewModels/Theme.swift /Users/benkohler/projekte/gym-app/GymTracker/ViewModels/StartView.swift /Users/benkohler/projekte/gym-app/GymTracker/HeartRateView.swift /Users/benkohler/projekte/gym-app/GymTracker/Views/EditWorkoutView.swift /Users/benkohler/projekte/gym-app/GymTracker/Views/EditExerciseView.swift /Users/benkohler/projekte/gym-app/GymTracker/AudioManager.swift (in target 'GymBo' from project 'GymBo')

SwiftCompile normal arm64 /Users/benkohler/projekte/gym-app/GymTracker/BackupView.swift (in target 'GymBo' from project 'GymBo')
    cd /Users/benkohler/projekte/gym-app
    

SwiftCompile normal arm64 /Users/benkohler/projekte/gym-app/GymTracker/Models/Exercise.swift (in target 'GymBo' from project 'GymBo')
    cd /Users/benkohler/projekte/gym-app
    

SwiftCompile normal arm64 /Users/benkohler/projekte/gym-app/GymTracker/HealthKitSetupView.swift (in target 'GymBo' from project 'GymBo')
    cd /Users/benkohler/projekte/gym-app
    

SwiftCompile normal arm64 /Users/benkohler/projekte/gym-app/GymTracker/Views/WorkoutDetailView.swift (in target 'GymBo' from project 'GymBo')
    cd /Users/benkohler/projekte/gym-app
    
/Users/benkohler/projekte/gym-app/GymTracker/Views/WorkoutDetailView.swift:458:60: warning: 'ActiveRestState' is deprecated: Use restTimerStateManager.currentState instead
    private func restTimerSection(activeRest: WorkoutStore.ActiveRestState) -> some View {
                                                           ^
/Users/benkohler/projekte/gym-app/GymTracker/Views/WorkoutDetailView.swift:835:56: warning: 'ActiveRestState' is deprecated: Use restTimerStateManager.currentState instead
    private var activeRestForThisWorkout: WorkoutStore.ActiveRestState? {
                                                       ^
/Users/benkohler/projekte/gym-app/GymTracker/Views/WorkoutDetailView.swift:1588:48: warning: 'ActiveRestState' is deprecated: Use restTimerStateManager.currentState instead
    let activeRestForThisWorkout: WorkoutStore.ActiveRestState?
                                               ^
/Users/benkohler/projekte/gym-app/GymTracker/Views/WorkoutDetailView.swift:1792:48: warning: 'ActiveRestState' is deprecated: Use restTimerStateManager.currentState instead
    let activeRestForThisWorkout: WorkoutStore.ActiveRestState?
                                               ^
/Users/benkohler/projekte/gym-app/GymTracker/Views/WorkoutDetailView.swift:836:40: warning: 'activeRestState' is deprecated: Use restTimerStateManager.currentState instead
        guard let state = workoutStore.activeRestState, state.workoutId == workout.id else { return nil }
                                       ^
/Users/benkohler/projekte/gym-app/GymTracker/Views/WorkoutDetailView.swift:2116:58: warning: 'activeRestState' is deprecated: Use restTimerStateManager.currentState instead
                        if let restState = workoutStore?.activeRestState, restState.isRunning {
                                                         ^

SwiftCompile normal arm64 /Users/benkohler/projekte/gym-app/GymTracker/ExerciseSeeder.swift (in target 'GymBo' from project 'GymBo')
    cd /Users/benkohler/projekte/gym-app
    

SwiftCompile normal arm64 /Users/benkohler/projekte/gym-app/GymTracker/Protocols/RestTimerOverlayProtocol.swift (in target 'GymBo' from project 'GymBo')
    cd /Users/benkohler/projekte/gym-app
    

SwiftCompile normal arm64 /Users/benkohler/projekte/gym-app/GymTracker/ViewModels/Theme.swift (in target 'GymBo' from project 'GymBo')
    cd /Users/benkohler/projekte/gym-app
    

SwiftCompile normal arm64 /Users/benkohler/projekte/gym-app/GymTracker/ViewModels/StartView.swift (in target 'GymBo' from project 'GymBo')
    cd /Users/benkohler/projekte/gym-app
    
/Users/benkohler/projekte/gym-app/GymTracker/ViewModels/StartView.swift:40:24: warning: 'darkPurple' is deprecated: Use deepBlue instead
        .tint(AppTheme.darkPurple)
                       ^

SwiftCompile normal arm64 /Users/benkohler/projekte/gym-app/GymTracker/HeartRateView.swift (in target 'GymBo' from project 'GymBo')
    cd /Users/benkohler/projekte/gym-app
    

SwiftCompile normal arm64 /Users/benkohler/projekte/gym-app/GymTracker/Views/EditWorkoutView.swift (in target 'GymBo' from project 'GymBo')
    cd /Users/benkohler/projekte/gym-app
    

SwiftCompile normal arm64 /Users/benkohler/projekte/gym-app/GymTracker/Views/EditExerciseView.swift (in target 'GymBo' from project 'GymBo')
    cd /Users/benkohler/projekte/gym-app
    

SwiftCompile normal arm64 /Users/benkohler/projekte/gym-app/GymTracker/AudioManager.swift (in target 'GymBo' from project 'GymBo')
    cd /Users/benkohler/projekte/gym-app
    

SwiftCompile normal arm64 Compiling\ HealthKitManager.swift,\ SampleWorkoutMigrationPlan.swift,\ WorkoutSession.swift,\ SessionActionButton.swift,\ RestTimerStateManager.swift,\ WorkoutSeeder.swift,\ Workout.swift,\ AddExerciseView.swift,\ AppIconGenerator.swift,\ TipEngine.swift,\ TipFeedbackManager.swift,\ WeekComparison.swift /Users/benkohler/projekte/gym-app/GymTracker/HealthKitManager.swift /Users/benkohler/projekte/gym-app/SampleWorkoutMigrationPlan.swift /Users/benkohler/projekte/gym-app/GymTracker/Models/WorkoutSession.swift /Users/benkohler/projekte/gym-app/GymTracker/Views/SessionActionButton.swift /Users/benkohler/projekte/gym-app/GymTracker/ViewModels/RestTimerStateManager.swift /Users/benkohler/projekte/gym-app/GymTracker/WorkoutSeeder.swift /Users/benkohler/projekte/gym-app/GymTracker/Models/Workout.swift /Users/benkohler/projekte/gym-app/GymTracker/Views/AddExerciseView.swift /Users/benkohler/projekte/gym-app/GymTracker/Views/AppIconGenerator.swift /Users/benkohler/projekte/gym-app/GymTracker/Services/TipEngine.swift /Users/benkohler/projekte/gym-app/GymTracker/Services/TipFeedbackManager.swift /Users/benkohler/projekte/gym-app/GymTracker/Models/WeekComparison.swift (in target 'GymBo' from project 'GymBo')

SwiftCompile normal arm64 /Users/benkohler/projekte/gym-app/GymTracker/HealthKitManager.swift (in target 'GymBo' from project 'GymBo')
    cd /Users/benkohler/projekte/gym-app
    
/Users/benkohler/projekte/gym-app/GymTracker/HealthKitManager.swift:367:23: warning: 'init(activityType:start:end:duration:totalEnergyBurned:totalDistance:metadata:)' was deprecated in iOS 17.0: Use HKWorkoutBuilder
        let workout = HKWorkout(
                      ^

SwiftCompile normal arm64 /Users/benkohler/projekte/gym-app/SampleWorkoutMigrationPlan.swift (in target 'GymBo' from project 'GymBo')
    cd /Users/benkohler/projekte/gym-app
    
/Users/benkohler/projekte/gym-app/GymTracker/HealthKitManager.swift:367:23: warning: 'init(activityType:start:end:duration:totalEnergyBurned:totalDistance:metadata:)' was deprecated in iOS 17.0: Use HKWorkoutBuilder
        let workout = HKWorkout(
                      ^

SwiftCompile normal arm64 /Users/benkohler/projekte/gym-app/GymTracker/Models/WorkoutSession.swift (in target 'GymBo' from project 'GymBo')
    cd /Users/benkohler/projekte/gym-app
    
/Users/benkohler/projekte/gym-app/GymTracker/HealthKitManager.swift:367:23: warning: 'init(activityType:start:end:duration:totalEnergyBurned:totalDistance:metadata:)' was deprecated in iOS 17.0: Use HKWorkoutBuilder
        let workout = HKWorkout(
                      ^

SwiftCompile normal arm64 /Users/benkohler/projekte/gym-app/GymTracker/Views/SessionActionButton.swift (in target 'GymBo' from project 'GymBo')
    cd /Users/benkohler/projekte/gym-app
    
/Users/benkohler/projekte/gym-app/GymTracker/HealthKitManager.swift:367:23: warning: 'init(activityType:start:end:duration:totalEnergyBurned:totalDistance:metadata:)' was deprecated in iOS 17.0: Use HKWorkoutBuilder
        let workout = HKWorkout(
                      ^

SwiftCompile normal arm64 /Users/benkohler/projekte/gym-app/GymTracker/ViewModels/RestTimerStateManager.swift (in target 'GymBo' from project 'GymBo')
    cd /Users/benkohler/projekte/gym-app
    
/Users/benkohler/projekte/gym-app/GymTracker/HealthKitManager.swift:367:23: warning: 'init(activityType:start:end:duration:totalEnergyBurned:totalDistance:metadata:)' was deprecated in iOS 17.0: Use HKWorkoutBuilder
        let workout = HKWorkout(
                      ^

SwiftCompile normal arm64 /Users/benkohler/projekte/gym-app/GymTracker/WorkoutSeeder.swift (in target 'GymBo' from project 'GymBo')
    cd /Users/benkohler/projekte/gym-app
    
/Users/benkohler/projekte/gym-app/GymTracker/HealthKitManager.swift:367:23: warning: 'init(activityType:start:end:duration:totalEnergyBurned:totalDistance:metadata:)' was deprecated in iOS 17.0: Use HKWorkoutBuilder
        let workout = HKWorkout(
                      ^

SwiftCompile normal arm64 /Users/benkohler/projekte/gym-app/GymTracker/Models/Workout.swift (in target 'GymBo' from project 'GymBo')
    cd /Users/benkohler/projekte/gym-app
    
/Users/benkohler/projekte/gym-app/GymTracker/HealthKitManager.swift:367:23: warning: 'init(activityType:start:end:duration:totalEnergyBurned:totalDistance:metadata:)' was deprecated in iOS 17.0: Use HKWorkoutBuilder
        let workout = HKWorkout(
                      ^

SwiftCompile normal arm64 /Users/benkohler/projekte/gym-app/GymTracker/Views/AddExerciseView.swift (in target 'GymBo' from project 'GymBo')
    cd /Users/benkohler/projekte/gym-app
    
/Users/benkohler/projekte/gym-app/GymTracker/HealthKitManager.swift:367:23: warning: 'init(activityType:start:end:duration:totalEnergyBurned:totalDistance:metadata:)' was deprecated in iOS 17.0: Use HKWorkoutBuilder
        let workout = HKWorkout(
                      ^

SwiftCompile normal arm64 /Users/benkohler/projekte/gym-app/GymTracker/Views/AppIconGenerator.swift (in target 'GymBo' from project 'GymBo')
    cd /Users/benkohler/projekte/gym-app
    
/Users/benkohler/projekte/gym-app/GymTracker/HealthKitManager.swift:367:23: warning: 'init(activityType:start:end:duration:totalEnergyBurned:totalDistance:metadata:)' was deprecated in iOS 17.0: Use HKWorkoutBuilder
        let workout = HKWorkout(
                      ^

SwiftCompile normal arm64 /Users/benkohler/projekte/gym-app/GymTracker/Services/TipEngine.swift (in target 'GymBo' from project 'GymBo')
    cd /Users/benkohler/projekte/gym-app
    
/Users/benkohler/projekte/gym-app/GymTracker/HealthKitManager.swift:367:23: warning: 'init(activityType:start:end:duration:totalEnergyBurned:totalDistance:metadata:)' was deprecated in iOS 17.0: Use HKWorkoutBuilder
        let workout = HKWorkout(
                      ^
/Users/benkohler/projekte/gym-app/GymTracker/Services/TipEngine.swift:332:46: warning: immutable value 'weeks' was never used; consider replacing with '_' or removing it
            case .decreasing(let amount, let weeks):
                                         ~~~~^~~~~
                                         _

SwiftCompile normal arm64 /Users/benkohler/projekte/gym-app/GymTracker/Services/TipFeedbackManager.swift (in target 'GymBo' from project 'GymBo')
    cd /Users/benkohler/projekte/gym-app
    
/Users/benkohler/projekte/gym-app/GymTracker/HealthKitManager.swift:367:23: warning: 'init(activityType:start:end:duration:totalEnergyBurned:totalDistance:metadata:)' was deprecated in iOS 17.0: Use HKWorkoutBuilder
        let workout = HKWorkout(
                      ^
/Users/benkohler/projekte/gym-app/GymTracker/Services/TipFeedbackManager.swift:57:13: warning: variable 'categoryStats' was never used; consider replacing with '_' or removing it
        var categoryStats: [TipCategory: CategoryFeedback] = [:]
            ^~~~~~~~~~~~~
            _

SwiftCompile normal arm64 /Users/benkohler/projekte/gym-app/GymTracker/Models/WeekComparison.swift (in target 'GymBo' from project 'GymBo')
    cd /Users/benkohler/projekte/gym-app
    
/Users/benkohler/projekte/gym-app/GymTracker/HealthKitManager.swift:367:23: warning: 'init(activityType:start:end:duration:totalEnergyBurned:totalDistance:metadata:)' was deprecated in iOS 17.0: Use HKWorkoutBuilder
        let workout = HKWorkout(
                      ^

SwiftDriverJobDiscovery normal arm64 Emitting module for GymBo (in target 'GymBo' from project 'GymBo')

SwiftDriver\ Compilation\ Requirements GymBo normal arm64 com.apple.xcode.tools.swift.compiler (in target 'GymBo' from project 'GymBo')
    cd /Users/benkohler/projekte/gym-app
    builtin-Swift-Compilation-Requirements -- /Applications/Xcode.app/Contents/Developer/Toolchains/XcodeDefault.xctoolchain/usr/bin/swiftc -module-name GymBo -Onone -enforce-exclusivity\=checked @/Users/benkohler/Library/Developer/Xcode/DerivedData/GymBo-dvwcdxgmvblbpbeitnwmqoicwfbl/Build/Intermediates.noindex/GymBo.build/Debug-iphoneos/GymBo.build/Objects-normal/arm64/GymBo.SwiftFileList -DDEBUG -enable-bare-slash-regex -enable-experimental-feature DebugDescriptionMacro -sdk /Applications/Xcode.app/Contents/Developer/Platforms/iPhoneOS.platform/Developer/SDKs/iPhoneOS26.0.sdk -target arm64-apple-ios17.0 -g -module-cache-path /Users/benkohler/Library/Developer/Xcode/DerivedData/ModuleCache.noindex -Xfrontend -serialize-debugging-options -profile-coverage-mapping -profile-generate -enable-testing -index-store-path /Users/benkohler/Library/Developer/Xcode/DerivedData/GymBo-dvwcdxgmvblbpbeitnwmqoicwfbl/Index.noindex/DataStore -Xcc -D_LIBCPP_HARDENING_MODE\=_LIBCPP_HARDENING_MODE_DEBUG -swift-version 5 -I /Users/benkohler/Library/Developer/Xcode/DerivedData/GymBo-dvwcdxgmvblbpbeitnwmqoicwfbl/Build/Products/Debug-iphoneos -F /Users/benkohler/Library/Developer/Xcode/DerivedData/GymBo-dvwcdxgmvblbpbeitnwmqoicwfbl/Build/Products/Debug-iphoneos -emit-localized-strings -emit-localized-strings-path /Users/benkohler/Library/Developer/Xcode/DerivedData/GymBo-dvwcdxgmvblbpbeitnwmqoicwfbl/Build/Intermediates.noindex/GymBo.build/Debug-iphoneos/GymBo.build/Objects-normal/arm64 -c -j8 -enable-batch-mode -incremental -Xcc -ivfsstatcache -Xcc /Users/benkohler/Library/Developer/Xcode/DerivedData/SDKStatCaches.noindex/iphoneos26.0-23A339-81ce72e5b06c9602b9d30b56f2eed08a.sdkstatcache -output-file-map /Users/benkohler/Library/Developer/Xcode/DerivedData/GymBo-dvwcdxgmvblbpbeitnwmqoicwfbl/Build/Intermediates.noindex/GymBo.build/Debug-iphoneos/GymBo.build/Objects-normal/arm64/GymBo-OutputFileMap.json -use-frontend-parseable-output -save-temps -no-color-diagnostics -explicit-module-build -module-cache-path /Users/benkohler/Library/Developer/Xcode/DerivedData/GymBo-dvwcdxgmvblbpbeitnwmqoicwfbl/Build/Intermediates.noindex/SwiftExplicitPrecompiledModules -clang-scanner-module-cache-path /Users/benkohler/Library/Developer/Xcode/DerivedData/ModuleCache.noindex -sdk-module-cache-path /Users/benkohler/Library/Developer/Xcode/DerivedData/ModuleCache.noindex -serialize-diagnostics -emit-dependencies -emit-module -emit-module-path /Users/benkohler/Library/Developer/Xcode/DerivedData/GymBo-dvwcdxgmvblbpbeitnwmqoicwfbl/Build/Intermediates.noindex/GymBo.build/Debug-iphoneos/GymBo.build/Objects-normal/arm64/GymBo.swiftmodule -validate-clang-modules-once -clang-build-session-file /Users/benkohler/Library/Developer/Xcode/DerivedData/ModuleCache.noindex/Session.modulevalidation -Xcc -I/Users/benkohler/Library/Developer/Xcode/DerivedData/GymBo-dvwcdxgmvblbpbeitnwmqoicwfbl/Build/Intermediates.noindex/GymBo.build/Debug-iphoneos/GymBo.build/swift-overrides.hmap -emit-const-values -Xfrontend -const-gather-protocols-file -Xfrontend /Users/benkohler/Library/Developer/Xcode/DerivedData/GymBo-dvwcdxgmvblbpbeitnwmqoicwfbl/Build/Intermediates.noindex/GymBo.build/Debug-iphoneos/GymBo.build/Objects-normal/arm64/GymBo_const_extract_protocols.json -Xcc -iquote -Xcc /Users/benkohler/Library/Developer/Xcode/DerivedData/GymBo-dvwcdxgmvblbpbeitnwmqoicwfbl/Build/Intermediates.noindex/GymBo.build/Debug-iphoneos/GymBo.build/GymBo-generated-files.hmap -Xcc -I/Users/benkohler/Library/Developer/Xcode/DerivedData/GymBo-dvwcdxgmvblbpbeitnwmqoicwfbl/Build/Intermediates.noindex/GymBo.build/Debug-iphoneos/GymBo.build/GymBo-own-target-headers.hmap -Xcc -I/Users/benkohler/Library/Developer/Xcode/DerivedData/GymBo-dvwcdxgmvblbpbeitnwmqoicwfbl/Build/Intermediates.noindex/GymBo.build/Debug-iphoneos/GymBo.build/GymBo-all-target-headers.hmap -Xcc -iquote -Xcc /Users/benkohler/Library/Developer/Xcode/DerivedData/GymBo-dvwcdxgmvblbpbeitnwmqoicwfbl/Build/Intermediates.noindex/GymBo.build/Debug-iphoneos/GymBo.build/GymBo-project-headers.hmap -Xcc -I/Users/benkohler/Library/Developer/Xcode/DerivedData/GymBo-dvwcdxgmvblbpbeitnwmqoicwfbl/Build/Products/Debug-iphoneos/include -Xcc -I/Users/benkohler/Library/Developer/Xcode/DerivedData/GymBo-dvwcdxgmvblbpbeitnwmqoicwfbl/Build/Intermediates.noindex/GymBo.build/Debug-iphoneos/GymBo.build/DerivedSources-normal/arm64 -Xcc -I/Users/benkohler/Library/Developer/Xcode/DerivedData/GymBo-dvwcdxgmvblbpbeitnwmqoicwfbl/Build/Intermediates.noindex/GymBo.build/Debug-iphoneos/GymBo.build/DerivedSources/arm64 -Xcc -I/Users/benkohler/Library/Developer/Xcode/DerivedData/GymBo-dvwcdxgmvblbpbeitnwmqoicwfbl/Build/Intermediates.noindex/GymBo.build/Debug-iphoneos/GymBo.build/DerivedSources -Xcc -DDEBUG\=1 -emit-objc-header -emit-objc-header-path /Users/benkohler/Library/Developer/Xcode/DerivedData/GymBo-dvwcdxgmvblbpbeitnwmqoicwfbl/Build/Intermediates.noindex/GymBo.build/Debug-iphoneos/GymBo.build/Objects-normal/arm64/GymBo-Swift.h -working-directory /Users/benkohler/projekte/gym-app -experimental-emit-module-separately -disable-cmo

CodeSign /Users/benkohler/Library/Developer/Xcode/DerivedData/GymBo-dvwcdxgmvblbpbeitnwmqoicwfbl/Build/Products/Debug-iphoneos/WorkoutWidgetsExtension.appex/__preview.dylib (in target 'WorkoutWidgetsExtension' from project 'GymBo')
    cd /Users/benkohler/projekte/gym-app
    
    Signing Identity:     "Apple Development: Benjamin Kohler (WSW8M6D5YT)"
    Provisioning Profile: "iOS Team Provisioning Profile: com.example.GymTracker.WorkoutWidgets"
                          (54a7bf81-6eaf-42d5-b260-ff8133c9ee49)
    
    /usr/bin/codesign --force --sign BAA4BAA56C92A211CE3AEBF7942E9E0F8F8CE4BC --timestamp\=none --generate-entitlement-der /Users/benkohler/Library/Developer/Xcode/DerivedData/GymBo-dvwcdxgmvblbpbeitnwmqoicwfbl/Build/Products/Debug-iphoneos/WorkoutWidgetsExtension.appex/__preview.dylib

SwiftMergeGeneratedHeaders /Users/benkohler/Library/Developer/Xcode/DerivedData/GymBo-dvwcdxgmvblbpbeitnwmqoicwfbl/Build/Intermediates.noindex/GymBo.build/Debug-iphoneos/GymBo.build/DerivedSources/GymBo-Swift.h /Users/benkohler/Library/Developer/Xcode/DerivedData/GymBo-dvwcdxgmvblbpbeitnwmqoicwfbl/Build/Intermediates.noindex/GymBo.build/Debug-iphoneos/GymBo.build/Objects-normal/arm64/GymBo-Swift.h (in target 'GymBo' from project 'GymBo')
    cd /Users/benkohler/projekte/gym-app
    builtin-swiftHeaderTool -arch arm64 /Users/benkohler/Library/Developer/Xcode/DerivedData/GymBo-dvwcdxgmvblbpbeitnwmqoicwfbl/Build/Intermediates.noindex/GymBo.build/Debug-iphoneos/GymBo.build/Objects-normal/arm64/GymBo-Swift.h -o /Users/benkohler/Library/Developer/Xcode/DerivedData/GymBo-dvwcdxgmvblbpbeitnwmqoicwfbl/Build/Intermediates.noindex/GymBo.build/Debug-iphoneos/GymBo.build/DerivedSources/GymBo-Swift.h

Copy /Users/benkohler/Library/Developer/Xcode/DerivedData/GymBo-dvwcdxgmvblbpbeitnwmqoicwfbl/Build/Products/Debug-iphoneos/GymBo.swiftmodule/arm64-apple-ios.swiftmodule /Users/benkohler/Library/Developer/Xcode/DerivedData/GymBo-dvwcdxgmvblbpbeitnwmqoicwfbl/Build/Intermediates.noindex/GymBo.build/Debug-iphoneos/GymBo.build/Objects-normal/arm64/GymBo.swiftmodule (in target 'GymBo' from project 'GymBo')
    cd /Users/benkohler/projekte/gym-app
    builtin-copy -exclude .DS_Store -exclude CVS -exclude .svn -exclude .git -exclude .hg -resolve-src-symlinks -rename /Users/benkohler/Library/Developer/Xcode/DerivedData/GymBo-dvwcdxgmvblbpbeitnwmqoicwfbl/Build/Intermediates.noindex/GymBo.build/Debug-iphoneos/GymBo.build/Objects-normal/arm64/GymBo.swiftmodule /Users/benkohler/Library/Developer/Xcode/DerivedData/GymBo-dvwcdxgmvblbpbeitnwmqoicwfbl/Build/Products/Debug-iphoneos/GymBo.swiftmodule/arm64-apple-ios.swiftmodule

Copy /Users/benkohler/Library/Developer/Xcode/DerivedData/GymBo-dvwcdxgmvblbpbeitnwmqoicwfbl/Build/Products/Debug-iphoneos/GymBo.swiftmodule/arm64-apple-ios.swiftdoc /Users/benkohler/Library/Developer/Xcode/DerivedData/GymBo-dvwcdxgmvblbpbeitnwmqoicwfbl/Build/Intermediates.noindex/GymBo.build/Debug-iphoneos/GymBo.build/Objects-normal/arm64/GymBo.swiftdoc (in target 'GymBo' from project 'GymBo')
    cd /Users/benkohler/projekte/gym-app
    builtin-copy -exclude .DS_Store -exclude CVS -exclude .svn -exclude .git -exclude .hg -resolve-src-symlinks -rename /Users/benkohler/Library/Developer/Xcode/DerivedData/GymBo-dvwcdxgmvblbpbeitnwmqoicwfbl/Build/Intermediates.noindex/GymBo.build/Debug-iphoneos/GymBo.build/Objects-normal/arm64/GymBo.swiftdoc /Users/benkohler/Library/Developer/Xcode/DerivedData/GymBo-dvwcdxgmvblbpbeitnwmqoicwfbl/Build/Products/Debug-iphoneos/GymBo.swiftmodule/arm64-apple-ios.swiftdoc

Copy /Users/benkohler/Library/Developer/Xcode/DerivedData/GymBo-dvwcdxgmvblbpbeitnwmqoicwfbl/Build/Products/Debug-iphoneos/GymBo.swiftmodule/arm64-apple-ios.abi.json /Users/benkohler/Library/Developer/Xcode/DerivedData/GymBo-dvwcdxgmvblbpbeitnwmqoicwfbl/Build/Intermediates.noindex/GymBo.build/Debug-iphoneos/GymBo.build/Objects-normal/arm64/GymBo.abi.json (in target 'GymBo' from project 'GymBo')
    cd /Users/benkohler/projekte/gym-app
    builtin-copy -exclude .DS_Store -exclude CVS -exclude .svn -exclude .git -exclude .hg -resolve-src-symlinks -rename /Users/benkohler/Library/Developer/Xcode/DerivedData/GymBo-dvwcdxgmvblbpbeitnwmqoicwfbl/Build/Intermediates.noindex/GymBo.build/Debug-iphoneos/GymBo.build/Objects-normal/arm64/GymBo.abi.json /Users/benkohler/Library/Developer/Xcode/DerivedData/GymBo-dvwcdxgmvblbpbeitnwmqoicwfbl/Build/Products/Debug-iphoneos/GymBo.swiftmodule/arm64-apple-ios.abi.json

Copy /Users/benkohler/Library/Developer/Xcode/DerivedData/GymBo-dvwcdxgmvblbpbeitnwmqoicwfbl/Build/Products/Debug-iphoneos/GymBo.swiftmodule/Project/arm64-apple-ios.swiftsourceinfo /Users/benkohler/Library/Developer/Xcode/DerivedData/GymBo-dvwcdxgmvblbpbeitnwmqoicwfbl/Build/Intermediates.noindex/GymBo.build/Debug-iphoneos/GymBo.build/Objects-normal/arm64/GymBo.swiftsourceinfo (in target 'GymBo' from project 'GymBo')
    cd /Users/benkohler/projekte/gym-app
    builtin-copy -exclude .DS_Store -exclude CVS -exclude .svn -exclude .git -exclude .hg -resolve-src-symlinks -rename /Users/benkohler/Library/Developer/Xcode/DerivedData/GymBo-dvwcdxgmvblbpbeitnwmqoicwfbl/Build/Intermediates.noindex/GymBo.build/Debug-iphoneos/GymBo.build/Objects-normal/arm64/GymBo.swiftsourceinfo /Users/benkohler/Library/Developer/Xcode/DerivedData/GymBo-dvwcdxgmvblbpbeitnwmqoicwfbl/Build/Products/Debug-iphoneos/GymBo.swiftmodule/Project/arm64-apple-ios.swiftsourceinfo

CodeSign /Users/benkohler/Library/Developer/Xcode/DerivedData/GymBo-dvwcdxgmvblbpbeitnwmqoicwfbl/Build/Products/Debug-iphoneos/WorkoutWidgetsExtension.appex (in target 'WorkoutWidgetsExtension' from project 'GymBo')
    cd /Users/benkohler/projekte/gym-app
    
    Signing Identity:     "Apple Development: Benjamin Kohler (WSW8M6D5YT)"
    Provisioning Profile: "iOS Team Provisioning Profile: com.example.GymTracker.WorkoutWidgets"
                          (54a7bf81-6eaf-42d5-b260-ff8133c9ee49)
    
    /usr/bin/codesign --force --sign BAA4BAA56C92A211CE3AEBF7942E9E0F8F8CE4BC --entitlements /Users/benkohler/Library/Developer/Xcode/DerivedData/GymBo-dvwcdxgmvblbpbeitnwmqoicwfbl/Build/Intermediates.noindex/GymBo.build/Debug-iphoneos/WorkoutWidgetsExtension.build/WorkoutWidgetsExtension.appex.xcent --timestamp\=none --generate-entitlement-der /Users/benkohler/Library/Developer/Xcode/DerivedData/GymBo-dvwcdxgmvblbpbeitnwmqoicwfbl/Build/Products/Debug-iphoneos/WorkoutWidgetsExtension.appex

SwiftCompile normal arm64 Compiling\ SoundPlayer.swift,\ AppLayout.swift,\ TrainingTip.swift,\ Color+Theme.swift,\ UserProfile.swift,\ WorkoutActivityAttributes.swift,\ HapticManager.swift,\ ProfileEditView.swift,\ WorkoutLiveActivityController.swift,\ ExerciseRecordMigration.swift,\ WorkoutActionButton.swift,\ KeyboardDismissalUtilities.swift,\ ExerciseMarkdownParser.swift /Users/benkohler/projekte/gym-app/GymTracker/SoundPlayer.swift /Users/benkohler/projekte/gym-app/GymTracker/AppLayout.swift /Users/benkohler/projekte/gym-app/GymTracker/Models/TrainingTip.swift /Users/benkohler/projekte/gym-app/GymTracker/Color+Theme.swift /Users/benkohler/projekte/gym-app/GymTracker/Views/UserProfile.swift /Users/benkohler/projekte/gym-app/GymTracker/LiveActivities/WorkoutActivityAttributes.swift /Users/benkohler/projekte/gym-app/GymTracker/Services/HapticManager.swift /Users/benkohler/projekte/gym-app/GymTracker/Views/ProfileEditView.swift /Users/benkohler/projekte/gym-app/GymTracker/LiveActivities/WorkoutLiveActivityController.swift /Users/benkohler/projekte/gym-app/ExerciseRecordMigration.swift /Users/benkohler/projekte/gym-app/GymTracker/Views/WorkoutActionButton.swift /Users/benkohler/projekte/gym-app/GymTracker/KeyboardDismissalUtilities.swift /Users/benkohler/projekte/gym-app/ExerciseMarkdownParser.swift (in target 'GymBo' from project 'GymBo')

SwiftCompile normal arm64 /Users/benkohler/projekte/gym-app/GymTracker/SoundPlayer.swift (in target 'GymBo' from project 'GymBo')
    cd /Users/benkohler/projekte/gym-app
    

SwiftCompile normal arm64 /Users/benkohler/projekte/gym-app/GymTracker/AppLayout.swift (in target 'GymBo' from project 'GymBo')
    cd /Users/benkohler/projekte/gym-app
    

SwiftCompile normal arm64 /Users/benkohler/projekte/gym-app/GymTracker/Models/TrainingTip.swift (in target 'GymBo' from project 'GymBo')
    cd /Users/benkohler/projekte/gym-app
    

SwiftCompile normal arm64 /Users/benkohler/projekte/gym-app/GymTracker/Color+Theme.swift (in target 'GymBo' from project 'GymBo')
    cd /Users/benkohler/projekte/gym-app
    

SwiftCompile normal arm64 /Users/benkohler/projekte/gym-app/GymTracker/Views/UserProfile.swift (in target 'GymBo' from project 'GymBo')
    cd /Users/benkohler/projekte/gym-app
    

SwiftCompile normal arm64 /Users/benkohler/projekte/gym-app/GymTracker/LiveActivities/WorkoutActivityAttributes.swift (in target 'GymBo' from project 'GymBo')
    cd /Users/benkohler/projekte/gym-app
    

SwiftCompile normal arm64 /Users/benkohler/projekte/gym-app/GymTracker/Services/HapticManager.swift (in target 'GymBo' from project 'GymBo')
    cd /Users/benkohler/projekte/gym-app
    

SwiftCompile normal arm64 /Users/benkohler/projekte/gym-app/GymTracker/Views/ProfileEditView.swift (in target 'GymBo' from project 'GymBo')
    cd /Users/benkohler/projekte/gym-app
    

SwiftCompile normal arm64 /Users/benkohler/projekte/gym-app/GymTracker/LiveActivities/WorkoutLiveActivityController.swift (in target 'GymBo' from project 'GymBo')
    cd /Users/benkohler/projekte/gym-app
    
/Users/benkohler/projekte/gym-app/GymTracker/LiveActivities/WorkoutLiveActivityController.swift:79:44: warning: 'end(using:dismissalPolicy:)' was deprecated in iOS 16.2: Use end(content:dismissalPolicy:) instead
                            await activity.end(dismissalPolicy: .immediate)
                                           ^
/Users/benkohler/projekte/gym-app/GymTracker/LiveActivities/WorkoutLiveActivityController.swift:191:36: warning: no 'async' operations occur within 'await' expression
                let currentState = await activity.content.state
                                   ^
/Users/benkohler/projekte/gym-app/GymTracker/LiveActivities/WorkoutLiveActivityController.swift:275:37: warning: 'end(using:dismissalPolicy:)' was deprecated in iOS 16.2: Use end(content:dismissalPolicy:) instead
                await activityToEnd.end(using: closingState, dismissalPolicy: .immediate)
                                    ^
/Users/benkohler/projekte/gym-app/GymTracker/LiveActivities/WorkoutLiveActivityController.swift:396:36: warning: 'update(using:)' was deprecated in iOS 16.2: Use update(_:) instead
                    await activity.update(using: baseState)
                                   ^
/Users/benkohler/projekte/gym-app/GymTracker/LiveActivities/WorkoutLiveActivityController.swift:408:48: warning: 'request(attributes:contentState:pushType:)' was deprecated in iOS 16.2: Use request(attributes:content:pushType:) instead
                let newActivity = try Activity.request(
                                               ^
/Users/benkohler/projekte/gym-app/GymTracker/LiveActivities/WorkoutLiveActivityController.swift:398:19: warning: 'catch' block is unreachable because no errors are thrown in 'do' block
                } catch {
                  ^
/Users/benkohler/projekte/gym-app/GymTracker/LiveActivities/WorkoutLiveActivityController.swift:487:32: warning: 'update(using:alertConfiguration:)' was deprecated in iOS 16.2: Use update(_:alertConfiguration:) instead
                await activity.update(using: state, alertConfiguration: alertConfig)
                               ^
/Users/benkohler/projekte/gym-app/GymTracker/LiveActivities/WorkoutLiveActivityController.swift:491:15: warning: 'catch' block is unreachable because no errors are thrown in 'do' block
            } catch {
              ^

SwiftCompile normal arm64 /Users/benkohler/projekte/gym-app/ExerciseRecordMigration.swift (in target 'GymBo' from project 'GymBo')
    cd /Users/benkohler/projekte/gym-app
    

SwiftCompile normal arm64 /Users/benkohler/projekte/gym-app/GymTracker/Views/WorkoutActionButton.swift (in target 'GymBo' from project 'GymBo')
    cd /Users/benkohler/projekte/gym-app
    

SwiftCompile normal arm64 /Users/benkohler/projekte/gym-app/GymTracker/KeyboardDismissalUtilities.swift (in target 'GymBo' from project 'GymBo')
    cd /Users/benkohler/projekte/gym-app
    
/Users/benkohler/projekte/gym-app/GymTracker/KeyboardDismissalUtilities.swift:290:19: warning: call to main actor-isolated instance method 'keyboardWillShow' in a synchronous nonisolated context
            self?.keyboardWillShow(notification)
                  ^
/Users/benkohler/projekte/gym-app/GymTracker/KeyboardDismissalUtilities.swift:306:18: note: calls to instance method 'keyboardWillShow' from outside of its actor context are implicitly asynchronous
    private func keyboardWillShow(_ notification: Notification) {
                 ^
/Users/benkohler/projekte/gym-app/GymTracker/KeyboardDismissalUtilities.swift:298:19: warning: call to main actor-isolated instance method 'keyboardWillHide' in a synchronous nonisolated context
            self?.keyboardWillHide(notification)
                  ^
/Users/benkohler/projekte/gym-app/GymTracker/KeyboardDismissalUtilities.swift:312:18: note: calls to instance method 'keyboardWillHide' from outside of its actor context are implicitly asynchronous
    private func keyboardWillHide(_ notification: Notification) {
                 ^

SwiftCompile normal arm64 /Users/benkohler/projekte/gym-app/ExerciseMarkdownParser.swift (in target 'GymBo' from project 'GymBo')
    cd /Users/benkohler/projekte/gym-app
    

SwiftCompile normal arm64 Compiling\ SessionDetailComponents.swift,\ Workout+SwiftDataMapping.swift,\ ContentView.swift,\ ExercisePickerView.swift,\ AddWorkoutView.swift,\ RestTimerExpiredOverlay.swift,\ AddFolderView.swift,\ HealthKitWorkoutTracker.swift,\ SettingsView.swift,\ SwiftDataSafeMapping.swift,\ SwiftDataMigration.swift,\ SwiftDataEntities.swift /Users/benkohler/projekte/gym-app/GymTracker/Views/SessionDetailComponents.swift /Users/benkohler/projekte/gym-app/GymTracker/Workout+SwiftDataMapping.swift /Users/benkohler/projekte/gym-app/GymTracker/ContentView.swift /Users/benkohler/projekte/gym-app/GymTracker/Views/ExercisePickerView.swift /Users/benkohler/projekte/gym-app/GymTracker/Views/AddWorkoutView.swift /Users/benkohler/projekte/gym-app/GymTracker/Views/Overlays/RestTimerExpiredOverlay.swift /Users/benkohler/projekte/gym-app/GymTracker/Views/AddFolderView.swift /Users/benkohler/projekte/gym-app/GymTracker/HealthKitWorkoutTracker.swift /Users/benkohler/projekte/gym-app/GymTracker/Views/SettingsView.swift /Users/benkohler/projekte/gym-app/GymTracker/SwiftDataSafeMapping.swift /Users/benkohler/projekte/gym-app/GymTracker/SwiftDataMigration.swift /Users/benkohler/projekte/gym-app/GymTracker/SwiftDataEntities.swift (in target 'GymBo' from project 'GymBo')
Failed frontend command:
/Applications/Xcode.app/Contents/Developer/Toolchains/XcodeDefault.xctoolchain/usr/bin/swift-frontend -frontend -c /Users/benkohler/projekte/gym-app/GymTracker/SoundPlayer.swift /Users/benkohler/projekte/gym-app/GymTracker/AppLayout.swift /Users/benkohler/projekte/gym-app/GymTracker/Models/TrainingTip.swift /Users/benkohler/projekte/gym-app/GymTracker/Color+Theme.swift /Users/benkohler/projekte/gym-app/GymTracker/Views/UserProfile.swift /Users/benkohler/projekte/gym-app/GymTracker/LiveActivities/WorkoutActivityAttributes.swift /Users/benkohler/projekte/gym-app/GymTracker/Services/HapticManager.swift /Users/benkohler/projekte/gym-app/GymTracker/Views/ProfileEditView.swift /Users/benkohler/projekte/gym-app/GymTracker/LiveActivities/WorkoutLiveActivityController.swift /Users/benkohler/projekte/gym-app/ExerciseRecordMigration.swift /Users/benkohler/projekte/gym-app/GymTracker/Views/WorkoutActionButton.swift /Users/benkohler/projekte/gym-app/GymTracker/KeyboardDismissalUtilities.swift /Users/benkohler/projekte/gym-app/ExerciseMarkdownParser.swift /Users/benkohler/projekte/gym-app/GymTracker/HealthKitManager.swift /Users/benkohler/projekte/gym-app/SampleWorkoutMigrationPlan.swift /Users/benkohler/projekte/gym-app/GymTracker/Models/WorkoutSession.swift /Users/benkohler/projekte/gym-app/GymTracker/Views/SessionActionButton.swift /Users/benkohler/projekte/gym-app/GymTracker/ViewModels/RestTimerStateManager.swift /Users/benkohler/projekte/gym-app/GymTracker/WorkoutSeeder.swift /Users/benkohler/projekte/gym-app/GymTracker/Models/Workout.swift /Users/benkohler/projekte/gym-app/GymTracker/Views/AddExerciseView.swift /Users/benkohler/projekte/gym-app/GymTracker/Views/AppIconGenerator.swift /Users/benkohler/projekte/gym-app/GymTracker/Services/TipEngine.swift /Users/benkohler/projekte/gym-app/GymTracker/Services/TipFeedbackManager.swift /Users/benkohler/projekte/gym-app/GymTracker/Models/WeekComparison.swift /Users/benkohler/projekte/gym-app/GymTracker/Models/RestTimerState.swift /Users/benkohler/projekte/gym-app/GymTracker/Managers/InAppOverlayManager.swift /Users/benkohler/projekte/gym-app/GymTracker/Services/WorkoutAnalyzer.swift /Users/benkohler/projekte/gym-app/GymTracker/HealthKitSetup.swift /Users/benkohler/projekte/gym-app/GymTracker/Views/Components/RecoveryCard.swift /Users/benkohler/projekte/gym-app/GymTracker/Views/Components/MuscleDistributionCard.swift /Users/benkohler/projekte/gym-app/GymTracker/Views/Components/WeeklySetsCard.swift /Users/benkohler/projekte/gym-app/GymTracker/Views/Components/ProgressionScoreCard.swift /Users/benkohler/projekte/gym-app/GymTracker/Views/Components/TopPRsCard.swift /Users/benkohler/projekte/gym-app/GymTracker/Services/TimerEngine.swift /Users/benkohler/projekte/gym-app/GymTracker/Views/ExercisesView.swift /Users/benkohler/projekte/gym-app/GymTracker/Views/SessionDetailView.swift -primary-file /Users/benkohler/projekte/gym-app/GymTracker/Views/SessionDetailComponents.swift -primary-file /Users/benkohler/projekte/gym-app/GymTracker/Workout+SwiftDataMapping.swift -primary-file /Users/benkohler/projekte/gym-app/GymTracker/ContentView.swift -primary-file /Users/benkohler/projekte/gym-app/GymTracker/Views/ExercisePickerView.swift -primary-file /Users/benkohler/projekte/gym-app/GymTracker/Views/AddWorkoutView.swift -primary-file /Users/benkohler/projekte/gym-app/GymTracker/Views/Overlays/RestTimerExpiredOverlay.swift -primary-file /Users/benkohler/projekte/gym-app/GymTracker/Views/AddFolderView.swift -primary-file /Users/benkohler/projekte/gym-app/GymTracker/HealthKitWorkoutTracker.swift -primary-file /Users/benkohler/projekte/gym-app/GymTracker/Views/SettingsView.swift -primary-file /Users/benkohler/projekte/gym-app/GymTracker/SwiftDataSafeMapping.swift -primary-file /Users/benkohler/projekte/gym-app/GymTracker/SwiftDataMigration.swift -primary-file /Users/benkohler/projekte/gym-app/GymTracker/SwiftDataEntities.swift /Users/benkohler/projekte/gym-app/GymTracker/Views/WorkoutsView.swift /Users/benkohler/projekte/gym-app/GymTracker/GymTrackerApp.swift /Users/benkohler/projekte/gym-app/ExerciseDatabaseMigration.swift /Users/benkohler/projekte/gym-app/GymTracker/Models/RecoveryIndex.swift /Users/benkohler/projekte/gym-app/GymTracker/Models/ProgressionScore.swift /Users/benkohler/projekte/gym-app/ExerciseHeaderWithLastUsed.swift /Users/benkohler/projekte/gym-app/GymTracker/NotificationManager.swift /Users/benkohler/projekte/gym-app/ExerciseLastUsedMigration.swift /Users/benkohler/projekte/gym-app/GymTracker/AppLogger.swift /Users/benkohler/projekte/gym-app/ExerciseLastUsedViews.swift /Users/benkohler/projekte/gym-app/GymTracker/BackupManager.swift /Users/benkohler/projekte/gym-app/ExerciseRecordViews.swift /Users/benkohler/projekte/gym-app/GymTracker/BackupView.swift /Users/benkohler/projekte/gym-app/GymTracker/Models/Exercise.swift /Users/benkohler/projekte/gym-app/GymTracker/HealthKitSetupView.swift /Users/benkohler/projekte/gym-app/GymTracker/Views/WorkoutDetailView.swift /Users/benkohler/projekte/gym-app/GymTracker/ExerciseSeeder.swift /Users/benkohler/projekte/gym-app/GymTracker/Protocols/RestTimerOverlayProtocol.swift /Users/benkohler/projekte/gym-app/GymTracker/ViewModels/Theme.swift /Users/benkohler/projekte/gym-app/GymTracker/ViewModels/StartView.swift /Users/benkohler/projekte/gym-app/GymTracker/HeartRateView.swift /Users/benkohler/projekte/gym-app/GymTracker/Views/EditWorkoutView.swift /Users/benkohler/projekte/gym-app/GymTracker/Views/EditExerciseView.swift /Users/benkohler/projekte/gym-app/GymTracker/AudioManager.swift /Users/benkohler/projekte/gym-app/GymTracker/Models/SessionStatistics.swift /Users/benkohler/projekte/gym-app/GymTracker/Views/Components/SmartTipsCard.swift /Users/benkohler/projekte/gym-app/GymTracker/Views/Components/WeekComparisonCard.swift /Users/benkohler/projekte/gym-app/GymTracker/Views/ProfileView.swift /Users/benkohler/projekte/gym-app/GymTracker/DataManager.swift /Users/benkohler/projekte/gym-app/GymTracker/Views/ExerciseSwapView.swift /Users/benkohler/projekte/gym-app/GymTracker/SpeechRecognizer.swift /Users/benkohler/projekte/gym-app/GymTracker/ViewModels/WorkoutStore.swift /Users/benkohler/projekte/gym-app/GymTracker/NotificationSoundSettings.swift /Users/benkohler/projekte/gym-app/ExerciseRecord.swift /Users/benkohler/projekte/gym-app/GymTracker/ViewModels/ProfilePersistenceHelper.swift /Users/benkohler/projekte/gym-app/GymTracker/WorkoutRepository.swift /Users/benkohler/projekte/gym-app/GymTracker/Views/ProfileImageView.swift /Users/benkohler/projekte/gym-app/ShareableWorkout.swift /Users/benkohler/projekte/gym-app/GymTracker/Views/StatisticsView.swift /Users/benkohler/projekte/gym-app/GymTracker/Models/WorkoutPreferences.swift /Users/benkohler/projekte/gym-app/GymTracker/ViewModels/StatisticsCache.swift /Users/benkohler/projekte/gym-app/GymTracker/Views/WorkoutWizardView.swift /Users/benkohler/projekte/gym-app/WorkoutsTabView.swift /Users/benkohler/projekte/gym-app/GymTracker/Views/WizardSelectionStepView.swift /Users/benkohler/projekte/gym-app/WorkoutTileCard.swift /Users/benkohler/projekte/gym-app/GymTracker/LegacyModels.swift /Users/benkohler/projekte/gym-app/GymTracker/Views/GeneratedWorkoutPreviewView.swift /Users/benkohler/Library/Developer/Xcode/DerivedData/GymBo-dvwcdxgmvblbpbeitnwmqoicwfbl/Build/Intermediates.noindex/GymBo.build/Debug-iphoneos/GymBo.build/DerivedSources/GeneratedAssetSymbols.swift -supplementary-output-file-map /Users/benkohler/Library/Developer/Xcode/DerivedData/GymBo-dvwcdxgmvblbpbeitnwmqoicwfbl/Build/Intermediates.noindex/GymBo.build/Debug-iphoneos/GymBo.build/Objects-normal/arm64/supplementaryOutputs-4 -emit-localized-strings -emit-localized-strings-path /Users/benkohler/Library/Developer/Xcode/DerivedData/GymBo-dvwcdxgmvblbpbeitnwmqoicwfbl/Build/Intermediates.noindex/GymBo.build/Debug-iphoneos/GymBo.build/Objects-normal/arm64 -target arm64-apple-ios17.0 -module-can-import-version ActivityKit 268 1.0.0 -module-can-import-version DeveloperToolsSupport 23.0.4 23.0.4 -module-can-import-version SwiftData 123 0 -module-can-import-version SwiftUI 7.0.84.1 7.0.84 -module-can-import-version UIKit 9088.1.113 9088.1.113 -disable-cross-import-overlay-search -swift-module-cross-import PhotosUI /Applications/Xcode.app/Contents/Developer/Platforms/iPhoneOS.platform/Developer/SDKs/iPhoneOS.sdk/System/Library/Frameworks/PhotosUI.framework/Modules/PhotosUI.swiftcrossimport/SwiftUI.swiftoverlay -swift-module-cross-import PhotosUI /Applications/Xcode.app/Contents/Developer/Platforms/iPhoneOS.platform/Developer/SDKs/iPhoneOS.sdk/System/Library/Frameworks/PhotosUI.framework/Modules/PhotosUI.swiftcrossimport/WidgetKit.swiftoverlay -swift-module-cross-import PhotosUI /Applications/Xcode.app/Contents/Developer/Platforms/iPhoneOS.platform/Developer/SDKs/iPhoneOS26.0.sdk/System/Library/Frameworks/PhotosUI.framework/Modules/PhotosUI.swiftcrossimport/SwiftUI.swiftoverlay -swift-module-cross-import PhotosUI /Applications/Xcode.app/Contents/Developer/Platforms/iPhoneOS.platform/Developer/SDKs/iPhoneOS26.0.sdk/System/Library/Frameworks/PhotosUI.framework/Modules/PhotosUI.swiftcrossimport/WidgetKit.swiftoverlay -swift-module-cross-import SwiftData /Applications/Xcode.app/Contents/Developer/Platforms/iPhoneOS.platform/Developer/SDKs/iPhoneOS26.0.sdk/System/Library/Frameworks/SwiftData.framework/Modules/SwiftData.swiftcrossimport/CoreData.swiftoverlay -swift-module-cross-import SwiftData /Applications/Xcode.app/Contents/Developer/Platforms/iPhoneOS.platform/Developer/SDKs/iPhoneOS26.0.sdk/System/Library/Frameworks/SwiftData.framework/Modules/SwiftData.swiftcrossimport/SwiftUI.swiftoverlay -load-resolved-plugin /Applications/Xcode.app/Contents/Developer/Platforms/iPhoneOS.platform/Developer/usr/lib/swift/host/plugins/libFoundationMacros.dylib\#/Applications/Xcode.app/Contents/Developer/Platforms/iPhoneOS.platform/Developer/usr/bin/swift-plugin-server\#FoundationMacros -load-resolved-plugin /Applications/Xcode.app/Contents/Developer/Platforms/iPhoneOS.platform/Developer/usr/lib/swift/host/plugins/libObservationMacros.dylib\#/Applications/Xcode.app/Contents/Developer/Platforms/iPhoneOS.platform/Developer/usr/bin/swift-plugin-server\#ObservationMacros -load-resolved-plugin /Applications/Xcode.app/Contents/Developer/Platforms/iPhoneOS.platform/Developer/usr/lib/swift/host/plugins/libPreviewsMacros.dylib\#/Applications/Xcode.app/Contents/Developer/Platforms/iPhoneOS.platform/Developer/usr/bin/swift-plugin-server\#PreviewsMacros -load-resolved-plugin /Applications/Xcode.app/Contents/Developer/Platforms/iPhoneOS.platform/Developer/usr/lib/swift/host/plugins/libSwiftDataMacros.dylib\#/Applications/Xcode.app/Contents/Developer/Platforms/iPhoneOS.platform/Developer/usr/bin/swift-plugin-server\#SwiftDataMacros -load-resolved-plugin /Applications/Xcode.app/Contents/Developer/Platforms/iPhoneOS.platform/Developer/usr/lib/swift/host/plugins/libSwiftMacros.dylib\#/Applications/Xcode.app/Contents/Developer/Platforms/iPhoneOS.platform/Developer/usr/bin/swift-plugin-server\#SwiftMacros -load-resolved-plugin /Applications/Xcode.app/Contents/Developer/Platforms/iPhoneOS.platform/Developer/usr/lib/swift/host/plugins/libSwiftUIMacros.dylib\#/Applications/Xcode.app/Contents/Developer/Platforms/iPhoneOS.platform/Developer/usr/bin/swift-plugin-server\#SwiftUIMacros -disable-implicit-swift-modules -Xcc -fno-implicit-modules -Xcc -fno-implicit-module-maps -explicit-swift-module-map-file /Users/benkohler/Library/Developer/Xcode/DerivedData/GymBo-dvwcdxgmvblbpbeitnwmqoicwfbl/Build/Intermediates.noindex/GymBo.build/Debug-iphoneos/GymBo.build/Objects-normal/arm64/GymBo-dependencies-1.json -Xllvm -aarch64-use-tbi -enable-objc-interop -stack-check -sdk /Applications/Xcode.app/Contents/Developer/Platforms/iPhoneOS.platform/Developer/SDKs/iPhoneOS26.0.sdk -I /Users/benkohler/Library/Developer/Xcode/DerivedData/GymBo-dvwcdxgmvblbpbeitnwmqoicwfbl/Build/Products/Debug-iphoneos -F /Users/benkohler/Library/Developer/Xcode/DerivedData/GymBo-dvwcdxgmvblbpbeitnwmqoicwfbl/Build/Products/Debug-iphoneos -no-color-diagnostics -Xcc -fno-color-diagnostics -enable-testing -g -debug-info-format\=dwarf -dwarf-version\=4 -module-cache-path /Users/benkohler/Library/Developer/Xcode/DerivedData/GymBo-dvwcdxgmvblbpbeitnwmqoicwfbl/Build/Intermediates.noindex/SwiftExplicitPrecompiledModules -profile-generate -profile-coverage-mapping -swift-version 5 -enforce-exclusivity\=checked -Onone -D DEBUG -serialize-debugging-options -const-gather-protocols-file /Users/benkohler/Library/Developer/Xcode/DerivedData/GymBo-dvwcdxgmvblbpbeitnwmqoicwfbl/Build/Intermediates.noindex/GymBo.build/Debug-iphoneos/GymBo.build/Objects-normal/arm64/GymBo_const_extract_protocols.json -enable-experimental-feature DebugDescriptionMacro -enable-bare-slash-regex -empty-abi-descriptor -validate-clang-modules-once -clang-build-session-file /Users/benkohler/Library/Developer/Xcode/DerivedData/ModuleCache.noindex/Session.modulevalidation -Xcc -working-directory -Xcc /Users/benkohler/projekte/gym-app -enable-anonymous-context-mangled-names -file-compilation-dir /Users/benkohler/projekte/gym-app -Xcc -D_LIBCPP_HARDENING_MODE\=_LIBCPP_HARDENING_MODE_DEBUG -Xcc -ivfsstatcache -Xcc /Users/benkohler/Library/Developer/Xcode/DerivedData/SDKStatCaches.noindex/iphoneos26.0-23A339-81ce72e5b06c9602b9d30b56f2eed08a.sdkstatcache -Xcc -I/Users/benkohler/Library/Developer/Xcode/DerivedData/GymBo-dvwcdxgmvblbpbeitnwmqoicwfbl/Build/Intermediates.noindex/GymBo.build/Debug-iphoneos/GymBo.build/swift-overrides.hmap -Xcc -iquote -Xcc /Users/benkohler/Library/Developer/Xcode/DerivedData/GymBo-dvwcdxgmvblbpbeitnwmqoicwfbl/Build/Intermediates.noindex/GymBo.build/Debug-iphoneos/GymBo.build/GymBo-generated-files.hmap -Xcc -I/Users/benkohler/Library/Developer/Xcode/DerivedData/GymBo-dvwcdxgmvblbpbeitnwmqoicwfbl/Build/Intermediates.noindex/GymBo.build/Debug-iphoneos/GymBo.build/GymBo-own-target-headers.hmap -Xcc -I/Users/benkohler/Library/Developer/Xcode/DerivedData/GymBo-dvwcdxgmvblbpbeitnwmqoicwfbl/Build/Intermediates.noindex/GymBo.build/Debug-iphoneos/GymBo.build/GymBo-all-target-headers.hmap -Xcc -iquote -Xcc /Users/benkohler/Library/Developer/Xcode/DerivedData/GymBo-dvwcdxgmvblbpbeitnwmqoicwfbl/Build/Intermediates.noindex/GymBo.build/Debug-iphoneos/GymBo.build/GymBo-project-headers.hmap -Xcc -I/Users/benkohler/Library/Developer/Xcode/DerivedData/GymBo-dvwcdxgmvblbpbeitnwmqoicwfbl/Build/Products/Debug-iphoneos/include -Xcc -I/Users/benkohler/Library/Developer/Xcode/DerivedData/GymBo-dvwcdxgmvblbpbeitnwmqoicwfbl/Build/Intermediates.noindex/GymBo.build/Debug-iphoneos/GymBo.build/DerivedSources-normal/arm64 -Xcc -I/Users/benkohler/Library/Developer/Xcode/DerivedData/GymBo-dvwcdxgmvblbpbeitnwmqoicwfbl/Build/Intermediates.noindex/GymBo.build/Debug-iphoneos/GymBo.build/DerivedSources/arm64 -Xcc -I/Users/benkohler/Library/Developer/Xcode/DerivedData/GymBo-dvwcdxgmvblbpbeitnwmqoicwfbl/Build/Intermediates.noindex/GymBo.build/Debug-iphoneos/GymBo.build/DerivedSources -Xcc -DDEBUG\=1 -no-auto-bridging-header-chaining -module-name GymBo -frontend-parseable-output -disable-clang-spi -target-sdk-version 26.0 -target-sdk-name iphoneos26.0 -clang-target arm64-apple-ios26.0 -in-process-plugin-server-path /Applications/Xcode.app/Contents/Developer/Toolchains/XcodeDefault.xctoolchain/usr/lib/swift/host/libSwiftInProcPluginServer.dylib -o /Users/benkohler/Library/Developer/Xcode/DerivedData/GymBo-dvwcdxgmvblbpbeitnwmqoicwfbl/Build/Intermediates.noindex/GymBo.build/Debug-iphoneos/GymBo.build/Objects-normal/arm64/SessionDetailComponents.o -o /Users/benkohler/Library/Developer/Xcode/DerivedData/GymBo-dvwcdxgmvblbpbeitnwmqoicwfbl/Build/Intermediates.noindex/GymBo.build/Debug-iphoneos/GymBo.build/Objects-normal/arm64/Workout+SwiftDataMapping.o -o /Users/benkohler/Library/Developer/Xcode/DerivedData/GymBo-dvwcdxgmvblbpbeitnwmqoicwfbl/Build/Intermediates.noindex/GymBo.build/Debug-iphoneos/GymBo.build/Objects-normal/arm64/ContentView.o -o /Users/benkohler/Library/Developer/Xcode/DerivedData/GymBo-dvwcdxgmvblbpbeitnwmqoicwfbl/Build/Intermediates.noindex/GymBo.build/Debug-iphoneos/GymBo.build/Objects-normal/arm64/ExercisePickerView.o -o /Users/benkohler/Library/Developer/Xcode/DerivedData/GymBo-dvwcdxgmvblbpbeitnwmqoicwfbl/Build/Intermediates.noindex/GymBo.build/Debug-iphoneos/GymBo.build/Objects-normal/arm64/AddWorkoutView.o -o /Users/benkohler/Library/Developer/Xcode/DerivedData/GymBo-dvwcdxgmvblbpbeitnwmqoicwfbl/Build/Intermediates.noindex/GymBo.build/Debug-iphoneos/GymBo.build/Objects-normal/arm64/RestTimerExpiredOverlay.o -o /Users/benkohler/Library/Developer/Xcode/DerivedData/GymBo-dvwcdxgmvblbpbeitnwmqoicwfbl/Build/Intermediates.noindex/GymBo.build/Debug-iphoneos/GymBo.build/Objects-normal/arm64/AddFolderView.o -o /Users/benkohler/Library/Developer/Xcode/DerivedData/GymBo-dvwcdxgmvblbpbeitnwmqoicwfbl/Build/Intermediates.noindex/GymBo.build/Debug-iphoneos/GymBo.build/Objects-normal/arm64/HealthKitWorkoutTracker.o -o /Users/benkohler/Library/Developer/Xcode/DerivedData/GymBo-dvwcdxgmvblbpbeitnwmqoicwfbl/Build/Intermediates.noindex/GymBo.build/Debug-iphoneos/GymBo.build/Objects-normal/arm64/SettingsView.o -o /Users/benkohler/Library/Developer/Xcode/DerivedData/GymBo-dvwcdxgmvblbpbeitnwmqoicwfbl/Build/Intermediates.noindex/GymBo.build/Debug-iphoneos/GymBo.build/Objects-normal/arm64/SwiftDataSafeMapping.o -o /Users/benkohler/Library/Developer/Xcode/DerivedData/GymBo-dvwcdxgmvblbpbeitnwmqoicwfbl/Build/Intermediates.noindex/GymBo.build/Debug-iphoneos/GymBo.build/Objects-normal/arm64/SwiftDataMigration.o -o /Users/benkohler/Library/Developer/Xcode/DerivedData/GymBo-dvwcdxgmvblbpbeitnwmqoicwfbl/Build/Intermediates.noindex/GymBo.build/Debug-iphoneos/GymBo.build/Objects-normal/arm64/SwiftDataEntities.o -index-unit-output-path /GymBo.build/Debug-iphoneos/GymBo.build/Objects-normal/arm64/SessionDetailComponents.o -index-unit-output-path /GymBo.build/Debug-iphoneos/GymBo.build/Objects-normal/arm64/Workout+SwiftDataMapping.o -index-unit-output-path /GymBo.build/Debug-iphoneos/GymBo.build/Objects-normal/arm64/ContentView.o -index-unit-output-path /GymBo.build/Debug-iphoneos/GymBo.build/Objects-normal/arm64/ExercisePickerView.o -index-unit-output-path /GymBo.build/Debug-iphoneos/GymBo.build/Objects-normal/arm64/AddWorkoutView.o -index-unit-output-path /GymBo.build/Debug-iphoneos/GymBo.build/Objects-normal/arm64/RestTimerExpiredOverlay.o -index-unit-output-path /GymBo.build/Debug-iphoneos/GymBo.build/Objects-normal/arm64/AddFolderView.o -index-unit-output-path /GymBo.build/Debug-iphoneos/GymBo.build/Objects-normal/arm64/HealthKitWorkoutTracker.o -index-unit-output-path /GymBo.build/Debug-iphoneos/GymBo.build/Objects-normal/arm64/SettingsView.o -index-unit-output-path /GymBo.build/Debug-iphoneos/GymBo.build/Objects-normal/arm64/SwiftDataSafeMapping.o -index-unit-output-path /GymBo.build/Debug-iphoneos/GymBo.build/Objects-normal/arm64/SwiftDataMigration.o -index-unit-output-path /GymBo.build/Debug-iphoneos/GymBo.build/Objects-normal/arm64/SwiftDataEntities.o -index-store-path /Users/benkohler/Library/Developer/Xcode/DerivedData/GymBo-dvwcdxgmvblbpbeitnwmqoicwfbl/Index.noindex/DataStore -index-system-modules

SwiftCompile normal arm64 /Users/benkohler/projekte/gym-app/GymTracker/Views/SessionDetailComponents.swift (in target 'GymBo' from project 'GymBo')
    cd /Users/benkohler/projekte/gym-app
    

SwiftCompile normal arm64 /Users/benkohler/projekte/gym-app/GymTracker/Workout+SwiftDataMapping.swift (in target 'GymBo' from project 'GymBo')
    cd /Users/benkohler/projekte/gym-app
    

SwiftCompile normal arm64 /Users/benkohler/projekte/gym-app/GymTracker/ContentView.swift (in target 'GymBo' from project 'GymBo')
    cd /Users/benkohler/projekte/gym-app
    
/Users/benkohler/projekte/gym-app/GymTracker/ContentView.swift:247:43: error: cannot use optional chaining on non-optional value of type 'RestTimerStateManager'
        workoutStore.restTimerStateManager?.overlayManager = overlayManager
        ~~~~~~~~~~~~~~~~~~~~~~~~~~~~~~~~~~^
                                          
/Users/benkohler/projekte/gym-app/GymTracker/ContentView.swift:1529:40: warning: 'activeRestState' is deprecated: Use restTimerStateManager.currentState instead
        guard let state = workoutStore.activeRestState, state.workoutId == workout.id else {
                                       ^
/Users/benkohler/projekte/gym-app/GymTracker/ContentView.swift:1603:62: warning: 'darkPurple' is deprecated: Use deepBlue instead
                        colors: [AppTheme.deepBlue, AppTheme.darkPurple],
                                                             ^
/Users/benkohler/projekte/gym-app/GymTracker/ContentView.swift:2179:52: warning: 'darkPurple' is deprecated: Use deepBlue instead
                                    .fill(AppTheme.darkPurple)
                                                   ^

SwiftCompile normal arm64 /Users/benkohler/projekte/gym-app/GymTracker/Views/ExercisePickerView.swift (in target 'GymBo' from project 'GymBo')
    cd /Users/benkohler/projekte/gym-app
    

SwiftCompile normal arm64 /Users/benkohler/projekte/gym-app/GymTracker/Views/AddWorkoutView.swift (in target 'GymBo' from project 'GymBo')
    cd /Users/benkohler/projekte/gym-app
    

SwiftCompile normal arm64 /Users/benkohler/projekte/gym-app/GymTracker/Views/Overlays/RestTimerExpiredOverlay.swift (in target 'GymBo' from project 'GymBo')
    cd /Users/benkohler/projekte/gym-app
    

SwiftCompile normal arm64 /Users/benkohler/projekte/gym-app/GymTracker/Views/AddFolderView.swift (in target 'GymBo' from project 'GymBo')
    cd /Users/benkohler/projekte/gym-app
    

SwiftCompile normal arm64 /Users/benkohler/projekte/gym-app/GymTracker/HealthKitWorkoutTracker.swift (in target 'GymBo' from project 'GymBo')
    cd /Users/benkohler/projekte/gym-app
    

SwiftCompile normal arm64 /Users/benkohler/projekte/gym-app/GymTracker/Views/SettingsView.swift (in target 'GymBo' from project 'GymBo')
    cd /Users/benkohler/projekte/gym-app
    
/Users/benkohler/projekte/gym-app/GymTracker/Views/SettingsView.swift:244:56: warning: 'cancelRestEndNotification()' is deprecated: Use cancelNotifications() instead
                            NotificationManager.shared.cancelRestEndNotification()
                                                       ^
/Users/benkohler/projekte/gym-app/GymTracker/Views/SettingsView.swift:487:31: warning: result of call to 'parseStrongCSV(_:url:)' is unused
                    try await parseStrongCSV(content, url: url)
                              ^             ~~~~~~~~~~~~~~~~~~~
/Users/benkohler/projekte/gym-app/GymTracker/Views/SettingsView.swift:622:28: warning: no 'async' operations occur within 'await' expression
            let exercise = await workoutStore.exercise(named: name)
                           ^
/Users/benkohler/projekte/gym-app/GymTracker/Views/SettingsView.swift:790:44: warning: result of call to 'recordSession(_:to:)' is unused
                    try DataManager.shared.recordSession(session, to: context)
                                           ^            ~~~~~~~~~~~~~~~~~~~~~~
/Users/benkohler/projekte/gym-app/GymTracker/Views/SettingsView.swift:767:32: warning: no 'async' operations occur within 'await' expression
                let exercise = await workoutStore.exercise(named: exerciseName)
                               ^
/Users/benkohler/projekte/gym-app/GymTracker/Views/SettingsView.swift:992:44: warning: result of call to 'recordSession(_:to:)' is unused
                    try DataManager.shared.recordSession(session, to: context)
                                           ^            ~~~~~~~~~~~~~~~~~~~~~~
/Users/benkohler/projekte/gym-app/GymTracker/Views/SettingsView.swift:970:32: warning: no 'async' operations occur within 'await' expression
                let exercise = await workoutStore.exercise(named: exerciseName)
                               ^
/Users/benkohler/projekte/gym-app/GymTracker/Views/SettingsView.swift:1119:17: warning: variable 'line' was never mutated; consider changing to 'let' constant
            var line = rawLine
            ~~~ ^
            let

SwiftCompile normal arm64 /Users/benkohler/projekte/gym-app/GymTracker/SwiftDataSafeMapping.swift (in target 'GymBo' from project 'GymBo')
    cd /Users/benkohler/projekte/gym-app
    

SwiftCompile normal arm64 /Users/benkohler/projekte/gym-app/GymTracker/SwiftDataMigration.swift (in target 'GymBo' from project 'GymBo')
    cd /Users/benkohler/projekte/gym-app
    
/Users/benkohler/projekte/gym-app/GymTracker/SwiftDataMigration.swift:235:13: warning: variable 'migratedProfile' was written to, but never read
        var migratedProfile = false
            ^

SwiftCompile normal arm64 /Users/benkohler/projekte/gym-app/GymTracker/SwiftDataEntities.swift (in target 'GymBo' from project 'GymBo')
    cd /Users/benkohler/projekte/gym-app
    

SwiftDriverJobDiscovery normal arm64 Compiling WorkoutsView.swift, GymTrackerApp.swift, ExerciseDatabaseMigration.swift, RecoveryIndex.swift, ProgressionScore.swift, ExerciseHeaderWithLastUsed.swift, NotificationManager.swift, ExerciseLastUsedMigration.swift, AppLogger.swift, ExerciseLastUsedViews.swift, BackupManager.swift, ExerciseRecordViews.swift (in target 'GymBo' from project 'GymBo')

SwiftDriverJobDiscovery normal arm64 Compiling HealthKitManager.swift, SampleWorkoutMigrationPlan.swift, WorkoutSession.swift, SessionActionButton.swift, RestTimerStateManager.swift, WorkoutSeeder.swift, Workout.swift, AddExerciseView.swift, AppIconGenerator.swift, TipEngine.swift, TipFeedbackManager.swift, WeekComparison.swift (in target 'GymBo' from project 'GymBo')

RegisterExecutionPolicyException /Users/benkohler/Library/Developer/Xcode/DerivedData/GymBo-dvwcdxgmvblbpbeitnwmqoicwfbl/Build/Products/Debug-iphoneos/WorkoutWidgetsExtension.appex (in target 'WorkoutWidgetsExtension' from project 'GymBo')
    cd /Users/benkohler/projekte/gym-app
    builtin-RegisterExecutionPolicyException /Users/benkohler/Library/Developer/Xcode/DerivedData/GymBo-dvwcdxgmvblbpbeitnwmqoicwfbl/Build/Products/Debug-iphoneos/WorkoutWidgetsExtension.appex

Touch /Users/benkohler/Library/Developer/Xcode/DerivedData/GymBo-dvwcdxgmvblbpbeitnwmqoicwfbl/Build/Products/Debug-iphoneos/WorkoutWidgetsExtension.appex (in target 'WorkoutWidgetsExtension' from project 'GymBo')
    cd /Users/benkohler/projekte/gym-app
    /usr/bin/touch -c /Users/benkohler/Library/Developer/Xcode/DerivedData/GymBo-dvwcdxgmvblbpbeitnwmqoicwfbl/Build/Products/Debug-iphoneos/WorkoutWidgetsExtension.appex

ValidateDevelopmentAssets /Users/benkohler/Library/Developer/Xcode/DerivedData/GymBo-dvwcdxgmvblbpbeitnwmqoicwfbl/Build/Intermediates.noindex/GymBo.build/Debug-iphoneos/GymBo.build (in target 'GymBo' from project 'GymBo')
    cd /Users/benkohler/projekte/gym-app
    builtin-validate-development-assets --validate YES_ERROR /Users/benkohler/projekte/gym-app/GymTracker/Preview\ Content

Ld /Users/benkohler/Library/Developer/Xcode/DerivedData/GymBo-dvwcdxgmvblbpbeitnwmqoicwfbl/Build/Products/Debug-iphoneos/GymBo.app/__preview.dylib normal (in target 'GymBo' from project 'GymBo')
    cd /Users/benkohler/projekte/gym-app
    /Applications/Xcode.app/Contents/Developer/Toolchains/XcodeDefault.xctoolchain/usr/bin/clang -Xlinker -reproducible -target arm64-apple-ios17.0 -dynamiclib -isysroot /Applications/Xcode.app/Contents/Developer/Platforms/iPhoneOS.platform/Developer/SDKs/iPhoneOS26.0.sdk -O0 -L/Users/benkohler/Library/Developer/Xcode/DerivedData/GymBo-dvwcdxgmvblbpbeitnwmqoicwfbl/Build/Products/Debug-iphoneos -F/Users/benkohler/Library/Developer/Xcode/DerivedData/GymBo-dvwcdxgmvblbpbeitnwmqoicwfbl/Build/Products/Debug-iphoneos -install_name @rpath/GymBo.debug.dylib -dead_strip -rdynamic -Xlinker -no_deduplicate -Xlinker -debug_variant -Xlinker -dependency_info -Xlinker /Users/benkohler/Library/Developer/Xcode/DerivedData/GymBo-dvwcdxgmvblbpbeitnwmqoicwfbl/Build/Intermediates.noindex/GymBo.build/Debug-iphoneos/GymBo.build/Objects-normal/arm64/GymBo_dependency_info.dat -Xlinker -no_adhoc_codesign -o /Users/benkohler/Library/Developer/Xcode/DerivedData/GymBo-dvwcdxgmvblbpbeitnwmqoicwfbl/Build/Products/Debug-iphoneos/GymBo.app/__preview.dylib

CpResource /Users/benkohler/Library/Developer/Xcode/DerivedData/GymBo-dvwcdxgmvblbpbeitnwmqoicwfbl/Build/Products/Debug-iphoneos/GymBo.app/workouts_with_ids.csv /Users/benkohler/projekte/gym-app/GymTracker/workouts_with_ids.csv (in target 'GymBo' from project 'GymBo')
    cd /Users/benkohler/projekte/gym-app
    builtin-copy -exclude .DS_Store -exclude CVS -exclude .svn -exclude .git -exclude .hg -resolve-src-symlinks /Users/benkohler/projekte/gym-app/GymTracker/workouts_with_ids.csv /Users/benkohler/Library/Developer/Xcode/DerivedData/GymBo-dvwcdxgmvblbpbeitnwmqoicwfbl/Build/Products/Debug-iphoneos/GymBo.app

CpResource /Users/benkohler/Library/Developer/Xcode/DerivedData/GymBo-dvwcdxgmvblbpbeitnwmqoicwfbl/Build/Products/Debug-iphoneos/GymBo.app/exercises_with_ids.csv /Users/benkohler/projekte/gym-app/GymTracker/exercises_with_ids.csv (in target 'GymBo' from project 'GymBo')
    cd /Users/benkohler/projekte/gym-app
    builtin-copy -exclude .DS_Store -exclude CVS -exclude .svn -exclude .git -exclude .hg -resolve-src-symlinks /Users/benkohler/projekte/gym-app/GymTracker/exercises_with_ids.csv /Users/benkohler/Library/Developer/Xcode/DerivedData/GymBo-dvwcdxgmvblbpbeitnwmqoicwfbl/Build/Products/Debug-iphoneos/GymBo.app

CpResource /Users/benkohler/Library/Developer/Xcode/DerivedData/GymBo-dvwcdxgmvblbpbeitnwmqoicwfbl/Build/Products/Debug-iphoneos/GymBo.app/SoundTroubleshooting.md /Users/benkohler/projekte/gym-app/GymTracker/SoundTroubleshooting.md (in target 'GymBo' from project 'GymBo')
    cd /Users/benkohler/projekte/gym-app
    builtin-copy -exclude .DS_Store -exclude CVS -exclude .svn -exclude .git -exclude .hg -resolve-src-symlinks /Users/benkohler/projekte/gym-app/GymTracker/SoundTroubleshooting.md /Users/benkohler/Library/Developer/Xcode/DerivedData/GymBo-dvwcdxgmvblbpbeitnwmqoicwfbl/Build/Products/Debug-iphoneos/GymBo.app

CpResource /Users/benkohler/Library/Developer/Xcode/DerivedData/GymBo-dvwcdxgmvblbpbeitnwmqoicwfbl/Build/Products/Debug-iphoneos/GymBo.app/KEYBOARD_DISMISSAL_GUIDE.md /Users/benkohler/projekte/gym-app/GymTracker/KEYBOARD_DISMISSAL_GUIDE.md (in target 'GymBo' from project 'GymBo')
    cd /Users/benkohler/projekte/gym-app
    builtin-copy -exclude .DS_Store -exclude CVS -exclude .svn -exclude .git -exclude .hg -resolve-src-symlinks /Users/benkohler/projekte/gym-app/GymTracker/KEYBOARD_DISMISSAL_GUIDE.md /Users/benkohler/Library/Developer/Xcode/DerivedData/GymBo-dvwcdxgmvblbpbeitnwmqoicwfbl/Build/Products/Debug-iphoneos/GymBo.app

CpResource /Users/benkohler/Library/Developer/Xcode/DerivedData/GymBo-dvwcdxgmvblbpbeitnwmqoicwfbl/Build/Products/Debug-iphoneos/GymBo.app/HealthKit_Integration_README.md /Users/benkohler/projekte/gym-app/GymTracker/HealthKit_Integration_README.md (in target 'GymBo' from project 'GymBo')
    cd /Users/benkohler/projekte/gym-app
    builtin-copy -exclude .DS_Store -exclude CVS -exclude .svn -exclude .git -exclude .hg -resolve-src-symlinks /Users/benkohler/projekte/gym-app/GymTracker/HealthKit_Integration_README.md /Users/benkohler/Library/Developer/Xcode/DerivedData/GymBo-dvwcdxgmvblbpbeitnwmqoicwfbl/Build/Products/Debug-iphoneos/GymBo.app

CpResource /Users/benkohler/Library/Developer/Xcode/DerivedData/GymBo-dvwcdxgmvblbpbeitnwmqoicwfbl/Build/Products/Debug-iphoneos/GymBo.app/591279__awchacon__go.wav /Users/benkohler/projekte/gym-app/GymTracker/591279__awchacon__go.wav (in target 'GymBo' from project 'GymBo')
    cd /Users/benkohler/projekte/gym-app
    builtin-copy -exclude .DS_Store -exclude CVS -exclude .svn -exclude .git -exclude .hg -resolve-src-symlinks /Users/benkohler/projekte/gym-app/GymTracker/591279__awchacon__go.wav /Users/benkohler/Library/Developer/Xcode/DerivedData/GymBo-dvwcdxgmvblbpbeitnwmqoicwfbl/Build/Products/Debug-iphoneos/GymBo.app

SwiftDriverJobDiscovery normal arm64 Compiling RestTimerState.swift, InAppOverlayManager.swift, WorkoutAnalyzer.swift, HealthKitSetup.swift, RecoveryCard.swift, MuscleDistributionCard.swift, WeeklySetsCard.swift, ProgressionScoreCard.swift, TopPRsCard.swift, TimerEngine.swift, ExercisesView.swift, SessionDetailView.swift (in target 'GymBo' from project 'GymBo')

SwiftDriverJobDiscovery normal arm64 Compiling SessionStatistics.swift, SmartTipsCard.swift, WeekComparisonCard.swift, ProfileView.swift, DataManager.swift, ExerciseSwapView.swift, SpeechRecognizer.swift, WorkoutStore.swift, NotificationSoundSettings.swift, ExerciseRecord.swift, ProfilePersistenceHelper.swift, WorkoutRepository.swift (in target 'GymBo' from project 'GymBo')

SwiftDriverJobDiscovery normal arm64 Compiling SoundPlayer.swift, AppLayout.swift, TrainingTip.swift, Color+Theme.swift, UserProfile.swift, WorkoutActivityAttributes.swift, HapticManager.swift, ProfileEditView.swift, WorkoutLiveActivityController.swift, ExerciseRecordMigration.swift, WorkoutActionButton.swift, KeyboardDismissalUtilities.swift, ExerciseMarkdownParser.swift (in target 'GymBo' from project 'GymBo')

SwiftDriverJobDiscovery normal arm64 Compiling BackupView.swift, Exercise.swift, HealthKitSetupView.swift, WorkoutDetailView.swift, ExerciseSeeder.swift, RestTimerOverlayProtocol.swift, Theme.swift, StartView.swift, HeartRateView.swift, EditWorkoutView.swift, EditExerciseView.swift, AudioManager.swift (in target 'GymBo' from project 'GymBo')

LinkAssetCatalog /Users/benkohler/projekte/gym-app/GymTracker/Preview\ Content/Preview\ Assets.xcassets /Users/benkohler/projekte/gym-app/GymTracker/Assets.xcassets (in target 'GymBo' from project 'GymBo')
    cd /Users/benkohler/projekte/gym-app
    builtin-linkAssetCatalog --thinned /Users/benkohler/Library/Developer/Xcode/DerivedData/GymBo-dvwcdxgmvblbpbeitnwmqoicwfbl/Build/Intermediates.noindex/GymBo.build/Debug-iphoneos/GymBo.build/assetcatalog_output/thinned --thinned-dependencies /Users/benkohler/Library/Developer/Xcode/DerivedData/GymBo-dvwcdxgmvblbpbeitnwmqoicwfbl/Build/Intermediates.noindex/GymBo.build/Debug-iphoneos/GymBo.build/assetcatalog_dependencies_thinned --thinned-info-plist-content /Users/benkohler/Library/Developer/Xcode/DerivedData/GymBo-dvwcdxgmvblbpbeitnwmqoicwfbl/Build/Intermediates.noindex/GymBo.build/Debug-iphoneos/GymBo.build/assetcatalog_generated_info.plist_thinned --unthinned /Users/benkohler/Library/Developer/Xcode/DerivedData/GymBo-dvwcdxgmvblbpbeitnwmqoicwfbl/Build/Intermediates.noindex/GymBo.build/Debug-iphoneos/GymBo.build/assetcatalog_output/unthinned --unthinned-dependencies /Users/benkohler/Library/Developer/Xcode/DerivedData/GymBo-dvwcdxgmvblbpbeitnwmqoicwfbl/Build/Intermediates.noindex/GymBo.build/Debug-iphoneos/GymBo.build/assetcatalog_dependencies_unthinned --unthinned-info-plist-content /Users/benkohler/Library/Developer/Xcode/DerivedData/GymBo-dvwcdxgmvblbpbeitnwmqoicwfbl/Build/Intermediates.noindex/GymBo.build/Debug-iphoneos/GymBo.build/assetcatalog_generated_info.plist_unthinned --output /Users/benkohler/Library/Developer/Xcode/DerivedData/GymBo-dvwcdxgmvblbpbeitnwmqoicwfbl/Build/Products/Debug-iphoneos/GymBo.app --plist-output /Users/benkohler/Library/Developer/Xcode/DerivedData/GymBo-dvwcdxgmvblbpbeitnwmqoicwfbl/Build/Intermediates.noindex/GymBo.build/Debug-iphoneos/GymBo.build/assetcatalog_generated_info.plist
note: Emplaced /Users/benkohler/Library/Developer/Xcode/DerivedData/GymBo-dvwcdxgmvblbpbeitnwmqoicwfbl/Build/Products/Debug-iphoneos/GymBo.app/AppIcon76x76@2x~ipad.png (in target 'GymBo' from project 'GymBo')
note: Emplaced /Users/benkohler/Library/Developer/Xcode/DerivedData/GymBo-dvwcdxgmvblbpbeitnwmqoicwfbl/Build/Products/Debug-iphoneos/GymBo.app/AppIcon60x60@2x.png (in target 'GymBo' from project 'GymBo')
note: Emplaced /Users/benkohler/Library/Developer/Xcode/DerivedData/GymBo-dvwcdxgmvblbpbeitnwmqoicwfbl/Build/Products/Debug-iphoneos/GymBo.app/Assets.car (in target 'GymBo' from project 'GymBo')

warning: Skipping duplicate build file in Compile Sources build phase: /Users/benkohler/projekte/gym-app/GymTracker/Views/Components/RecoveryCard.swift (in target 'GymBo' from project 'GymBo')
** BUILD FAILED **


The following build commands failed:
	SwiftCompile normal arm64 Compiling\ SessionDetailComponents.swift,\ Workout+SwiftDataMapping.swift,\ ContentView.swift,\ ExercisePickerView.swift,\ AddWorkoutView.swift,\ RestTimerExpiredOverlay.swift,\ AddFolderView.swift,\ HealthKitWorkoutTracker.swift,\ SettingsView.swift,\ SwiftDataSafeMapping.swift,\ SwiftDataMigration.swift,\ SwiftDataEntities.swift /Users/benkohler/projekte/gym-app/GymTracker/Views/SessionDetailComponents.swift /Users/benkohler/projekte/gym-app/GymTracker/Workout+SwiftDataMapping.swift /Users/benkohler/projekte/gym-app/GymTracker/ContentView.swift /Users/benkohler/projekte/gym-app/GymTracker/Views/ExercisePickerView.swift /Users/benkohler/projekte/gym-app/GymTracker/Views/AddWorkoutView.swift /Users/benkohler/projekte/gym-app/GymTracker/Views/Overlays/RestTimerExpiredOverlay.swift /Users/benkohler/projekte/gym-app/GymTracker/Views/AddFolderView.swift /Users/benkohler/projekte/gym-app/GymTracker/HealthKitWorkoutTracker.swift /Users/benkohler/projekte/gym-app/GymTracker/Views/SettingsView.swift /Users/benkohler/projekte/gym-app/GymTracker/SwiftDataSafeMapping.swift /Users/benkohler/projekte/gym-app/GymTracker/SwiftDataMigration.swift /Users/benkohler/projekte/gym-app/GymTracker/SwiftDataEntities.swift (in target 'GymBo' from project 'GymBo')
	SwiftCompile normal arm64 /Users/benkohler/projekte/gym-app/GymTracker/ContentView.swift (in target 'GymBo' from project 'GymBo')
	Building project GymBo with scheme GymTracker
(3 failures)
